14:58:14 **** Incremental Build of configuration Debug for project rtostest ****
make -j16 all 
arm-none-eabi-gcc "../Core/Src/main.c" -mcpu=cortex-m4 -std=gnu11 -g3 -DDEBUG -DUSE_HAL_DRIVER -DSTM32F407xx -c -I../Core/Inc -I"C:/Users/haosh/Desktop/MDP-main/STM/_RunHerez/rtostest/PeripheralDriver/Inc" -I../Drivers/STM32F4xx_HAL_Driver/Inc -I../Drivers/STM32F4xx_HAL_Driver/Inc/Legacy -I../Drivers/CMSIS/Device/ST/STM32F4xx/Include -I../Drivers/CMSIS/Include -I../Middlewares/Third_Party/FreeRTOS/Source/include -I../Middlewares/Third_Party/FreeRTOS/Source/CMSIS_RTOS_V2 -I../Middlewares/Third_Party/FreeRTOS/Source/portable/GCC/ARM_CM4F -O0 -ffunction-sections -fdata-sections -Wall -fstack-usage -fcyclomatic-complexity -MMD -MP -MF"Core/Src/main.d" -MT"Core/Src/main.o" --specs=nano.specs -mfpu=fpv4-sp-d16 -mfloat-abi=hard -mthumb -o "Core/Src/main.o"
../Core/Src/main.c: In function 'moveCarSlideRight':
../Core/Src/main.c:1015:15: warning: implicit declaration of function 'finishCheck' [-Wimplicit-function-declaration]
 1015 |         while(finishCheck());
      |               ^~~~~~~~~~~
../Core/Src/main.c: In function 'moveCarRight90':
../Core/Src/main.c:1052:13: warning: variable 'sign' set but not used [-Wunused-but-set-variable]
 1052 |         int sign = 1;
      |             ^~~~
../Core/Src/main.c: In function 'moveCarLeft90':
../Core/Src/main.c:1074:13: warning: variable 'sign' set but not used [-Wunused-but-set-variable]
 1074 |         int sign = 1;
      |             ^~~~
../Core/Src/main.c: In function 'PID_Control':
../Core/Src/main.c:1176:17: warning: implicit declaration of function 'abs' [-Wimplicit-function-declaration]
 1176 |         error = abs(error);
      |                 ^~~
../Core/Src/main.c:28:1: note: include '<stdlib.h>' or provide a declaration of 'abs'
   27 | #include "ICM20948.h"
  +++ |+#include <stdlib.h>
   28 | /* USER CODE END Includes */
../Core/Src/main.c: In function 'StartDefaultTask':
../Core/Src/main.c:1307:11: warning: unused variable 'ch' [-Wunused-variable]
 1307 |   uint8_t ch = 'A';
      |           ^~
../Core/Src/main.c:1302:17: warning: unused variable 'msg' [-Wunused-variable]
 1302 |         uint8_t msg [20];
      |                 ^~~
../Core/Src/main.c: In function 'StartOledTask':
../Core/Src/main.c:1471:17: warning: pointer targets in passing argument 1 of 'sprintf' differ in signedness [-Wpointer-sign]
 1471 |         sprintf(hello, "gyro: %d\0", total_angle);
      |                 ^~~~~
      |                 |
      |                 uint8_t * {aka unsigned char *}
In file included from C:/Users/haosh/Desktop/MDP-main/STM/_RunHerez/rtostest/PeripheralDriver/Inc/ICM20948.h:4,
                 from ../Core/Src/main.c:27:
D:\UsefulSoftware\STM32CubeIDE_1.13.1\STM32CubeIDE\plugins\com.st.stm32cube.ide.mcu.externaltools.gnu-tools-for-stm32.11.3.rel1.win32_1.1.0.202305231506\tools\bin/../lib/gcc/arm-none-eabi/11.3.1/../../../../arm-none-eabi/include/stdio.h:254:18: note: expected 'char * restrict' but argument is of type 'uint8_t *' {aka 'unsigned char *'}
  254 | int     sprintf (char *__restrict, const char *__restrict, ...)
      |                  ^
../Core/Src/main.c:1471:32: warning: format '%d' expects argument of type 'int', but argument 3 has type 'double' [-Wformat=]
 1471 |         sprintf(hello, "gyro: %d\0", total_angle);
      |                               ~^     ~~~~~~~~~~~
      |                                |     |
      |                                int   double
      |                               %f
../Core/Src/main.c:1471:33: warning: embedded '\0' in format [-Wformat-contains-nul]
 1471 |         sprintf(hello, "gyro: %d\0", total_angle);
      |                                 ^~
../Core/Src/main.c:1463:17: warning: unused variable 'debugMsg' [-Wunused-variable]
 1463 |         uint8_t debugMsg[20] = "hello\0";
      |                 ^~~~~~~~
../Core/Src/main.c:1462:17: warning: unused variable 'check' [-Wunused-variable]
 1462 |         uint8_t check[20] = {0};
      |                 ^~~~~
../Core/Src/main.c:1461:17: warning: unused variable 'motorD' [-Wunused-variable]
 1461 |         uint8_t motorD[20] = {0};
      |                 ^~~~~~
../Core/Src/main.c:1460:17: warning: unused variable 'righty' [-Wunused-variable]
 1460 |         uint8_t righty[20] = {0};
      |                 ^~~~~~
../Core/Src/main.c:1459:17: warning: unused variable 'lefty' [-Wunused-variable]
 1459 |         uint8_t lefty[20] = {0};
      |                 ^~~~~
../Core/Src/main.c:1458:17: warning: unused variable 'clear' [-Wunused-variable]
 1458 |         uint8_t clear[20] = {0};
      |                 ^~~~~
../Core/Src/main.c: In function 'StartRpiTask':
../Core/Src/main.c:1532:14: warning: variable 'old' set but not used [-Wunused-but-set-variable]
 1532 |         char old = ')';
      |              ^~~
../Core/Src/main.c: In function 'StartBulleyesTask':
../Core/Src/main.c:1762:13: warning: unused variable 'i' [-Wunused-variable]
 1762 |         int i=0;
      |             ^
../Core/Src/main.c: In function 'show':
../Core/Src/main.c:1961:17: warning: pointer targets in passing argument 1 of 'sprintf' differ in signedness [-Wpointer-sign]
 1961 |         sprintf(hello, "buffer: %s\0", aRxBuffer);
      |                 ^~~~~
      |                 |
      |                 uint8_t * {aka unsigned char *}
In file included from C:/Users/haosh/Desktop/MDP-main/STM/_RunHerez/rtostest/PeripheralDriver/Inc/ICM20948.h:4,
                 from ../Core/Src/main.c:27:
D:\UsefulSoftware\STM32CubeIDE_1.13.1\STM32CubeIDE\plugins\com.st.stm32cube.ide.mcu.externaltools.gnu-tools-for-stm32.11.3.rel1.win32_1.1.0.202305231506\tools\bin/../lib/gcc/arm-none-eabi/11.3.1/../../../../arm-none-eabi/include/stdio.h:254:18: note: expected 'char * restrict' but argument is of type 'uint8_t *' {aka 'unsigned char *'}
  254 | int     sprintf (char *__restrict, const char *__restrict, ...)
      |                  ^
../Core/Src/main.c:1961:35: warning: embedded '\0' in format [-Wformat-contains-nul]
 1961 |         sprintf(hello, "buffer: %s\0", aRxBuffer);
      |                                   ^~
../Core/Src/main.c:1963:17: warning: pointer targets in passing argument 1 of 'sprintf' differ in signedness [-Wpointer-sign]
 1963 |         sprintf(hello, "GyroZ: %d\0", (int)gyroZ);
      |                 ^~~~~
      |                 |
      |                 uint8_t * {aka unsigned char *}
In file included from C:/Users/haosh/Desktop/MDP-main/STM/_RunHerez/rtostest/PeripheralDriver/Inc/ICM20948.h:4,
                 from ../Core/Src/main.c:27:
D:\UsefulSoftware\STM32CubeIDE_1.13.1\STM32CubeIDE\plugins\com.st.stm32cube.ide.mcu.externaltools.gnu-tools-for-stm32.11.3.rel1.win32_1.1.0.202305231506\tools\bin/../lib/gcc/arm-none-eabi/11.3.1/../../../../arm-none-eabi/include/stdio.h:254:18: note: expected 'char * restrict' but argument is of type 'uint8_t *' {aka 'unsigned char *'}
  254 | int     sprintf (char *__restrict, const char *__restrict, ...)
      |                  ^
../Core/Src/main.c:1963:34: warning: embedded '\0' in format [-Wformat-contains-nul]
 1963 |         sprintf(hello, "GyroZ: %d\0", (int)gyroZ);
      |                                  ^~
../Core/Src/main.c:1965:17: warning: pointer targets in passing argument 1 of 'sprintf' differ in signedness [-Wpointer-sign]
 1965 |         sprintf(hello, "totA: %d\0", (int)total_angle);
      |                 ^~~~~
      |                 |
      |                 uint8_t * {aka unsigned char *}
In file included from C:/Users/haosh/Desktop/MDP-main/STM/_RunHerez/rtostest/PeripheralDriver/Inc/ICM20948.h:4,
                 from ../Core/Src/main.c:27:
D:\UsefulSoftware\STM32CubeIDE_1.13.1\STM32CubeIDE\plugins\com.st.stm32cube.ide.mcu.externaltools.gnu-tools-for-stm32.11.3.rel1.win32_1.1.0.202305231506\tools\bin/../lib/gcc/arm-none-eabi/11.3.1/../../../../arm-none-eabi/include/stdio.h:254:18: note: expected 'char * restrict' but argument is of type 'uint8_t *' {aka 'unsigned char *'}
  254 | int     sprintf (char *__restrict, const char *__restrict, ...)
      |                  ^
../Core/Src/main.c:1965:33: warning: embedded '\0' in format [-Wformat-contains-nul]
 1965 |         sprintf(hello, "totA: %d\0", (int)total_angle);
      |                                 ^~
../Core/Src/main.c:1961:33: warning: '%s' directive writing up to 19 bytes into a region of size 12 [-Wformat-overflow=]
 1961 |         sprintf(hello, "buffer: %s\0", aRxBuffer);
      |                                 ^~     ~~~~~~~~~
../Core/Src/main.c:1961:9: note: 'sprintf' output between 9 and 28 bytes into a destination of size 20
 1961 |         sprintf(hello, "buffer: %s\0", aRxBuffer);
      |         ^~~~~~~~~~~~~~~~~~~~~~~~~~~~~~~~~~~~~~~~~
arm-none-eabi-gcc -o "rtostest.elf" @"objects.list"   -mcpu=cortex-m4 -T"C:\Users\haosh\Desktop\MDP-main\STM\_RunHerez\rtostest\STM32F407VETX_FLASH.ld" --specs=nosys.specs -Wl,-Map="rtostest.map" -Wl,--gc-sections -static -u_printf_float --specs=nano.specs -mfpu=fpv4-sp-d16 -mfloat-abi=hard -mthumb -Wl,--start-group -lc -lm -Wl,--end-group
Finished building target: rtostest.elf
 
arm-none-eabi-size   rtostest.elf 
arm-none-eabi-objdump -h -S  rtostest.elf  > "rtostest.list"
arm-none-eabi-objcopy  -O ihex  rtostest.elf  "rtostest.hex"
   text	   data	    bss	    dec	    hex	filename
  63272	    484	  22528	  86284	  1510c	rtostest.elf
Finished building: default.size.stdout
 
Finished building: rtostest.hex
 
Finished building: rtostest.list
 

14:58:15 Build Finished. 0 errors, 24 warnings. (took 1s.77ms)

