Archive member included to satisfy reference by file (symbol)

D:/stm32cube/STM32CubeIDE/plugins/com.st.stm32cube.ide.mcu.externaltools.gnu-tools-for-stm32.11.3.rel1.win32_1.1.0.202305231506/tools/bin/../lib/gcc/arm-none-eabi/11.3.1/../../../../arm-none-eabi/lib/thumb/v7e-m+fp/hard\libc_nano.a(libc_a-exit.o)
                              D:/stm32cube/STM32CubeIDE/plugins/com.st.stm32cube.ide.mcu.externaltools.gnu-tools-for-stm32.11.3.rel1.win32_1.1.0.202305231506/tools/bin/../lib/gcc/arm-none-eabi/11.3.1/../../../../arm-none-eabi/lib/thumb/v7e-m+fp/hard/crt0.o (exit)
D:/stm32cube/STM32CubeIDE/plugins/com.st.stm32cube.ide.mcu.externaltools.gnu-tools-for-stm32.11.3.rel1.win32_1.1.0.202305231506/tools/bin/../lib/gcc/arm-none-eabi/11.3.1/../../../../arm-none-eabi/lib/thumb/v7e-m+fp/hard\libc_nano.a(libc_a-findfp.o)
                              D:/stm32cube/STM32CubeIDE/plugins/com.st.stm32cube.ide.mcu.externaltools.gnu-tools-for-stm32.11.3.rel1.win32_1.1.0.202305231506/tools/bin/../lib/gcc/arm-none-eabi/11.3.1/../../../../arm-none-eabi/lib/thumb/v7e-m+fp/hard\libc_nano.a(libc_a-exit.o) (__stdio_exit_handler)
D:/stm32cube/STM32CubeIDE/plugins/com.st.stm32cube.ide.mcu.externaltools.gnu-tools-for-stm32.11.3.rel1.win32_1.1.0.202305231506/tools/bin/../lib/gcc/arm-none-eabi/11.3.1/../../../../arm-none-eabi/lib/thumb/v7e-m+fp/hard\libc_nano.a(libc_a-fwalk.o)
                              D:/stm32cube/STM32CubeIDE/plugins/com.st.stm32cube.ide.mcu.externaltools.gnu-tools-for-stm32.11.3.rel1.win32_1.1.0.202305231506/tools/bin/../lib/gcc/arm-none-eabi/11.3.1/../../../../arm-none-eabi/lib/thumb/v7e-m+fp/hard\libc_nano.a(libc_a-findfp.o) (_fwalk_sglue)
D:/stm32cube/STM32CubeIDE/plugins/com.st.stm32cube.ide.mcu.externaltools.gnu-tools-for-stm32.11.3.rel1.win32_1.1.0.202305231506/tools/bin/../lib/gcc/arm-none-eabi/11.3.1/../../../../arm-none-eabi/lib/thumb/v7e-m+fp/hard\libc_nano.a(libc_a-sprintf.o)
                              ./Core/Src/main.o (sprintf)
D:/stm32cube/STM32CubeIDE/plugins/com.st.stm32cube.ide.mcu.externaltools.gnu-tools-for-stm32.11.3.rel1.win32_1.1.0.202305231506/tools/bin/../lib/gcc/arm-none-eabi/11.3.1/../../../../arm-none-eabi/lib/thumb/v7e-m+fp/hard\libc_nano.a(libc_a-stdio.o)
                              D:/stm32cube/STM32CubeIDE/plugins/com.st.stm32cube.ide.mcu.externaltools.gnu-tools-for-stm32.11.3.rel1.win32_1.1.0.202305231506/tools/bin/../lib/gcc/arm-none-eabi/11.3.1/../../../../arm-none-eabi/lib/thumb/v7e-m+fp/hard\libc_nano.a(libc_a-findfp.o) (__sread)
D:/stm32cube/STM32CubeIDE/plugins/com.st.stm32cube.ide.mcu.externaltools.gnu-tools-for-stm32.11.3.rel1.win32_1.1.0.202305231506/tools/bin/../lib/gcc/arm-none-eabi/11.3.1/../../../../arm-none-eabi/lib/thumb/v7e-m+fp/hard\libc_nano.a(libc_a-memset.o)
                              D:/stm32cube/STM32CubeIDE/plugins/com.st.stm32cube.ide.mcu.externaltools.gnu-tools-for-stm32.11.3.rel1.win32_1.1.0.202305231506/tools/bin/../lib/gcc/arm-none-eabi/11.3.1/../../../../arm-none-eabi/lib/thumb/v7e-m+fp/hard/crt0.o (memset)
D:/stm32cube/STM32CubeIDE/plugins/com.st.stm32cube.ide.mcu.externaltools.gnu-tools-for-stm32.11.3.rel1.win32_1.1.0.202305231506/tools/bin/../lib/gcc/arm-none-eabi/11.3.1/../../../../arm-none-eabi/lib/thumb/v7e-m+fp/hard\libc_nano.a(libc_a-closer.o)
                              D:/stm32cube/STM32CubeIDE/plugins/com.st.stm32cube.ide.mcu.externaltools.gnu-tools-for-stm32.11.3.rel1.win32_1.1.0.202305231506/tools/bin/../lib/gcc/arm-none-eabi/11.3.1/../../../../arm-none-eabi/lib/thumb/v7e-m+fp/hard\libc_nano.a(libc_a-stdio.o) (_close_r)
D:/stm32cube/STM32CubeIDE/plugins/com.st.stm32cube.ide.mcu.externaltools.gnu-tools-for-stm32.11.3.rel1.win32_1.1.0.202305231506/tools/bin/../lib/gcc/arm-none-eabi/11.3.1/../../../../arm-none-eabi/lib/thumb/v7e-m+fp/hard\libc_nano.a(libc_a-reent.o)
                              D:/stm32cube/STM32CubeIDE/plugins/com.st.stm32cube.ide.mcu.externaltools.gnu-tools-for-stm32.11.3.rel1.win32_1.1.0.202305231506/tools/bin/../lib/gcc/arm-none-eabi/11.3.1/../../../../arm-none-eabi/lib/thumb/v7e-m+fp/hard\libc_nano.a(libc_a-closer.o) (errno)
D:/stm32cube/STM32CubeIDE/plugins/com.st.stm32cube.ide.mcu.externaltools.gnu-tools-for-stm32.11.3.rel1.win32_1.1.0.202305231506/tools/bin/../lib/gcc/arm-none-eabi/11.3.1/../../../../arm-none-eabi/lib/thumb/v7e-m+fp/hard\libc_nano.a(libc_a-impure.o)
                              D:/stm32cube/STM32CubeIDE/plugins/com.st.stm32cube.ide.mcu.externaltools.gnu-tools-for-stm32.11.3.rel1.win32_1.1.0.202305231506/tools/bin/../lib/gcc/arm-none-eabi/11.3.1/../../../../arm-none-eabi/lib/thumb/v7e-m+fp/hard\libc_nano.a(libc_a-sprintf.o) (_impure_ptr)
D:/stm32cube/STM32CubeIDE/plugins/com.st.stm32cube.ide.mcu.externaltools.gnu-tools-for-stm32.11.3.rel1.win32_1.1.0.202305231506/tools/bin/../lib/gcc/arm-none-eabi/11.3.1/../../../../arm-none-eabi/lib/thumb/v7e-m+fp/hard\libc_nano.a(libc_a-lseekr.o)
[...]
Memory Configuration

Name             Origin             Length             Attributes
CCMRAM           0x0000000010000000 0x0000000000010000 xrw
RAM              0x0000000020000000 0x0000000000020000 xrw
FLASH            0x0000000008000000 0x0000000000080000 xr
*default*        0x0000000000000000 0xffffffffffffffff

Linker script and memory map

LOAD D:/stm32cube/STM32CubeIDE/plugins/com.st.stm32cube.ide.mcu.externaltools.gnu-tools-for-stm32.11.3.rel1.win32_1.1.0.202305231506/tools/bin/../lib/gcc/arm-none-eabi/11.3.1/thumb/v7e-m+fp/hard/crti.o
LOAD D:/stm32cube/STM32CubeIDE/plugins/com.st.stm32cube.ide.mcu.externaltools.gnu-tools-for-stm32.11.3.rel1.win32_1.1.0.202305231506/tools/bin/../lib/gcc/arm-none-eabi/11.3.1/thumb/v7e-m+fp/hard/crtbegin.o
LOAD D:/stm32cube/STM32CubeIDE/plugins/com.st.stm32cube.ide.mcu.externaltools.gnu-tools-for-stm32.11.3.rel1.win32_1.1.0.202305231506/tools/bin/../lib/gcc/arm-none-eabi/11.3.1/../../../../arm-none-eabi/lib/thumb/v7e-m+fp/hard/crt0.o
LOAD ./Core/Src/freertos.o
LOAD ./Core/Src/main.o
LOAD ./Core/Src/stm32f4xx_hal_msp.o
LOAD ./Core/Src/stm32f4xx_hal_timebase_tim.o
LOAD ./Core/Src/stm32f4xx_it.o
LOAD ./Core/Src/syscalls.o
LOAD ./Core/Src/sysmem.o
LOAD ./Core/Src/system_stm32f4xx.o
LOAD ./Core/Startup/startup_stm32f407vetx.o
LOAD ./Drivers/STM32F4xx_HAL_Driver/Src/stm32f4xx_hal.o
LOAD ./Drivers/STM32F4xx_HAL_Driver/Src/stm32f4xx_hal_adc.o
LOAD ./Drivers/STM32F4xx_HAL_Driver/Src/stm32f4xx_hal_adc_ex.o
LOAD ./Drivers/STM32F4xx_HAL_Driver/Src/stm32f4xx_hal_cortex.o
LOAD ./Drivers/STM32F4xx_HAL_Driver/Src/stm32f4xx_hal_dma.o
LOAD ./Drivers/STM32F4xx_HAL_Driver/Src/stm32f4xx_hal_dma_ex.o
LOAD ./Drivers/STM32F4xx_HAL_Driver/Src/stm32f4xx_hal_exti.o
LOAD ./Drivers/STM32F4xx_HAL_Driver/Src/stm32f4xx_hal_flash.o
LOAD ./Drivers/STM32F4xx_HAL_Driver/Src/stm32f4xx_hal_flash_ex.o
LOAD ./Drivers/STM32F4xx_HAL_Driver/Src/stm32f4xx_hal_flash_ramfunc.o
LOAD ./Drivers/STM32F4xx_HAL_Driver/Src/stm32f4xx_hal_gpio.o
LOAD ./Drivers/STM32F4xx_HAL_Driver/Src/stm32f4xx_hal_i2c.o
LOAD ./Drivers/STM32F4xx_HAL_Driver/Src/stm32f4xx_hal_i2c_ex.o
LOAD ./Drivers/STM32F4xx_HAL_Driver/Src/stm32f4xx_hal_pwr.o
LOAD ./Drivers/STM32F4xx_HAL_Driver/Src/stm32f4xx_hal_pwr_ex.o
LOAD ./Drivers/STM32F4xx_HAL_Driver/Src/stm32f4xx_hal_rcc.o
LOAD ./Drivers/STM32F4xx_HAL_Driver/Src/stm32f4xx_hal_rcc_ex.o
LOAD ./Drivers/STM32F4xx_HAL_Driver/Src/stm32f4xx_hal_tim.o
LOAD ./Drivers/STM32F4xx_HAL_Driver/Src/stm32f4xx_hal_tim_ex.o
LOAD ./Drivers/STM32F4xx_HAL_Driver/Src/stm32f4xx_hal_uart.o
LOAD ./Drivers/STM32F4xx_HAL_Driver/Src/stm32f4xx_ll_adc.o
LOAD ./Middlewares/Third_Party/FreeRTOS/Source/CMSIS_RTOS_V2/cmsis_os2.o
LOAD ./Middlewares/Third_Party/FreeRTOS/Source/croutine.o
LOAD ./Middlewares/Third_Party/FreeRTOS/Source/event_groups.o
LOAD ./Middlewares/Third_Party/FreeRTOS/Source/list.o
LOAD ./Middlewares/Third_Party/FreeRTOS/Source/queue.o
LOAD ./Middlewares/Third_Party/FreeRTOS/Source/stream_buffer.o
LOAD ./Middlewares/Third_Party/FreeRTOS/Source/tasks.o
LOAD ./Middlewares/Third_Party/FreeRTOS/Source/timers.o
LOAD ./Middlewares/Third_Party/FreeRTOS/Source/portable/GCC/ARM_CM4F/port.o
LOAD ./Middlewares/Third_Party/FreeRTOS/Source/portable/MemMang/heap_4.o
LOAD ./PeripheralDriver/Src/ICM20948.o
LOAD ./PeripheralDriver/Src/oled.o
START GROUP
LOAD D:/stm32cube/STM32CubeIDE/plugins/com.st.stm32cube.ide.mcu.externaltools.gnu-tools-for-stm32.11.3.rel1.win32_1.1.0.202305231506/tools/bin/../lib/gcc/arm-none-eabi/11.3.1/../../../../arm-none-eabi/lib/thumb/v7e-m+fp/hard\libc_nano.a
LOAD D:/stm32cube/STM32CubeIDE/plugins/com.st.stm32cube.ide.mcu.externaltools.gnu-tools-for-stm32.11.3.rel1.win32_1.1.0.202305231506/tools/bin/../lib/gcc/arm-none-eabi/11.3.1/../../../../arm-none-eabi/lib/thumb/v7e-m+fp/hard\libm.a
END GROUP
START GROUP
LOAD D:/stm32cube/STM32CubeIDE/plugins/com.st.stm32cube.ide.mcu.externaltools.gnu-tools-for-stm32.11.3.rel1.win32_1.1.0.202305231506/tools/bin/../lib/gcc/arm-none-eabi/11.3.1/thumb/v7e-m+fp/hard\libgcc.a
LOAD D:/stm32cube/STM32CubeIDE/plugins/com.st.stm32cube.ide.mcu.externaltools.gnu-tools-for-stm32.11.3.rel1.win32_1.1.0.202305231506/tools/bin/../lib/gcc/arm-none-eabi/11.3.1/../../../../arm-none-eabi/lib/thumb/v7e-m+fp/hard\libc_nano.a
END GROUP
START GROUP
LOAD D:/stm32cube/STM32CubeIDE/plugins/com.st.stm32cube.ide.mcu.externaltools.gnu-tools-for-stm32.11.3.rel1.win32_1.1.0.202305231506/tools/bin/../lib/gcc/arm-none-eabi/11.3.1/thumb/v7e-m+fp/hard\libgcc.a
LOAD D:/stm32cube/STM32CubeIDE/plugins/com.st.stm32cube.ide.mcu.externaltools.gnu-tools-for-stm32.11.3.rel1.win32_1.1.0.202305231506/tools/bin/../lib/gcc/arm-none-eabi/11.3.1/../../../../arm-none-eabi/lib/thumb/v7e-m+fp/hard\libc_nano.a
LOAD D:/stm32cube/STM32CubeIDE/plugins/com.st.stm32cube.ide.mcu.externaltools.gnu-tools-for-stm32.11.3.rel1.win32_1.1.0.202305231506/tools/bin/../lib/gcc/arm-none-eabi/11.3.1/../../../../arm-none-eabi/lib/thumb/v7e-m+fp/hard\libnosys.a
END GROUP
START GROUP
LOAD D:/stm32cube/STM32CubeIDE/plugins/com.st.stm32cube.ide.mcu.externaltools.gnu-tools-for-stm32.11.3.rel1.win32_1.1.0.202305231506/tools/bin/../lib/gcc/arm-none-eabi/11.3.1/thumb/v7e-m+fp/hard\libgcc.a
LOAD D:/stm32cube/STM32CubeIDE/plugins/com.st.stm32cube.ide.mcu.externaltools.gnu-tools-for-stm32.11.3.rel1.win32_1.1.0.202305231506/tools/bin/../lib/gcc/arm-none-eabi/11.3.1/../../../../arm-none-eabi/lib/thumb/v7e-m+fp/hard\libc_nano.a
LOAD D:/stm32cube/STM32CubeIDE/plugins/com.st.stm32cube.ide.mcu.externaltools.gnu-tools-for-stm32.11.3.rel1.win32_1.1.0.202305231506/tools/bin/../lib/gcc/arm-none-eabi/11.3.1/../../../../arm-none-eabi/lib/thumb/v7e-m+fp/hard\libnosys.a
END GROUP
LOAD D:/stm32cube/STM32CubeIDE/plugins/com.st.stm32cube.ide.mcu.externaltools.gnu-tools-for-stm32.11.3.rel1.win32_1.1.0.202305231506/tools/bin/../lib/gcc/arm-none-eabi/11.3.1/thumb/v7e-m+fp/hard/crtend.o
LOAD D:/stm32cube/STM32CubeIDE/plugins/com.st.stm32cube.ide.mcu.externaltools.gnu-tools-for-stm32.11.3.rel1.win32_1.1.0.202305231506/tools/bin/../lib/gcc/arm-none-eabi/11.3.1/thumb/v7e-m+fp/hard/crtn.o
                0x0000000020020000                _estack = (ORIGIN (RAM) + LENGTH (RAM))
                0x0000000000000200                _Min_Heap_Size = 0x200
                0x0000000000000400                _Min_Stack_Size = 0x400

.isr_vector     0x0000000008000000      0x188
                0x0000000008000000                . = ALIGN (0x4)
 *(.isr_vector)
 .isr_vector    0x0000000008000000      0x188 ./Core/Startup/startup_stm32f407vetx.o
                0x0000000008000000                g_pfnVectors
                0x0000000008000188                . = ALIGN (0x4)

.text           0x0000000008000190     0x7ae8
                0x0000000008000190                . = ALIGN (0x4)
 *(.text)
 .text          0x0000000008000190       0x40 D:/stm32cube/STM32CubeIDE/plugins/com.st.stm32cube.ide.mcu.externaltools.gnu-tools-for-stm32.11.3.rel1.win32_1.1.0.202305231506/tools/bin/../lib/gcc/arm-none-eabi/11.3.1/thumb/v7e-m+fp/hard/crtbegin.o
 .text          0x00000000080001d0      0x378 D:/stm32cube/STM32CubeIDE/plugins/com.st.stm32cube.ide.mcu.externaltools.gnu-tools-for-stm32.11.3.rel1.win32_1.1.0.202305231506/tools/bin/../lib/gcc/arm-none-eabi/11.3.1/thumb/v7e-m+fp/hard\libgcc.a(_arm_addsubdf3.o)
                0x00000000080001d0                __aeabi_drsub
                0x00000000080001d8                __aeabi_dsub
                0x00000000080001d8                __subdf3
                0x00000000080001dc                __aeabi_dadd
                0x00000000080001dc                __adddf3
                0x0000000008000454                __floatunsidf
                0x0000000008000454                __aeabi_ui2d
                0x0000000008000474                __floatsidf
                0x0000000008000474                __aeabi_i2d
                0x0000000008000498                __aeabi_f2d
                0x0000000008000498                __extendsfdf2
                0x00000000080004dc                __floatundidf
                0x00000000080004dc                __aeabi_ul2d
                0x00000000080004ec                __floatdidf
                0x00000000080004ec                __aeabi_l2d
 .text          0x0000000008000548      0x424 D:/stm32cube/STM32CubeIDE/plugins/com.st.stm32cube.ide.mcu.externaltools.gnu-tools-for-stm32.11.3.rel1.win32_1.1.0.202305231506/tools/bin/../lib/gcc/arm-none-eabi/11.3.1/thumb/v7e-m+fp/hard\libgcc.a(_arm_muldivdf3.o)
                0x0000000008000548                __aeabi_dmul
                0x0000000008000548                __muldf3
                0x000000000800079c                __divdf3
                0x000000000800079c                __aeabi_ddiv
 .text          0x000000000800096c      0x110 D:/stm32cube/STM32CubeIDE/plugins/com.st.stm32cube.ide.mcu.externaltools.gnu-tools-for-stm32.11.3.rel1.win32_1.1.0.202305231506/tools/bin/../lib/gcc/arm-none-eabi/11.3.1/thumb/v7e-m+fp/hard\libgcc.a(_arm_cmpdf2.o)
                0x000000000800096c                __gtdf2
                0x000000000800096c                __gedf2
                0x0000000008000974                __ltdf2
                0x0000000008000974                __ledf2
                0x000000000800097c                __nedf2
                0x000000000800097c                __eqdf2
                0x000000000800097c                __cmpdf2
                0x00000000080009f8                __aeabi_cdrcmple
                0x0000000008000a08                __aeabi_cdcmpeq
                0x0000000008000a08                __aeabi_cdcmple
                0x0000000008000a18                __aeabi_dcmpeq
                0x0000000008000a2c                __aeabi_dcmplt
                0x0000000008000a40                __aeabi_dcmple
                0x0000000008000a54                __aeabi_dcmpge
                0x0000000008000a68                __aeabi_dcmpgt
 .text          0x0000000008000a7c       0x40 D:/stm32cube/STM32CubeIDE/plugins/com.st.stm32cube.ide.mcu.externaltools.gnu-tools-for-stm32.11.3.rel1.win32_1.1.0.202305231506/tools/bin/../lib/gcc/arm-none-eabi/11.3.1/thumb/v7e-m+fp/hard\libgcc.a(_arm_fixunsdfsi.o)
                0x0000000008000a7c                __aeabi_d2uiz
                0x0000000008000a7c                __fixunsdfsi
 .text          0x0000000008000abc       0xa0 D:/stm32cube/STM32CubeIDE/plugins/com.st.stm32cube.ide.mcu.externaltools.gnu-tools-for-stm32.11.3.rel1.win32_1.1.0.202305231506/tools/bin/../lib/gcc/arm-none-eabi/11.3.1/thumb/v7e-m+fp/hard\libgcc.a(_arm_truncdfsf2.o)
                0x0000000008000abc                __truncdfsf2
                0x0000000008000abc                __aeabi_d2f
 .text          0x0000000008000b5c       0x30 D:/stm32cube/STM32CubeIDE/plugins/com.st.stm32cube.ide.mcu.externaltools.gnu-tools-for-stm32.11.3.rel1.win32_1.1.0.202305231506/tools/bin/../lib/gcc/arm-none-eabi/11.3.1/thumb/v7e-m+fp/hard\libgcc.a(_aeabi_uldivmod.o)
                0x0000000008000b5c                __aeabi_uldivmod
 .text          0x0000000008000b8c      0x2c8 D:/stm32cube/STM32CubeIDE/plugins/com.st.stm32cube.ide.mcu.externaltools.gnu-tools-for-stm32.11.3.rel1.win32_1.1.0.202305231506/tools/bin/../lib/gcc/arm-none-eabi/11.3.1/thumb/v7e-m+fp/hard\libgcc.a(_udivmoddi4.o)
                0x0000000008000b8c                __udivmoddi4
 .text          0x0000000008000e54        0x4 D:/stm32cube/STM32CubeIDE/plugins/com.st.stm32cube.ide.mcu.externaltools.gnu-tools-for-stm32.11.3.rel1.win32_1.1.0.202305231506/tools/bin/../lib/gcc/arm-none-eabi/11.3.1/thumb/v7e-m+fp/hard\libgcc.a(_dvmd_tls.o)
                0x0000000008000e54                __aeabi_idiv0
                0x0000000008000e54                __aeabi_ldiv0
 *(.text*)
 .text.SystemClock_Config
                0x0000000008000e58       0x88 ./Core/Src/main.o
                0x0000000008000e58                SystemClock_Config
 .text.startup.main
                0x0000000008000ee0      0x6f4 ./Core/Src/main.o
                0x0000000008000ee0                main
 .text.HAL_UART_RxCpltCallback
                0x00000000080015d4      0x2e4 ./Core/Src/main.o
                0x00000000080015d4                HAL_UART_RxCpltCallback
 .text.runTestTask
                0x00000000080018b8       0x2c ./Core/Src/main.o
                0x00000000080018b8                runTestTask
 .text.StraightLineMove
                0x00000000080018e4      0x10c ./Core/Src/main.o
                0x00000000080018e4                StraightLineMove
 .text.StraightLineMoveSpeedScale
                0x00000000080019f0      0x1a8 ./Core/Src/main.o
                0x00000000080019f0                StraightLineMoveSpeedScale
 .text.RobotMoveDist
                0x0000000008001b98      0x228 ./Core/Src/main.o
                0x0000000008001b98                RobotMoveDist
 .text.runMoveDistTask
                0x0000000008001dc0       0xe0 ./Core/Src/main.o
                0x0000000008001dc0                runMoveDistTask
 .text.RobotTurn
                0x0000000008001ea0       0xfc ./Core/Src/main.o
                0x0000000008001ea0                RobotTurn
 .text.runFRTask
                0x0000000008001f9c      0x31c ./Core/Src/main.o
                0x0000000008001f9c                runFRTask
 .text.runBRTask
                0x00000000080022b8      0x310 ./Core/Src/main.o
                0x00000000080022b8                runBRTask
 .text.runDispatchTask
                0x00000000080025c8      0x2a4 ./Core/Src/main.o
                0x00000000080025c8                runDispatchTask
 .text.runFLTask
                0x000000000800286c      0x308 ./Core/Src/main.o
                0x000000000800286c                runFLTask
 .text.runBLTask
                0x0000000008002b74      0x324 ./Core/Src/main.o
                0x0000000008002b74                runBLTask
 .text.HAL_TIM_PeriodElapsedCallback
                0x0000000008002e98       0x14 ./Core/Src/main.o
                0x0000000008002e98                HAL_TIM_PeriodElapsedCallback
 .text.Error_Handler
                0x0000000008002eac        0x4 ./Core/Src/main.o
                0x0000000008002eac                Error_Handler
 .text.HAL_MspInit
                0x0000000008002eb0       0x40 ./Core/Src/stm32f4xx_hal_msp.o
                0x0000000008002eb0                HAL_MspInit
 .text.HAL_ADC_MspInit
                0x0000000008002ef0      0x108 ./Core/Src/stm32f4xx_hal_msp.o
                0x0000000008002ef0                HAL_ADC_MspInit
 .text.HAL_I2C_MspInit
                0x0000000008002ff8       0x70 ./Core/Src/stm32f4xx_hal_msp.o
                0x0000000008002ff8                HAL_I2C_MspInit
 .text.HAL_TIM_Base_MspInit
                0x0000000008003068       0xc0 ./Core/Src/stm32f4xx_hal_msp.o
                0x0000000008003068                HAL_TIM_Base_MspInit
 .text.HAL_TIM_Encoder_MspInit
                0x0000000008003128       0xdc ./Core/Src/stm32f4xx_hal_msp.o
                0x0000000008003128                HAL_TIM_Encoder_MspInit
 .text.HAL_TIM_IC_MspInit
                0x0000000008003204       0x64 ./Core/Src/stm32f4xx_hal_msp.o
                0x0000000008003204                HAL_TIM_IC_MspInit
 .text.HAL_TIM_MspPostInit
                0x0000000008003268       0x94 ./Core/Src/stm32f4xx_hal_msp.o
                0x0000000008003268                HAL_TIM_MspPostInit
 .text.HAL_UART_MspInit
                0x00000000080032fc       0x7c ./Core/Src/stm32f4xx_hal_msp.o
                0x00000000080032fc                HAL_UART_MspInit
 .text.HAL_InitTick
                0x0000000008003378       0xa0 ./Core/Src/stm32f4xx_hal_timebase_tim.o
                0x0000000008003378                HAL_InitTick
 .text.NMI_Handler
                0x0000000008003418        0x2 ./Core/Src/stm32f4xx_it.o
                0x0000000008003418                NMI_Handler
 .text.HardFault_Handler
                0x000000000800341a        0x2 ./Core/Src/stm32f4xx_it.o
                0x000000000800341a                HardFault_Handler
 .text.MemManage_Handler
                0x000000000800341c        0x2 ./Core/Src/stm32f4xx_it.o
                0x000000000800341c                MemManage_Handler
 .text.BusFault_Handler
                0x000000000800341e        0x2 ./Core/Src/stm32f4xx_it.o
                0x000000000800341e                BusFault_Handler
 .text.UsageFault_Handler
                0x0000000008003420        0x2 ./Core/Src/stm32f4xx_it.o
                0x0000000008003420                UsageFault_Handler
 .text.DebugMon_Handler
                0x0000000008003422        0x2 ./Core/Src/stm32f4xx_it.o
                0x0000000008003422                DebugMon_Handler
 .text.TIM1_UP_TIM10_IRQHandler
                0x0000000008003424        0xc ./Core/Src/stm32f4xx_it.o
                0x0000000008003424                TIM1_UP_TIM10_IRQHandler
 .text.USART3_IRQHandler
                0x0000000008003430        0xc ./Core/Src/stm32f4xx_it.o
                0x0000000008003430                USART3_IRQHandler
 .text.TIM6_DAC_IRQHandler
                0x000000000800343c        0xc ./Core/Src/stm32f4xx_it.o
                0x000000000800343c                TIM6_DAC_IRQHandler
 .text.DMA2_Stream0_IRQHandler
                0x0000000008003448        0xc ./Core/Src/stm32f4xx_it.o
                0x0000000008003448                DMA2_Stream0_IRQHandler
 .text.DMA2_Stream2_IRQHandler
                0x0000000008003454        0xc ./Core/Src/stm32f4xx_it.o
                0x0000000008003454                DMA2_Stream2_IRQHandler
 .text.SystemInit
                0x0000000008003460       0x14 ./Core/Src/system_stm32f4xx.o
                0x0000000008003460                SystemInit
 .text.Reset_Handler
                0x0000000008003474       0x50 ./Core/Startup/startup_stm32f407vetx.o
                0x0000000008003474                Reset_Handler
 .text.Default_Handler
                0x00000000080034c4        0x2 ./Core/Startup/startup_stm32f407vetx.o
                0x00000000080034c4                RTC_Alarm_IRQHandler
                0x00000000080034c4                HASH_RNG_IRQHandler
                0x00000000080034c4                EXTI2_IRQHandler
                0x00000000080034c4                TIM8_CC_IRQHandler
                0x00000000080034c4                TIM1_CC_IRQHandler
                0x00000000080034c4                DMA2_Stream5_IRQHandler
                0x00000000080034c4                DMA1_Stream5_IRQHandler
                0x00000000080034c4                PVD_IRQHandler
                0x00000000080034c4                SDIO_IRQHandler
                0x00000000080034c4                TAMP_STAMP_IRQHandler
                0x00000000080034c4                CAN2_RX1_IRQHandler
                0x00000000080034c4                EXTI3_IRQHandler
                0x00000000080034c4                TIM8_TRG_COM_TIM14_IRQHandler
                0x00000000080034c4                TIM8_UP_TIM13_IRQHandler
                0x00000000080034c4                I2C3_ER_IRQHandler
                0x00000000080034c4                EXTI0_IRQHandler
                0x00000000080034c4                I2C2_EV_IRQHandler
                0x00000000080034c4                DMA1_Stream2_IRQHandler
                0x00000000080034c4                CAN1_RX0_IRQHandler
                0x00000000080034c4                FPU_IRQHandler
                0x00000000080034c4                OTG_HS_WKUP_IRQHandler
                0x00000000080034c4                CAN2_SCE_IRQHandler
                0x00000000080034c4                SPI1_IRQHandler
                0x00000000080034c4                TIM1_BRK_TIM9_IRQHandler
                0x00000000080034c4                DCMI_IRQHandler
                0x00000000080034c4                CAN2_RX0_IRQHandler
                0x00000000080034c4                DMA2_Stream3_IRQHandler
                0x00000000080034c4                USART6_IRQHandler
                0x00000000080034c4                CAN1_RX1_IRQHandler
                0x00000000080034c4                UART5_IRQHandler
                0x00000000080034c4                TIM4_IRQHandler
                0x00000000080034c4                I2C1_EV_IRQHandler
                0x00000000080034c4                DMA1_Stream6_IRQHandler
                0x00000000080034c4                DMA1_Stream1_IRQHandler
                0x00000000080034c4                UART4_IRQHandler
                0x00000000080034c4                TIM3_IRQHandler
                0x00000000080034c4                RCC_IRQHandler
                0x00000000080034c4                TIM8_BRK_TIM12_IRQHandler
                0x00000000080034c4                Default_Handler
                0x00000000080034c4                EXTI15_10_IRQHandler
                0x00000000080034c4                ADC_IRQHandler
                0x00000000080034c4                DMA1_Stream7_IRQHandler
                0x00000000080034c4                TIM7_IRQHandler
                0x00000000080034c4                CAN2_TX_IRQHandler
                0x00000000080034c4                TIM5_IRQHandler
                0x00000000080034c4                DMA2_Stream7_IRQHandler
                0x00000000080034c4                I2C3_EV_IRQHandler
                0x00000000080034c4                EXTI9_5_IRQHandler
                0x00000000080034c4                RTC_WKUP_IRQHandler
                0x00000000080034c4                ETH_WKUP_IRQHandler
                0x00000000080034c4                SPI2_IRQHandler
                0x00000000080034c4                OTG_HS_EP1_IN_IRQHandler
                0x00000000080034c4                DMA1_Stream0_IRQHandler
                0x00000000080034c4                CAN1_TX_IRQHandler
                0x00000000080034c4                EXTI4_IRQHandler
                0x00000000080034c4                FSMC_IRQHandler
                0x00000000080034c4                ETH_IRQHandler
                0x00000000080034c4                OTG_HS_EP1_OUT_IRQHandler
                0x00000000080034c4                WWDG_IRQHandler
                0x00000000080034c4                TIM2_IRQHandler
                0x00000000080034c4                OTG_FS_WKUP_IRQHandler
                0x00000000080034c4                TIM1_TRG_COM_TIM11_IRQHandler
                0x00000000080034c4                OTG_HS_IRQHandler
                0x00000000080034c4                EXTI1_IRQHandler
                0x00000000080034c4                USART2_IRQHandler
                0x00000000080034c4                I2C2_ER_IRQHandler
                0x00000000080034c4                DMA2_Stream1_IRQHandler
                0x00000000080034c4                CAN1_SCE_IRQHandler
                0x00000000080034c4                FLASH_IRQHandler
                0x00000000080034c4                DMA2_Stream4_IRQHandler
                0x00000000080034c4                USART1_IRQHandler
                0x00000000080034c4                OTG_FS_IRQHandler
                0x00000000080034c4                SPI3_IRQHandler
                0x00000000080034c4                DMA1_Stream4_IRQHandler
                0x00000000080034c4                I2C1_ER_IRQHandler
                0x00000000080034c4                DMA2_Stream6_IRQHandler
                0x00000000080034c4                DMA1_Stream3_IRQHandler
 *fill*         0x00000000080034c6        0x2 
 .text.HAL_Init
                0x00000000080034c8       0x34 ./Drivers/STM32F4xx_HAL_Driver/Src/stm32f4xx_hal.o
                0x00000000080034c8                HAL_Init
 .text.HAL_IncTick
                0x00000000080034fc       0x18 ./Drivers/STM32F4xx_HAL_Driver/Src/stm32f4xx_hal.o
                0x00000000080034fc                HAL_IncTick
 .text.HAL_GetTick
                0x0000000008003514        0xc ./Drivers/STM32F4xx_HAL_Driver/Src/stm32f4xx_hal.o
                0x0000000008003514                HAL_GetTick
 .text.HAL_Delay
                0x0000000008003520       0x28 ./Drivers/STM32F4xx_HAL_Driver/Src/stm32f4xx_hal.o
                0x0000000008003520                HAL_Delay
 .text.HAL_ADC_Init
                0x0000000008003548      0x14c ./Drivers/STM32F4xx_HAL_Driver/Src/stm32f4xx_hal_adc.o
                0x0000000008003548                HAL_ADC_Init
 .text.HAL_ADC_ConfigChannel
                0x0000000008003694      0x120 ./Drivers/STM32F4xx_HAL_Driver/Src/stm32f4xx_hal_adc.o
                0x0000000008003694                HAL_ADC_ConfigChannel
 .text.HAL_NVIC_SetPriorityGrouping
                0x00000000080037b4       0x24 ./Drivers/STM32F4xx_HAL_Driver/Src/stm32f4xx_hal_cortex.o
                0x00000000080037b4                HAL_NVIC_SetPriorityGrouping
 .text.HAL_NVIC_SetPriority
                0x00000000080037d8       0x64 ./Drivers/STM32F4xx_HAL_Driver/Src/stm32f4xx_hal_cortex.o
                0x00000000080037d8                HAL_NVIC_SetPriority
 .text.HAL_NVIC_EnableIRQ
                0x000000000800383c       0x1c ./Drivers/STM32F4xx_HAL_Driver/Src/stm32f4xx_hal_cortex.o
                0x000000000800383c                HAL_NVIC_EnableIRQ
 .text.DMA_CalcBaseAndBitshift
                0x0000000008003858       0x2c ./Drivers/STM32F4xx_HAL_Driver/Src/stm32f4xx_hal_dma.o
 .text.HAL_DMA_Init
                0x0000000008003884       0xfc ./Drivers/STM32F4xx_HAL_Driver/Src/stm32f4xx_hal_dma.o
                0x0000000008003884                HAL_DMA_Init
 .text.HAL_DMA_Abort
                0x0000000008003980       0x7e ./Drivers/STM32F4xx_HAL_Driver/Src/stm32f4xx_hal_dma.o
                0x0000000008003980                HAL_DMA_Abort
 .text.HAL_DMA_Abort_IT
                0x00000000080039fe       0x24 ./Drivers/STM32F4xx_HAL_Driver/Src/stm32f4xx_hal_dma.o
                0x00000000080039fe                HAL_DMA_Abort_IT
 *fill*         0x0000000008003a22        0x2 
 .text.HAL_DMA_IRQHandler
                0x0000000008003a24      0x17c ./Drivers/STM32F4xx_HAL_Driver/Src/stm32f4xx_hal_dma.o
                0x0000000008003a24                HAL_DMA_IRQHandler
 .text.HAL_GPIO_Init
                0x0000000008003ba0      0x1b4 ./Drivers/STM32F4xx_HAL_Driver/Src/stm32f4xx_hal_gpio.o
                0x0000000008003ba0                HAL_GPIO_Init
 .text.HAL_GPIO_WritePin
                0x0000000008003d54        0xa ./Drivers/STM32F4xx_HAL_Driver/Src/stm32f4xx_hal_gpio.o
                0x0000000008003d54                HAL_GPIO_WritePin
 .text.I2C_IsAcknowledgeFailed
                0x0000000008003d5e       0x34 ./Drivers/STM32F4xx_HAL_Driver/Src/stm32f4xx_hal_i2c.o
 .text.I2C_WaitOnFlagUntilTimeout
                0x0000000008003d92       0x64 ./Drivers/STM32F4xx_HAL_Driver/Src/stm32f4xx_hal_i2c.o
 .text.I2C_WaitOnMasterAddressFlagUntilTimeout
                0x0000000008003df6       0x76 ./Drivers/STM32F4xx_HAL_Driver/Src/stm32f4xx_hal_i2c.o
 .text.I2C_WaitOnRXNEFlagUntilTimeout
                0x0000000008003e6c       0x5e ./Drivers/STM32F4xx_HAL_Driver/Src/stm32f4xx_hal_i2c.o
 .text.I2C_WaitOnTXEFlagUntilTimeout
                0x0000000008003eca       0x4c ./Drivers/STM32F4xx_HAL_Driver/Src/stm32f4xx_hal_i2c.o
 *fill*         0x0000000008003f16        0x2 
 .text.I2C_RequestMemoryWrite
                0x0000000008003f18       0xb0 ./Drivers/STM32F4xx_HAL_Driver/Src/stm32f4xx_hal_i2c.o
 .text.I2C_RequestMemoryRead
                0x0000000008003fc8      0x104 ./Drivers/STM32F4xx_HAL_Driver/Src/stm32f4xx_hal_i2c.o
 .text.I2C_WaitOnBTFFlagUntilTimeout
                0x00000000080040cc       0x4c ./Drivers/STM32F4xx_HAL_Driver/Src/stm32f4xx_hal_i2c.o
 .text.HAL_I2C_Init
                0x0000000008004118      0x150 ./Drivers/STM32F4xx_HAL_Driver/Src/stm32f4xx_hal_i2c.o
                0x0000000008004118                HAL_I2C_Init
 .text.HAL_I2C_Mem_Write
                0x0000000008004268      0x120 ./Drivers/STM32F4xx_HAL_Driver/Src/stm32f4xx_hal_i2c.o
                0x0000000008004268                HAL_I2C_Mem_Write
 .text.HAL_I2C_Mem_Read
                0x0000000008004388      0x210 ./Drivers/STM32F4xx_HAL_Driver/Src/stm32f4xx_hal_i2c.o
                0x0000000008004388                HAL_I2C_Mem_Read
 .text.HAL_PWR_EnableBkUpAccess
                0x0000000008004598       0x1c ./Drivers/STM32F4xx_HAL_Driver/Src/stm32f4xx_hal_pwr.o
                0x0000000008004598                HAL_PWR_EnableBkUpAccess
 .text.HAL_PWR_DisableBkUpAccess
                0x00000000080045b4       0x1c ./Drivers/STM32F4xx_HAL_Driver/Src/stm32f4xx_hal_pwr.o
                0x00000000080045b4                HAL_PWR_DisableBkUpAccess
 .text.HAL_RCC_OscConfig
                0x00000000080045d0      0x358 ./Drivers/STM32F4xx_HAL_Driver/Src/stm32f4xx_hal_rcc.o
                0x00000000080045d0                HAL_RCC_OscConfig
 .text.HAL_RCC_GetSysClockFreq
                0x0000000008004928       0x5c ./Drivers/STM32F4xx_HAL_Driver/Src/stm32f4xx_hal_rcc.o
                0x0000000008004928                HAL_RCC_GetSysClockFreq
 .text.HAL_RCC_ClockConfig
                0x0000000008004984      0x134 ./Drivers/STM32F4xx_HAL_Driver/Src/stm32f4xx_hal_rcc.o
                0x0000000008004984                HAL_RCC_ClockConfig
 .text.HAL_RCC_GetPCLK1Freq
                0x0000000008004ab8       0x20 ./Drivers/STM32F4xx_HAL_Driver/Src/stm32f4xx_hal_rcc.o
                0x0000000008004ab8                HAL_RCC_GetPCLK1Freq
 .text.HAL_RCC_GetPCLK2Freq
                0x0000000008004ad8       0x20 ./Drivers/STM32F4xx_HAL_Driver/Src/stm32f4xx_hal_rcc.o
                0x0000000008004ad8                HAL_RCC_GetPCLK2Freq
 .text.HAL_RCC_GetClockConfig
                0x0000000008004af8       0x3c ./Drivers/STM32F4xx_HAL_Driver/Src/stm32f4xx_hal_rcc.o
                0x0000000008004af8                HAL_RCC_GetClockConfig
 .text.TIM_OC1_SetConfig
                0x0000000008004b34       0x64 ./Drivers/STM32F4xx_HAL_Driver/Src/stm32f4xx_hal_tim.o
 .text.TIM_OC3_SetConfig
                0x0000000008004b98       0x6c ./Drivers/STM32F4xx_HAL_Driver/Src/stm32f4xx_hal_tim.o
 .text.TIM_OC4_SetConfig
                0x0000000008004c04       0x4c ./Drivers/STM32F4xx_HAL_Driver/Src/stm32f4xx_hal_tim.o
 .text.HAL_TIM_Base_Start_IT
                0x0000000008004c50       0x74 ./Drivers/STM32F4xx_HAL_Driver/Src/stm32f4xx_hal_tim.o
                0x0000000008004c50                HAL_TIM_Base_Start_IT
 .text.HAL_TIM_PWM_MspInit
                0x0000000008004cc4        0x2 ./Drivers/STM32F4xx_HAL_Driver/Src/stm32f4xx_hal_tim.o
                0x0000000008004cc4                HAL_TIM_PWM_MspInit
 .text.HAL_TIM_Encoder_Start
                0x0000000008004cc6       0xb2 ./Drivers/STM32F4xx_HAL_Driver/Src/stm32f4xx_hal_tim.o
                0x0000000008004cc6                HAL_TIM_Encoder_Start
 .text.HAL_TIM_OC_DelayElapsedCallback
                0x0000000008004d78        0x2 ./Drivers/STM32F4xx_HAL_Driver/Src/stm32f4xx_hal_tim.o
                0x0000000008004d78                HAL_TIM_OC_DelayElapsedCallback
 .text.HAL_TIM_IC_CaptureCallback
                0x0000000008004d7a        0x2 ./Drivers/STM32F4xx_HAL_Driver/Src/stm32f4xx_hal_tim.o
                0x0000000008004d7a                HAL_TIM_IC_CaptureCallback
 .text.HAL_TIM_PWM_PulseFinishedCallback
                0x0000000008004d7c        0x2 ./Drivers/STM32F4xx_HAL_Driver/Src/stm32f4xx_hal_tim.o
                0x0000000008004d7c                HAL_TIM_PWM_PulseFinishedCallback
 .text.HAL_TIM_TriggerCallback
                0x0000000008004d7e        0x2 ./Drivers/STM32F4xx_HAL_Driver/Src/stm32f4xx_hal_tim.o
                0x0000000008004d7e                HAL_TIM_TriggerCallback
 .text.HAL_TIM_IRQHandler
                0x0000000008004d80      0x144 ./Drivers/STM32F4xx_HAL_Driver/Src/stm32f4xx_hal_tim.o
                0x0000000008004d80                HAL_TIM_IRQHandler
 .text.TIM_Base_SetConfig
                0x0000000008004ec4       0xcc ./Drivers/STM32F4xx_HAL_Driver/Src/stm32f4xx_hal_tim.o
                0x0000000008004ec4                TIM_Base_SetConfig
 .text.HAL_TIM_Base_Init
                0x0000000008004f90       0x58 ./Drivers/STM32F4xx_HAL_Driver/Src/stm32f4xx_hal_tim.o
                0x0000000008004f90                HAL_TIM_Base_Init
 .text.HAL_TIM_PWM_Init
                0x0000000008004fe8       0x58 ./Drivers/STM32F4xx_HAL_Driver/Src/stm32f4xx_hal_tim.o
                0x0000000008004fe8                HAL_TIM_PWM_Init
 .text.HAL_TIM_IC_Init
                0x0000000008005040       0x58 ./Drivers/STM32F4xx_HAL_Driver/Src/stm32f4xx_hal_tim.o
                0x0000000008005040                HAL_TIM_IC_Init
 .text.HAL_TIM_Encoder_Init
                0x0000000008005098       0xa8 ./Drivers/STM32F4xx_HAL_Driver/Src/stm32f4xx_hal_tim.o
                0x0000000008005098                HAL_TIM_Encoder_Init
 .text.TIM_OC2_SetConfig
                0x0000000008005140       0x6c ./Drivers/STM32F4xx_HAL_Driver/Src/stm32f4xx_hal_tim.o
                0x0000000008005140                TIM_OC2_SetConfig
 .text.HAL_TIM_PWM_ConfigChannel
                0x00000000080051ac       0xb2 ./Drivers/STM32F4xx_HAL_Driver/Src/stm32f4xx_hal_tim.o
                0x00000000080051ac                HAL_TIM_PWM_ConfigChannel
 *fill*         0x000000000800525e        0x2 
 .text.TIM_TI1_SetConfig
                0x0000000008005260       0x74 ./Drivers/STM32F4xx_HAL_Driver/Src/stm32f4xx_hal_tim.o
                0x0000000008005260                TIM_TI1_SetConfig
 .text.HAL_TIM_IC_ConfigChannel
                0x00000000080052d4      0x12a ./Drivers/STM32F4xx_HAL_Driver/Src/stm32f4xx_hal_tim.o
                0x00000000080052d4                HAL_TIM_IC_ConfigChannel
 .text.TIM_ETR_SetConfig
                0x00000000080053fe       0x14 ./Drivers/STM32F4xx_HAL_Driver/Src/stm32f4xx_hal_tim.o
                0x00000000080053fe                TIM_ETR_SetConfig
 .text.HAL_TIM_ConfigClockSource
                0x0000000008005412      0x132 ./Drivers/STM32F4xx_HAL_Driver/Src/stm32f4xx_hal_tim.o
                0x0000000008005412                HAL_TIM_ConfigClockSource
 .text.TIM_CCxChannelCmd
                0x0000000008005544       0x1c ./Drivers/STM32F4xx_HAL_Driver/Src/stm32f4xx_hal_tim.o
                0x0000000008005544                TIM_CCxChannelCmd
 .text.HAL_TIM_OC_Start
                0x0000000008005560       0xcc ./Drivers/STM32F4xx_HAL_Driver/Src/stm32f4xx_hal_tim.o
                0x0000000008005560                HAL_TIM_OC_Start
 .text.HAL_TIM_PWM_Start
                0x000000000800562c        0x4 ./Drivers/STM32F4xx_HAL_Driver/Src/stm32f4xx_hal_tim.o
                0x000000000800562c                HAL_TIM_PWM_Start
 .text.HAL_TIMEx_MasterConfigSynchronization
                0x0000000008005630       0x7c ./Drivers/STM32F4xx_HAL_Driver/Src/stm32f4xx_hal_tim_ex.o
                0x0000000008005630                HAL_TIMEx_MasterConfigSynchronization
 .text.HAL_TIMEx_ConfigBreakDeadTime
                0x00000000080056ac       0x4c ./Drivers/STM32F4xx_HAL_Driver/Src/stm32f4xx_hal_tim_ex.o
                0x00000000080056ac                HAL_TIMEx_ConfigBreakDeadTime
 .text.HAL_TIMEx_CommutCallback
                0x00000000080056f8        0x2 ./Drivers/STM32F4xx_HAL_Driver/Src/stm32f4xx_hal_tim_ex.o
                0x00000000080056f8                HAL_TIMEx_CommutCallback
 .text.HAL_TIMEx_BreakCallback
                0x00000000080056fa        0x2 ./Drivers/STM32F4xx_HAL_Driver/Src/stm32f4xx_hal_tim_ex.o
                0x00000000080056fa                HAL_TIMEx_BreakCallback
 .text.UART_EndRxTransfer
                0x00000000080056fc       0x5c ./Drivers/STM32F4xx_HAL_Driver/Src/stm32f4xx_hal_uart.o
 .text.UART_SetConfig
                0x0000000008005758       0xbc ./Drivers/STM32F4xx_HAL_Driver/Src/stm32f4xx_hal_uart.o
 .text.UART_WaitOnFlagUntilTimeout.constprop.0
                0x0000000008005814       0x6c ./Drivers/STM32F4xx_HAL_Driver/Src/stm32f4xx_hal_uart.o
 .text.HAL_UART_Init
                0x0000000008005880       0x5c ./Drivers/STM32F4xx_HAL_Driver/Src/stm32f4xx_hal_uart.o
                0x0000000008005880                HAL_UART_Init
 .text.HAL_UART_Transmit
                0x00000000080058dc       0xaa ./Drivers/STM32F4xx_HAL_Driver/Src/stm32f4xx_hal_uart.o
                0x00000000080058dc                HAL_UART_Transmit
 .text.HAL_UART_TxCpltCallback
                0x0000000008005986        0x2 ./Drivers/STM32F4xx_HAL_Driver/Src/stm32f4xx_hal_uart.o
                0x0000000008005986                HAL_UART_TxCpltCallback
 .text.HAL_UART_ErrorCallback
                0x0000000008005988        0x2 ./Drivers/STM32F4xx_HAL_Driver/Src/stm32f4xx_hal_uart.o
                0x0000000008005988                HAL_UART_ErrorCallback
 .text.UART_DMAAbortOnError
                0x000000000800598a       0x10 ./Drivers/STM32F4xx_HAL_Driver/Src/stm32f4xx_hal_uart.o
 .text.HAL_UARTEx_RxEventCallback
                0x000000000800599a        0x2 ./Drivers/STM32F4xx_HAL_Driver/Src/stm32f4xx_hal_uart.o
                0x000000000800599a                HAL_UARTEx_RxEventCallback
 .text.UART_Receive_IT.isra.0
                0x000000000800599c       0xb4 ./Drivers/STM32F4xx_HAL_Driver/Src/stm32f4xx_hal_uart.o
 .text.HAL_UART_IRQHandler
                0x0000000008005a50      0x28c ./Drivers/STM32F4xx_HAL_Driver/Src/stm32f4xx_hal_uart.o
                0x0000000008005a50                HAL_UART_IRQHandler
 .text.UART_Start_Receive_IT
                0x0000000008005cdc       0x36 ./Drivers/STM32F4xx_HAL_Driver/Src/stm32f4xx_hal_uart.o
                0x0000000008005cdc                UART_Start_Receive_IT
 .text.HAL_UART_Receive_IT
                0x0000000008005d12       0x30 ./Drivers/STM32F4xx_HAL_Driver/Src/stm32f4xx_hal_uart.o
                0x0000000008005d12                HAL_UART_Receive_IT
 .text.SysTick_Handler
                0x0000000008005d42       0x1a ./Middlewares/Third_Party/FreeRTOS/Source/CMSIS_RTOS_V2/cmsis_os2.o
                0x0000000008005d42                SysTick_Handler
 .text.osKernelInitialize
                0x0000000008005d5c       0x24 ./Middlewares/Third_Party/FreeRTOS/Source/CMSIS_RTOS_V2/cmsis_os2.o
                0x0000000008005d5c                osKernelInitialize
 .text.osKernelStart
                0x0000000008005d80       0x34 ./Middlewares/Third_Party/FreeRTOS/Source/CMSIS_RTOS_V2/cmsis_os2.o
                0x0000000008005d80                osKernelStart
 .text.osThreadNew
                0x0000000008005db4       0x8e ./Middlewares/Third_Party/FreeRTOS/Source/CMSIS_RTOS_V2/cmsis_os2.o
                0x0000000008005db4                osThreadNew
 .text.osDelay  0x0000000008005e42       0x18 ./Middlewares/Third_Party/FreeRTOS/Source/CMSIS_RTOS_V2/cmsis_os2.o
                0x0000000008005e42                osDelay
 *fill*         0x0000000008005e5a        0x2 
 .text.vApplicationGetIdleTaskMemory
                0x0000000008005e5c       0x18 ./Middlewares/Third_Party/FreeRTOS/Source/CMSIS_RTOS_V2/cmsis_os2.o
                0x0000000008005e5c                vApplicationGetIdleTaskMemory
 .text.vApplicationGetTimerTaskMemory
                0x0000000008005e74       0x18 ./Middlewares/Third_Party/FreeRTOS/Source/CMSIS_RTOS_V2/cmsis_os2.o
                0x0000000008005e74                vApplicationGetTimerTaskMemory
 .text.vListInitialise
                0x0000000008005e8c       0x16 ./Middlewares/Third_Party/FreeRTOS/Source/list.o
                0x0000000008005e8c                vListInitialise
 .text.vListInitialiseItem
                0x0000000008005ea2        0x6 ./Middlewares/Third_Party/FreeRTOS/Source/list.o
                0x0000000008005ea2                vListInitialiseItem
 .text.vListInsertEnd
                0x0000000008005ea8       0x18 ./Middlewares/Third_Party/FreeRTOS/Source/list.o
                0x0000000008005ea8                vListInsertEnd
 .text.vListInsert
                0x0000000008005ec0       0x2e ./Middlewares/Third_Party/FreeRTOS/Source/list.o
                0x0000000008005ec0                vListInsert
 .text.uxListRemove
                0x0000000008005eee       0x20 ./Middlewares/Third_Party/FreeRTOS/Source/list.o
                0x0000000008005eee                uxListRemove
 .text.prvIsQueueEmpty
                0x0000000008005f0e       0x16 ./Middlewares/Third_Party/FreeRTOS/Source/queue.o
 .text.prvCopyDataToQueue
                0x0000000008005f24       0x6a ./Middlewares/Third_Party/FreeRTOS/Source/queue.o
 .text.prvCopyDataFromQueue
                0x0000000008005f8e       0x2c ./Middlewares/Third_Party/FreeRTOS/Source/queue.o
 .text.prvUnlockQueue
                0x0000000008005fba       0x70 ./Middlewares/Third_Party/FreeRTOS/Source/queue.o
 .text.xQueueGenericReset
                0x000000000800602a       0x7e ./Middlewares/Third_Party/FreeRTOS/Source/queue.o
                0x000000000800602a                xQueueGenericReset
 .text.xQueueGenericCreateStatic
                0x00000000080060a8       0x9c ./Middlewares/Third_Party/FreeRTOS/Source/queue.o
                0x00000000080060a8                xQueueGenericCreateStatic
 .text.xQueueGenericSend
                0x0000000008006144      0x166 ./Middlewares/Third_Party/FreeRTOS/Source/queue.o
                0x0000000008006144                xQueueGenericSend
 .text.xQueueGenericSendFromISR
                0x00000000080062aa       0xc4 ./Middlewares/Third_Party/FreeRTOS/Source/queue.o
                0x00000000080062aa                xQueueGenericSendFromISR
 .text.xQueueReceive
                0x000000000800636e      0x13e ./Middlewares/Third_Party/FreeRTOS/Source/queue.o
                0x000000000800636e                xQueueReceive
 .text.vQueueAddToRegistry
                0x00000000080064ac       0x24 ./Middlewares/Third_Party/FreeRTOS/Source/queue.o
                0x00000000080064ac                vQueueAddToRegistry
 .text.vQueueWaitForMessageRestricted
                0x00000000080064d0       0x46 ./Middlewares/Third_Party/FreeRTOS/Source/queue.o
                0x00000000080064d0                vQueueWaitForMessageRestricted
 *fill*         0x0000000008006516        0x2 
 .text.prvAddNewTaskToReadyList
                0x0000000008006518      0x100 ./Middlewares/Third_Party/FreeRTOS/Source/tasks.o
 .text.prvAddCurrentTaskToDelayedList
                0x0000000008006618       0x70 ./Middlewares/Third_Party/FreeRTOS/Source/tasks.o
 .text.prvResetNextTaskUnblockTime
                0x0000000008006688       0x24 ./Middlewares/Third_Party/FreeRTOS/Source/tasks.o
 .text.prvDeleteTCB
                0x00000000080066ac       0x36 ./Middlewares/Third_Party/FreeRTOS/Source/tasks.o
 *fill*         0x00000000080066e2        0x2 
 .text.prvIdleTask
                0x00000000080066e4       0x60 ./Middlewares/Third_Party/FreeRTOS/Source/tasks.o
 .text.prvInitialiseNewTask.constprop.0
                0x0000000008006744       0x9a ./Middlewares/Third_Party/FreeRTOS/Source/tasks.o
 .text.xTaskCreateStatic
                0x00000000080067de       0x70 ./Middlewares/Third_Party/FreeRTOS/Source/tasks.o
                0x00000000080067de                xTaskCreateStatic
 .text.xTaskCreate
                0x000000000800684e       0x5a ./Middlewares/Third_Party/FreeRTOS/Source/tasks.o
                0x000000000800684e                xTaskCreate
 .text.vTaskStartScheduler
                0x00000000080068a8       0x8c ./Middlewares/Third_Party/FreeRTOS/Source/tasks.o
                0x00000000080068a8                vTaskStartScheduler
 .text.vTaskSuspendAll
                0x0000000008006934       0x10 ./Middlewares/Third_Party/FreeRTOS/Source/tasks.o
                0x0000000008006934                vTaskSuspendAll
 .text.xTaskGetTickCount
                0x0000000008006944        0xc ./Middlewares/Third_Party/FreeRTOS/Source/tasks.o
                0x0000000008006944                xTaskGetTickCount
 .text.xTaskIncrementTick
                0x0000000008006950      0x12c ./Middlewares/Third_Party/FreeRTOS/Source/tasks.o
                0x0000000008006950                xTaskIncrementTick
 .text.xTaskResumeAll
                0x0000000008006a7c       0xe8 ./Middlewares/Third_Party/FreeRTOS/Source/tasks.o
                0x0000000008006a7c                xTaskResumeAll
 .text.vTaskDelay
                0x0000000008006b64       0x48 ./Middlewares/Third_Party/FreeRTOS/Source/tasks.o
                0x0000000008006b64                vTaskDelay
 .text.vTaskSwitchContext
                0x0000000008006bac       0x74 ./Middlewares/Third_Party/FreeRTOS/Source/tasks.o
                0x0000000008006bac                vTaskSwitchContext
 .text.vTaskPlaceOnEventList
                0x0000000008006c20       0x34 ./Middlewares/Third_Party/FreeRTOS/Source/tasks.o
                0x0000000008006c20                vTaskPlaceOnEventList
 .text.vTaskPlaceOnEventListRestricted
                0x0000000008006c54       0x3c ./Middlewares/Third_Party/FreeRTOS/Source/tasks.o
                0x0000000008006c54                vTaskPlaceOnEventListRestricted
 .text.xTaskRemoveFromEventList
                0x0000000008006c90       0x88 ./Middlewares/Third_Party/FreeRTOS/Source/tasks.o
                0x0000000008006c90                xTaskRemoveFromEventList
 .text.vTaskInternalSetTimeOutState
                0x0000000008006d18       0x18 ./Middlewares/Third_Party/FreeRTOS/Source/tasks.o
                0x0000000008006d18                vTaskInternalSetTimeOutState
 .text.xTaskCheckForTimeOut
                0x0000000008006d30       0x78 ./Middlewares/Third_Party/FreeRTOS/Source/tasks.o
                0x0000000008006d30                xTaskCheckForTimeOut
 .text.vTaskMissedYield
                0x0000000008006da8        0xc ./Middlewares/Third_Party/FreeRTOS/Source/tasks.o
                0x0000000008006da8                vTaskMissedYield
 .text.xTaskGetSchedulerState
                0x0000000008006db4       0x20 ./Middlewares/Third_Party/FreeRTOS/Source/tasks.o
                0x0000000008006db4                xTaskGetSchedulerState
 .text.xTaskPriorityDisinherit
                0x0000000008006dd4       0x88 ./Middlewares/Third_Party/FreeRTOS/Source/tasks.o
                0x0000000008006dd4                xTaskPriorityDisinherit
 .text.prvCheckForValidListAndQueue
                0x0000000008006e5c       0x68 ./Middlewares/Third_Party/FreeRTOS/Source/timers.o
 .text.prvInsertTimerInActiveList
                0x0000000008006ec4       0x3c ./Middlewares/Third_Party/FreeRTOS/Source/timers.o
 .text.xTimerCreateTimerTask
                0x0000000008006f00       0x64 ./Middlewares/Third_Party/FreeRTOS/Source/timers.o
                0x0000000008006f00                xTimerCreateTimerTask
 .text.xTimerGenericCommand
                0x0000000008006f64       0x58 ./Middlewares/Third_Party/FreeRTOS/Source/timers.o
                0x0000000008006f64                xTimerGenericCommand
 .text.prvSampleTimeNow
                0x0000000008006fbc       0xac ./Middlewares/Third_Party/FreeRTOS/Source/timers.o
 .text.prvTimerTask
                0x0000000008007068      0x1cc ./Middlewares/Third_Party/FreeRTOS/Source/timers.o
 .text.prvPortStartFirstTask
                0x0000000008007234       0x28 ./Middlewares/Third_Party/FreeRTOS/Source/portable/GCC/ARM_CM4F/port.o
 .text.vPortEnableVFP
                0x000000000800725c       0x14 ./Middlewares/Third_Party/FreeRTOS/Source/portable/GCC/ARM_CM4F/port.o
 .text.prvTaskExitError
                0x0000000008007270       0x40 ./Middlewares/Third_Party/FreeRTOS/Source/portable/GCC/ARM_CM4F/port.o
 .text.pxPortInitialiseStack
                0x00000000080072b0       0x2c ./Middlewares/Third_Party/FreeRTOS/Source/portable/GCC/ARM_CM4F/port.o
                0x00000000080072b0                pxPortInitialiseStack
 *fill*         0x00000000080072dc        0x4 
 .text.SVC_Handler
                0x00000000080072e0       0x24 ./Middlewares/Third_Party/FreeRTOS/Source/portable/GCC/ARM_CM4F/port.o
                0x00000000080072e0                SVC_Handler
 .text.vPortEnterCritical
                0x0000000008007304       0x40 ./Middlewares/Third_Party/FreeRTOS/Source/portable/GCC/ARM_CM4F/port.o
                0x0000000008007304                vPortEnterCritical
 .text.vPortExitCritical
                0x0000000008007344       0x28 ./Middlewares/Third_Party/FreeRTOS/Source/portable/GCC/ARM_CM4F/port.o
                0x0000000008007344                vPortExitCritical
 *fill*         0x000000000800736c        0x4 
 .text.PendSV_Handler
                0x0000000008007370       0x64 ./Middlewares/Third_Party/FreeRTOS/Source/portable/GCC/ARM_CM4F/port.o
                0x0000000008007370                PendSV_Handler
 .text.xPortSysTickHandler
                0x00000000080073d4       0x2c ./Middlewares/Third_Party/FreeRTOS/Source/portable/GCC/ARM_CM4F/port.o
                0x00000000080073d4                xPortSysTickHandler
 .text.vPortSetupTimerInterrupt
                0x0000000008007400       0x24 ./Middlewares/Third_Party/FreeRTOS/Source/portable/GCC/ARM_CM4F/port.o
                0x0000000008007400                vPortSetupTimerInterrupt
 .text.xPortStartScheduler
                0x0000000008007424      0x10c ./Middlewares/Third_Party/FreeRTOS/Source/portable/GCC/ARM_CM4F/port.o
                0x0000000008007424                xPortStartScheduler
 .text.vPortValidateInterruptPriority
                0x0000000008007530       0x5c ./Middlewares/Third_Party/FreeRTOS/Source/portable/GCC/ARM_CM4F/port.o
                0x0000000008007530                vPortValidateInterruptPriority
 .text.prvInsertBlockIntoFreeList
                0x000000000800758c       0x4c ./Middlewares/Third_Party/FreeRTOS/Source/portable/MemMang/heap_4.o
 .text.pvPortMalloc
                0x00000000080075d8      0x130 ./Middlewares/Third_Party/FreeRTOS/Source/portable/MemMang/heap_4.o
                0x00000000080075d8                pvPortMalloc
 .text.vPortFree
                0x0000000008007708       0x7c ./Middlewares/Third_Party/FreeRTOS/Source/portable/MemMang/heap_4.o
                0x0000000008007708                vPortFree
 .text._ICM20948_SelectUserBank
                0x0000000008007784       0x30 ./PeripheralDriver/Src/ICM20948.o
                0x0000000008007784                _ICM20948_SelectUserBank
 .text._ICM20948_WriteByte
                0x00000000080077b4       0x2c ./PeripheralDriver/Src/ICM20948.o
                0x00000000080077b4                _ICM20948_WriteByte
 .text.ICM20948_init
                0x00000000080077e0       0x7a ./PeripheralDriver/Src/ICM20948.o
                0x00000000080077e0                ICM20948_init
 *fill*         0x000000000800785a        0x2 
 .text.OLED_WR_Byte
                0x000000000800785c       0x5c ./PeripheralDriver/Src/oled.o
                0x000000000800785c                OLED_WR_Byte
 .text.OLED_Refresh_Gram
                0x00000000080078b8       0x44 ./PeripheralDriver/Src/oled.o
                0x00000000080078b8                OLED_Refresh_Gram
 .text.OLED_Clear
                0x00000000080078fc       0x28 ./PeripheralDriver/Src/oled.o
                0x00000000080078fc                OLED_Clear
 .text.OLED_DrawPoint
                0x0000000008007924       0x38 ./PeripheralDriver/Src/oled.o
                0x0000000008007924                OLED_DrawPoint
 .text.OLED_ShowChar
                0x000000000800795c       0x8c ./PeripheralDriver/Src/oled.o
                0x000000000800795c                OLED_ShowChar
 .text.OLED_ShowNumber
                0x00000000080079e8       0xa4 ./PeripheralDriver/Src/oled.o
                0x00000000080079e8                OLED_ShowNumber
 .text.OLED_ShowString
                0x0000000008007a8c       0x3e ./PeripheralDriver/Src/oled.o
                0x0000000008007a8c                OLED_ShowString
 *fill*         0x0000000008007aca        0x2 
 .text.OLED_Init
                0x0000000008007acc      0x110 ./PeripheralDriver/Src/oled.o
                0x0000000008007acc                OLED_Init
 .text.memset   0x0000000008007bdc       0x10 D:/stm32cube/STM32CubeIDE/plugins/com.st.stm32cube.ide.mcu.externaltools.gnu-tools-for-stm32.11.3.rel1.win32_1.1.0.202305231506/tools/bin/../lib/gcc/arm-none-eabi/11.3.1/../../../../arm-none-eabi/lib/thumb/v7e-m+fp/hard\libc_nano.a(libc_a-memset.o)
                0x0000000008007bdc                memset
 .text.__libc_init_array
                0x0000000008007bec       0x48 D:/stm32cube/STM32CubeIDE/plugins/com.st.stm32cube.ide.mcu.externaltools.gnu-tools-for-stm32.11.3.rel1.win32_1.1.0.202305231506/tools/bin/../lib/gcc/arm-none-eabi/11.3.1/../../../../arm-none-eabi/lib/thumb/v7e-m+fp/hard\libc_nano.a(libc_a-init.o)
                0x0000000008007bec                __libc_init_array
 .text.strcpy   0x0000000008007c34       0x10 D:/stm32cube/STM32CubeIDE/plugins/com.st.stm32cube.ide.mcu.externaltools.gnu-tools-for-stm32.11.3.rel1.win32_1.1.0.202305231506/tools/bin/../lib/gcc/arm-none-eabi/11.3.1/../../../../arm-none-eabi/lib/thumb/v7e-m+fp/hard\libc_nano.a(libc_a-strcpy.o)
                0x0000000008007c34                strcpy
 .text.memcpy   0x0000000008007c44       0x1c D:/stm32cube/STM32CubeIDE/plugins/com.st.stm32cube.ide.mcu.externaltools.gnu-tools-for-stm32.11.3.rel1.win32_1.1.0.202305231506/tools/bin/../lib/gcc/arm-none-eabi/11.3.1/../../../../arm-none-eabi/lib/thumb/v7e-m+fp/hard\libc_nano.a(libc_a-memcpy-stub.o)
                0x0000000008007c44                memcpy
 *(.glue_7)
 .glue_7        0x0000000008007c60        0x0 linker stubs
 *(.glue_7t)
 .glue_7t       0x0000000008007c60        0x0 linker stubs
 *(.eh_frame)
 .eh_frame      0x0000000008007c60        0x0 D:/stm32cube/STM32CubeIDE/plugins/com.st.stm32cube.ide.mcu.externaltools.gnu-tools-for-stm32.11.3.rel1.win32_1.1.0.202305231506/tools/bin/../lib/gcc/arm-none-eabi/11.3.1/thumb/v7e-m+fp/hard/crtbegin.o
 *(.init)
 .init          0x0000000008007c60        0x4 D:/stm32cube/STM32CubeIDE/plugins/com.st.stm32cube.ide.mcu.externaltools.gnu-tools-for-stm32.11.3.rel1.win32_1.1.0.202305231506/tools/bin/../lib/gcc/arm-none-eabi/11.3.1/thumb/v7e-m+fp/hard/crti.o
                0x0000000008007c60                _init
 .init          0x0000000008007c64        0x8 D:/stm32cube/STM32CubeIDE/plugins/com.st.stm32cube.ide.mcu.externaltools.gnu-tools-for-stm32.11.3.rel1.win32_1.1.0.202305231506/tools/bin/../lib/gcc/arm-none-eabi/11.3.1/thumb/v7e-m+fp/hard/crtn.o
 *(.fini)
 .fini          0x0000000008007c6c        0x4 D:/stm32cube/STM32CubeIDE/plugins/com.st.stm32cube.ide.mcu.externaltools.gnu-tools-for-stm32.11.3.rel1.win32_1.1.0.202305231506/tools/bin/../lib/gcc/arm-none-eabi/11.3.1/thumb/v7e-m+fp/hard/crti.o
                0x0000000008007c6c                _fini
 .fini          0x0000000008007c70        0x8 D:/stm32cube/STM32CubeIDE/plugins/com.st.stm32cube.ide.mcu.externaltools.gnu-tools-for-stm32.11.3.rel1.win32_1.1.0.202305231506/tools/bin/../lib/gcc/arm-none-eabi/11.3.1/thumb/v7e-m+fp/hard/crtn.o
                0x0000000008007c78                . = ALIGN (0x4)
                0x0000000008007c78                _etext = .

.vfp11_veneer   0x0000000008007c78        0x0
 .vfp11_veneer  0x0000000008007c78        0x0 linker stubs

.v4_bx          0x0000000008007c78        0x0
 .v4_bx         0x0000000008007c78        0x0 linker stubs

.iplt           0x0000000008007c78        0x0
 .iplt          0x0000000008007c78        0x0 D:/stm32cube/STM32CubeIDE/plugins/com.st.stm32cube.ide.mcu.externaltools.gnu-tools-for-stm32.11.3.rel1.win32_1.1.0.202305231506/tools/bin/../lib/gcc/arm-none-eabi/11.3.1/thumb/v7e-m+fp/hard/crtbegin.o

.rodata         0x0000000008007c78      0xc4c
                0x0000000008007c78                . = ALIGN (0x4)
 *(.rodata)
 *(.rodata*)
 .rodata.HAL_UART_RxCpltCallback.str1.1
                0x0000000008007c78       0x13 ./Core/Src/main.o
 .rodata.runDispatchTask.str1.1
                0x0000000008007c8b        0xc ./Core/Src/main.o
 .rodata.str1.1
                0x0000000008007c97       0x97 ./Core/Src/main.o
 *fill*         0x0000000008007d2e        0x2 
 .rodata.BLTask_attributes
                0x0000000008007d30       0x24 ./Core/Src/main.o
                0x0000000008007d30                BLTask_attributes
 .rodata.BRTask_attributes
                0x0000000008007d54       0x24 ./Core/Src/main.o
                0x0000000008007d54                BRTask_attributes
 .rodata.DispatchTask_attributes
                0x0000000008007d78       0x24 ./Core/Src/main.o
                0x0000000008007d78                DispatchTask_attributes
 .rodata.FLTask_attributes
                0x0000000008007d9c       0x24 ./Core/Src/main.o
                0x0000000008007d9c                FLTask_attributes
 .rodata.FRTask_attributes
                0x0000000008007dc0       0x24 ./Core/Src/main.o
                0x0000000008007dc0                FRTask_attributes
 .rodata.TestTask_attributes
                0x0000000008007de4       0x24 ./Core/Src/main.o
                0x0000000008007de4                TestTask_attributes
 .rodata.moveDistTask_attributes
                0x0000000008007e08       0x24 ./Core/Src/main.o
                0x0000000008007e08                moveDistTask_attributes
 .rodata.AHBPrescTable
                0x0000000008007e2c       0x10 ./Core/Src/system_stm32f4xx.o
                0x0000000008007e2c                AHBPrescTable
 .rodata.APBPrescTable
                0x0000000008007e3c        0x8 ./Core/Src/system_stm32f4xx.o
                0x0000000008007e3c                APBPrescTable
 .rodata.flagBitshiftOffset.0
                0x0000000008007e44        0x8 ./Drivers/STM32F4xx_HAL_Driver/Src/stm32f4xx_hal_dma.o
 .rodata.vTaskStartScheduler.str1.1
                0x0000000008007e4c        0x5 ./Middlewares/Third_Party/FreeRTOS/Source/tasks.o
 .rodata.prvCheckForValidListAndQueue.str1.1
                0x0000000008007e51        0x5 ./Middlewares/Third_Party/FreeRTOS/Source/timers.o
 .rodata.xTimerCreateTimerTask.str1.1
                0x0000000008007e56        0x8 ./Middlewares/Third_Party/FreeRTOS/Source/timers.o
 .rodata.oled_asc2_1206
                0x0000000008007e5e      0x474 ./PeripheralDriver/Src/oled.o
                0x0000000008007e5e                oled_asc2_1206
 .rodata.oled_asc2_1608
                0x00000000080082d2      0x5f0 ./PeripheralDriver/Src/oled.o
                0x00000000080082d2                oled_asc2_1608
                0x00000000080088c4                . = ALIGN (0x4)
 *fill*         0x00000000080088c2        0x2 

.ARM.extab      0x00000000080088c4        0x0
                0x00000000080088c4                . = ALIGN (0x4)
 *(.ARM.extab* .gnu.linkonce.armextab.*)
                0x00000000080088c4                . = ALIGN (0x4)

.ARM            0x00000000080088c4        0x8
                0x00000000080088c4                . = ALIGN (0x4)
                0x00000000080088c4                __exidx_start = .
 *(.ARM.exidx*)
 .ARM.exidx     0x00000000080088c4        0x8 D:/stm32cube/STM32CubeIDE/plugins/com.st.stm32cube.ide.mcu.externaltools.gnu-tools-for-stm32.11.3.rel1.win32_1.1.0.202305231506/tools/bin/../lib/gcc/arm-none-eabi/11.3.1/thumb/v7e-m+fp/hard\libgcc.a(_udivmoddi4.o)
                0x00000000080088cc                __exidx_end = .
                0x00000000080088cc                . = ALIGN (0x4)

.rel.dyn        0x00000000080088cc        0x0
 .rel.iplt      0x00000000080088cc        0x0 D:/stm32cube/STM32CubeIDE/plugins/com.st.stm32cube.ide.mcu.externaltools.gnu-tools-for-stm32.11.3.rel1.win32_1.1.0.202305231506/tools/bin/../lib/gcc/arm-none-eabi/11.3.1/thumb/v7e-m+fp/hard/crtbegin.o

.preinit_array  0x00000000080088cc        0x0
                0x00000000080088cc                . = ALIGN (0x4)
                0x00000000080088cc                PROVIDE (__preinit_array_start = .)
 *(.preinit_array*)
                0x00000000080088cc                PROVIDE (__preinit_array_end = .)
                0x00000000080088cc                . = ALIGN (0x4)

.init_array     0x00000000080088cc        0x4
                0x00000000080088cc                . = ALIGN (0x4)
                0x00000000080088cc                PROVIDE (__init_array_start = .)
 *(SORT_BY_NAME(.init_array.*))
 *(.init_array*)
 .init_array    0x00000000080088cc        0x4 D:/stm32cube/STM32CubeIDE/plugins/com.st.stm32cube.ide.mcu.externaltools.gnu-tools-for-stm32.11.3.rel1.win32_1.1.0.202305231506/tools/bin/../lib/gcc/arm-none-eabi/11.3.1/thumb/v7e-m+fp/hard/crtbegin.o
                0x00000000080088d0                PROVIDE (__init_array_end = .)
                0x00000000080088d0                . = ALIGN (0x4)

.fini_array     0x00000000080088d0        0x4
                0x00000000080088d0                . = ALIGN (0x4)
                [!provide]                        PROVIDE (__fini_array_start = .)
 *(SORT_BY_NAME(.fini_array.*))
 *(.fini_array*)
 .fini_array    0x00000000080088d0        0x4 D:/stm32cube/STM32CubeIDE/plugins/com.st.stm32cube.ide.mcu.externaltools.gnu-tools-for-stm32.11.3.rel1.win32_1.1.0.202305231506/tools/bin/../lib/gcc/arm-none-eabi/11.3.1/thumb/v7e-m+fp/hard/crtbegin.o
                [!provide]                        PROVIDE (__fini_array_end = .)
                0x00000000080088d4                . = ALIGN (0x4)
                0x00000000080088d4                _sidata = LOADADDR (.data)

.data           0x0000000020000000      0x14c load address 0x00000000080088d4
                0x0000000020000000                . = ALIGN (0x4)
                0x0000000020000000                _sdata = .
 *(.data)
 *(.data*)
 .data.CMD_BUFFER_SIZE
                0x0000000020000000        0x1 ./Core/Src/main.o
                0x0000000020000000                CMD_BUFFER_SIZE
 .data.RX_BUFFER_SIZE
                0x0000000020000001        0x1 ./Core/Src/main.o
                0x0000000020000001                RX_BUFFER_SIZE
 *fill*         0x0000000020000002        0x2 
 .data.cfgs     0x0000000020000004      0x130 ./Core/Src/main.o
                0x0000000020000004                cfgs
 .data.curTask  0x0000000020000134        0x1 ./Core/Src/main.o
                0x0000000020000134                curTask
 .data.dir      0x0000000020000135        0x1 ./Core/Src/main.o
                0x0000000020000135                dir
 .data.moveMode
                0x0000000020000136        0x1 ./Core/Src/main.o
                0x0000000020000136                moveMode
 .data.prevTask
                0x0000000020000137        0x1 ./Core/Src/main.o
                0x0000000020000137                prevTask
 .data.speedScale
                0x0000000020000138        0x4 ./Core/Src/main.o
                0x0000000020000138                speedScale
 .data.SystemCoreClock
                0x000000002000013c        0x4 ./Core/Src/system_stm32f4xx.o
                0x000000002000013c                SystemCoreClock
 .data.uwTickFreq
                0x0000000020000140        0x1 ./Drivers/STM32F4xx_HAL_Driver/Src/stm32f4xx_hal.o
                0x0000000020000140                uwTickFreq
 *fill*         0x0000000020000141        0x3 
 .data.uwTickPrio
                0x0000000020000144        0x4 ./Drivers/STM32F4xx_HAL_Driver/Src/stm32f4xx_hal.o
                0x0000000020000144                uwTickPrio
 .data.uxCriticalNesting
                0x0000000020000148        0x4 ./Middlewares/Third_Party/FreeRTOS/Source/portable/GCC/ARM_CM4F/port.o
 *(.RamFunc)
 *(.RamFunc*)
                0x000000002000014c                . = ALIGN (0x4)
                0x000000002000014c                _edata = .
                0x0000000008008a20                _siccmram = LOADADDR (.ccmram)

.igot.plt       0x000000002000014c        0x0 load address 0x0000000008008a20
 .igot.plt      0x000000002000014c        0x0 D:/stm32cube/STM32CubeIDE/plugins/com.st.stm32cube.ide.mcu.externaltools.gnu-tools-for-stm32.11.3.rel1.win32_1.1.0.202305231506/tools/bin/../lib/gcc/arm-none-eabi/11.3.1/thumb/v7e-m+fp/hard/crtbegin.o

.ccmram         0x0000000010000000        0x0 load address 0x0000000008008a20
                0x0000000010000000                . = ALIGN (0x4)
                0x0000000010000000                _sccmram = .
 *(.ccmram)
 *(.ccmram*)
                0x0000000010000000                . = ALIGN (0x4)
                0x0000000010000000                _eccmram = .
                0x0000000010000000                . = ALIGN (0x4)

.bss            0x000000002000014c     0x522c
                0x000000002000014c                _sbss = .
                0x000000002000014c                __bss_start__ = _sbss
 *(.bss)
 .bss           0x000000002000014c       0x1c D:/stm32cube/STM32CubeIDE/plugins/com.st.stm32cube.ide.mcu.externaltools.gnu-tools-for-stm32.11.3.rel1.win32_1.1.0.202305231506/tools/bin/../lib/gcc/arm-none-eabi/11.3.1/thumb/v7e-m+fp/hard/crtbegin.o
 *(.bss*)
 .bss.BLTaskHandle
                0x0000000020000168        0x4 ./Core/Src/main.o
                0x0000000020000168                BLTaskHandle
 .bss.BRTaskHandle
                0x000000002000016c        0x4 ./Core/Src/main.o
                0x000000002000016c                BRTaskHandle
 .bss.DispatchTaskHandle
                0x0000000020000170        0x4 ./Core/Src/main.o
                0x0000000020000170                DispatchTaskHandle
 .bss.FLTaskHandle
                0x0000000020000174        0x4 ./Core/Src/main.o
                0x0000000020000174                FLTaskHandle
 .bss.FRTaskHandle
                0x0000000020000178        0x4 ./Core/Src/main.o
                0x0000000020000178                FRTaskHandle
 .bss.TestTaskHandle
                0x000000002000017c        0x4 ./Core/Src/main.o
                0x000000002000017c                TestTaskHandle
 .bss.aRxBuffer
                0x0000000020000180        0xa ./Core/Src/main.o
                0x0000000020000180                aRxBuffer
 *fill*         0x000000002000018a        0x2 
 .bss.angleNow  0x000000002000018c        0x4 ./Core/Src/main.o
                0x000000002000018c                angleNow
 .bss.cQueue    0x0000000020000190       0x34 ./Core/Src/main.o
                0x0000000020000190                cQueue
 .bss.clickOnce
                0x00000000200001c4        0x4 ./Core/Src/main.o
                0x00000000200001c4                clickOnce
 .bss.correction
                0x00000000200001c8        0x4 ./Core/Src/main.o
                0x00000000200001c8                correction
 .bss.curCmd    0x00000000200001cc        0x4 ./Core/Src/main.o
                0x00000000200001cc                curCmd
 .bss.curDistTick
                0x00000000200001d0        0x2 ./Core/Src/main.o
                0x00000000200001d0                curDistTick
 .bss.dist_dL   0x00000000200001d2        0x2 ./Core/Src/main.o
                0x00000000200001d2                dist_dL
 .bss.gyroZ     0x00000000200001d4        0x2 ./Core/Src/main.o
                0x00000000200001d4                gyroZ
 *fill*         0x00000000200001d6        0x2 
 .bss.hadc1     0x00000000200001d8       0x48 ./Core/Src/main.o
                0x00000000200001d8                hadc1
 .bss.hadc2     0x0000000020000220       0x48 ./Core/Src/main.o
                0x0000000020000220                hadc2
 .bss.hdma_adc1
                0x0000000020000268       0x60 ./Core/Src/main.o
                0x0000000020000268                hdma_adc1
 .bss.hdma_adc2
                0x00000000200002c8       0x60 ./Core/Src/main.o
                0x00000000200002c8                hdma_adc2
 .bss.hi2c1     0x0000000020000328       0x54 ./Core/Src/main.o
                0x0000000020000328                hi2c1
 .bss.htim1     0x000000002000037c       0x48 ./Core/Src/main.o
                0x000000002000037c                htim1
 .bss.htim2     0x00000000200003c4       0x48 ./Core/Src/main.o
                0x00000000200003c4                htim2
 .bss.htim3     0x000000002000040c       0x48 ./Core/Src/main.o
                0x000000002000040c                htim3
 .bss.htim4     0x0000000020000454       0x48 ./Core/Src/main.o
                0x0000000020000454                htim4
 .bss.htim5     0x000000002000049c       0x48 ./Core/Src/main.o
                0x000000002000049c                htim5
 .bss.htim8     0x00000000200004e4       0x48 ./Core/Src/main.o
                0x00000000200004e4                htim8
 .bss.huart3    0x000000002000052c       0x44 ./Core/Src/main.o
                0x000000002000052c                huart3
 .bss.lastDistTick_L
                0x0000000020000570        0x2 ./Core/Src/main.o
                0x0000000020000570                lastDistTick_L
 *fill*         0x0000000020000572        0x2 
 .bss.last_curTask_tick
                0x0000000020000574        0x4 ./Core/Src/main.o
                0x0000000020000574                last_curTask_tick
 .bss.manualMode
                0x0000000020000578        0x1 ./Core/Src/main.o
                0x0000000020000578                manualMode
 *fill*         0x0000000020000579        0x3 
 .bss.moveDistTaskHandle
                0x000000002000057c        0x4 ./Core/Src/main.o
                0x000000002000057c                moveDistTaskHandle
 .bss.newDutyL  0x0000000020000580        0x2 ./Core/Src/main.o
                0x0000000020000580                newDutyL
 .bss.newDutyR  0x0000000020000582        0x2 ./Core/Src/main.o
                0x0000000020000582                newDutyR
 .bss.pidFast   0x0000000020000584       0x14 ./Core/Src/main.o
                0x0000000020000584                pidFast
 .bss.pidSlow   0x0000000020000598       0x14 ./Core/Src/main.o
                0x0000000020000598                pidSlow
 .bss.pidTSlow  0x00000000200005ac       0x14 ./Core/Src/main.o
                0x00000000200005ac                pidTSlow
 .bss.readGyroZData
                0x00000000200005c0        0x2 ./Core/Src/main.o
                0x00000000200005c0                readGyroZData
 .bss.rxMsg     0x00000000200005c2       0x10 ./Core/Src/main.o
                0x00000000200005c2                rxMsg
 *fill*         0x00000000200005d2        0x2 
 .bss.targetAngle
                0x00000000200005d4        0x4 ./Core/Src/main.o
                0x00000000200005d4                targetAngle
 .bss.targetDist
                0x00000000200005d8        0x4 ./Core/Src/main.o
                0x00000000200005d8                targetDist
 .bss.targetDistTick
                0x00000000200005dc        0x2 ./Core/Src/main.o
                0x00000000200005dc                targetDistTick
 *fill*         0x00000000200005de        0x2 
 .bss.htim6     0x00000000200005e0       0x48 ./Core/Src/stm32f4xx_hal_timebase_tim.o
                0x00000000200005e0                htim6
 .bss.uwTick    0x0000000020000628        0x4 ./Drivers/STM32F4xx_HAL_Driver/Src/stm32f4xx_hal.o
                0x0000000020000628                uwTick
 .bss.Idle_Stack.2
                0x000000002000062c      0x200 ./Middlewares/Third_Party/FreeRTOS/Source/CMSIS_RTOS_V2/cmsis_os2.o
 .bss.Idle_TCB.3
                0x000000002000082c       0x5c ./Middlewares/Third_Party/FreeRTOS/Source/CMSIS_RTOS_V2/cmsis_os2.o
 .bss.KernelState
                0x0000000020000888        0x4 ./Middlewares/Third_Party/FreeRTOS/Source/CMSIS_RTOS_V2/cmsis_os2.o
 .bss.Timer_Stack.0
                0x000000002000088c      0x400 ./Middlewares/Third_Party/FreeRTOS/Source/CMSIS_RTOS_V2/cmsis_os2.o
 .bss.Timer_TCB.1
                0x0000000020000c8c       0x5c ./Middlewares/Third_Party/FreeRTOS/Source/CMSIS_RTOS_V2/cmsis_os2.o
 .bss.xQueueRegistry
                0x0000000020000ce8       0x40 ./Middlewares/Third_Party/FreeRTOS/Source/queue.o
                0x0000000020000ce8                xQueueRegistry
 .bss.pxCurrentTCB
                0x0000000020000d28        0x4 ./Middlewares/Third_Party/FreeRTOS/Source/tasks.o
                0x0000000020000d28                pxCurrentTCB
 .bss.pxDelayedTaskList
                0x0000000020000d2c        0x4 ./Middlewares/Third_Party/FreeRTOS/Source/tasks.o
 .bss.pxOverflowDelayedTaskList
                0x0000000020000d30        0x4 ./Middlewares/Third_Party/FreeRTOS/Source/tasks.o
 .bss.pxReadyTasksLists
                0x0000000020000d34      0x460 ./Middlewares/Third_Party/FreeRTOS/Source/tasks.o
 .bss.uxCurrentNumberOfTasks
                0x0000000020001194        0x4 ./Middlewares/Third_Party/FreeRTOS/Source/tasks.o
 .bss.uxDeletedTasksWaitingCleanUp
                0x0000000020001198        0x4 ./Middlewares/Third_Party/FreeRTOS/Source/tasks.o
 .bss.uxSchedulerSuspended
                0x000000002000119c        0x4 ./Middlewares/Third_Party/FreeRTOS/Source/tasks.o
 .bss.uxTaskNumber
                0x00000000200011a0        0x4 ./Middlewares/Third_Party/FreeRTOS/Source/tasks.o
 .bss.uxTopReadyPriority
                0x00000000200011a4        0x4 ./Middlewares/Third_Party/FreeRTOS/Source/tasks.o
 .bss.xDelayedTaskList1
                0x00000000200011a8       0x14 ./Middlewares/Third_Party/FreeRTOS/Source/tasks.o
 .bss.xDelayedTaskList2
                0x00000000200011bc       0x14 ./Middlewares/Third_Party/FreeRTOS/Source/tasks.o
 .bss.xNextTaskUnblockTime
                0x00000000200011d0        0x4 ./Middlewares/Third_Party/FreeRTOS/Source/tasks.o
 .bss.xNumOfOverflows
                0x00000000200011d4        0x4 ./Middlewares/Third_Party/FreeRTOS/Source/tasks.o
 .bss.xPendedTicks
                0x00000000200011d8        0x4 ./Middlewares/Third_Party/FreeRTOS/Source/tasks.o
 .bss.xPendingReadyList
                0x00000000200011dc       0x14 ./Middlewares/Third_Party/FreeRTOS/Source/tasks.o
 .bss.xSchedulerRunning
                0x00000000200011f0        0x4 ./Middlewares/Third_Party/FreeRTOS/Source/tasks.o
 .bss.xSuspendedTaskList
                0x00000000200011f4       0x14 ./Middlewares/Third_Party/FreeRTOS/Source/tasks.o
 .bss.xTasksWaitingTermination
                0x0000000020001208       0x14 ./Middlewares/Third_Party/FreeRTOS/Source/tasks.o
 .bss.xTickCount
                0x000000002000121c        0x4 ./Middlewares/Third_Party/FreeRTOS/Source/tasks.o
 .bss.xYieldPending
                0x0000000020001220        0x4 ./Middlewares/Third_Party/FreeRTOS/Source/tasks.o
 .bss.pxCurrentTimerList
                0x0000000020001224        0x4 ./Middlewares/Third_Party/FreeRTOS/Source/timers.o
 .bss.pxOverflowTimerList
                0x0000000020001228        0x4 ./Middlewares/Third_Party/FreeRTOS/Source/timers.o
 .bss.ucStaticTimerQueueStorage.1
                0x000000002000122c       0xa0 ./Middlewares/Third_Party/FreeRTOS/Source/timers.o
 .bss.xActiveTimerList1
                0x00000000200012cc       0x14 ./Middlewares/Third_Party/FreeRTOS/Source/timers.o
 .bss.xActiveTimerList2
                0x00000000200012e0       0x14 ./Middlewares/Third_Party/FreeRTOS/Source/timers.o
 .bss.xLastTime.2
                0x00000000200012f4        0x4 ./Middlewares/Third_Party/FreeRTOS/Source/timers.o
 .bss.xStaticTimerQueue.0
                0x00000000200012f8       0x50 ./Middlewares/Third_Party/FreeRTOS/Source/timers.o
 .bss.xTimerQueue
                0x0000000020001348        0x4 ./Middlewares/Third_Party/FreeRTOS/Source/timers.o
 .bss.xTimerTaskHandle
                0x000000002000134c        0x4 ./Middlewares/Third_Party/FreeRTOS/Source/timers.o
 .bss.ucMaxSysCallPriority
                0x0000000020001350        0x1 ./Middlewares/Third_Party/FreeRTOS/Source/portable/GCC/ARM_CM4F/port.o
 *fill*         0x0000000020001351        0x3 
 .bss.ulMaxPRIGROUPValue
                0x0000000020001354        0x4 ./Middlewares/Third_Party/FreeRTOS/Source/portable/GCC/ARM_CM4F/port.o
 .bss.pxEnd     0x0000000020001358        0x4 ./Middlewares/Third_Party/FreeRTOS/Source/portable/MemMang/heap_4.o
 .bss.ucHeap    0x000000002000135c     0x3c00 ./Middlewares/Third_Party/FreeRTOS/Source/portable/MemMang/heap_4.o
 .bss.xBlockAllocatedBit
                0x0000000020004f5c        0x4 ./Middlewares/Third_Party/FreeRTOS/Source/portable/MemMang/heap_4.o
 .bss.xFreeBytesRemaining
                0x0000000020004f60        0x4 ./Middlewares/Third_Party/FreeRTOS/Source/portable/MemMang/heap_4.o
 .bss.xMinimumEverFreeBytesRemaining
                0x0000000020004f64        0x4 ./Middlewares/Third_Party/FreeRTOS/Source/portable/MemMang/heap_4.o
 .bss.xNumberOfSuccessfulAllocations
                0x0000000020004f68        0x4 ./Middlewares/Third_Party/FreeRTOS/Source/portable/MemMang/heap_4.o
 .bss.xNumberOfSuccessfulFrees
                0x0000000020004f6c        0x4 ./Middlewares/Third_Party/FreeRTOS/Source/portable/MemMang/heap_4.o
 .bss.xStart    0x0000000020004f70        0x8 ./Middlewares/Third_Party/FreeRTOS/Source/portable/MemMang/heap_4.o
 .bss.OLED_GRAM
                0x0000000020004f78      0x400 ./PeripheralDriver/Src/oled.o
                0x0000000020004f78                OLED_GRAM
 *(COMMON)
                0x0000000020005378                . = ALIGN (0x4)
                0x0000000020005378                _ebss = .
                0x0000000020005378                __bss_end__ = _ebss

._user_heap_stack
                0x0000000020005378      0x600
                0x0000000020005378                . = ALIGN (0x8)
                [!provide]                        PROVIDE (end = .)
                0x0000000020005378                PROVIDE (_end = .)
                0x0000000020005578                . = (. + _Min_Heap_Size)
 *fill*         0x0000000020005378      0x200 
                0x0000000020005978                . = (. + _Min_Stack_Size)
 *fill*         0x0000000020005578      0x400 
                0x0000000020005978                . = ALIGN (0x8)

/DISCARD/
 libc.a(*)
 libm.a(*)
 libgcc.a(*)

.ARM.attributes
                0x0000000000000000       0x30
 *(.ARM.attributes)
 .ARM.attributes
                0x0000000000000000       0x1e D:/stm32cube/STM32CubeIDE/plugins/com.st.stm32cube.ide.mcu.externaltools.gnu-tools-for-stm32.11.3.rel1.win32_1.1.0.202305231506/tools/bin/../lib/gcc/arm-none-eabi/11.3.1/thumb/v7e-m+fp/hard/crti.o
 .ARM.attributes
                0x000000000000001e       0x34 D:/stm32cube/STM32CubeIDE/plugins/com.st.stm32cube.ide.mcu.externaltools.gnu-tools-for-stm32.11.3.rel1.win32_1.1.0.202305231506/tools/bin/../lib/gcc/arm-none-eabi/11.3.1/thumb/v7e-m+fp/hard/crtbegin.o
 .ARM.attributes
                0x0000000000000052       0x34 ./Core/Src/main.o
 .ARM.attributes
                0x0000000000000086       0x34 ./Core/Src/stm32f4xx_hal_msp.o
 .ARM.attributes
                0x00000000000000ba       0x34 ./Core/Src/stm32f4xx_hal_timebase_tim.o
 .ARM.attributes
                0x00000000000000ee       0x34 ./Core/Src/stm32f4xx_it.o
 .ARM.attributes
                0x0000000000000122       0x34 ./Core/Src/system_stm32f4xx.o
 .ARM.attributes
                0x0000000000000156       0x21 ./Core/Startup/startup_stm32f407vetx.o
 .ARM.attributes
                0x0000000000000177       0x34 ./Drivers/STM32F4xx_HAL_Driver/Src/stm32f4xx_hal.o
 .ARM.attributes
                0x00000000000001ab       0x34 ./Drivers/STM32F4xx_HAL_Driver/Src/stm32f4xx_hal_adc.o
 .ARM.attributes
                0x00000000000001df       0x34 ./Drivers/STM32F4xx_HAL_Driver/Src/stm32f4xx_hal_cortex.o
 .ARM.attributes
                0x0000000000000213       0x34 ./Drivers/STM32F4xx_HAL_Driver/Src/stm32f4xx_hal_dma.o
 .ARM.attributes
                0x0000000000000247       0x34 ./Drivers/STM32F4xx_HAL_Driver/Src/stm32f4xx_hal_gpio.o
 .ARM.attributes
                0x000000000000027b       0x34 ./Drivers/STM32F4xx_HAL_Driver/Src/stm32f4xx_hal_i2c.o
 .ARM.attributes
                0x00000000000002af       0x34 ./Drivers/STM32F4xx_HAL_Driver/Src/stm32f4xx_hal_pwr.o
 .ARM.attributes
                0x00000000000002e3       0x34 ./Drivers/STM32F4xx_HAL_Driver/Src/stm32f4xx_hal_rcc.o
 .ARM.attributes
                0x0000000000000317       0x34 ./Drivers/STM32F4xx_HAL_Driver/Src/stm32f4xx_hal_tim.o
 .ARM.attributes
                0x000000000000034b       0x34 ./Drivers/STM32F4xx_HAL_Driver/Src/stm32f4xx_hal_tim_ex.o
 .ARM.attributes
                0x000000000000037f       0x34 ./Drivers/STM32F4xx_HAL_Driver/Src/stm32f4xx_hal_uart.o
 .ARM.attributes
                0x00000000000003b3       0x34 ./Middlewares/Third_Party/FreeRTOS/Source/CMSIS_RTOS_V2/cmsis_os2.o
 .ARM.attributes
                0x00000000000003e7       0x34 ./Middlewares/Third_Party/FreeRTOS/Source/list.o
 .ARM.attributes
                0x000000000000041b       0x34 ./Middlewares/Third_Party/FreeRTOS/Source/queue.o
 .ARM.attributes
                0x000000000000044f       0x34 ./Middlewares/Third_Party/FreeRTOS/Source/tasks.o
 .ARM.attributes
                0x0000000000000483       0x34 ./Middlewares/Third_Party/FreeRTOS/Source/timers.o
 .ARM.attributes
                0x00000000000004b7       0x34 ./Middlewares/Third_Party/FreeRTOS/Source/portable/GCC/ARM_CM4F/port.o
 .ARM.attributes
                0x00000000000004eb       0x34 ./Middlewares/Third_Party/FreeRTOS/Source/portable/MemMang/heap_4.o
 .ARM.attributes
                0x000000000000051f       0x34 ./PeripheralDriver/Src/ICM20948.o
 .ARM.attributes
                0x0000000000000553       0x34 ./PeripheralDriver/Src/oled.o
 .ARM.attributes
                0x0000000000000587       0x34 D:/stm32cube/STM32CubeIDE/plugins/com.st.stm32cube.ide.mcu.externaltools.gnu-tools-for-stm32.11.3.rel1.win32_1.1.0.202305231506/tools/bin/../lib/gcc/arm-none-eabi/11.3.1/../../../../arm-none-eabi/lib/thumb/v7e-m+fp/hard\libc_nano.a(libc_a-memset.o)
 .ARM.attributes
                0x00000000000005bb       0x34 D:/stm32cube/STM32CubeIDE/plugins/com.st.stm32cube.ide.mcu.externaltools.gnu-tools-for-stm32.11.3.rel1.win32_1.1.0.202305231506/tools/bin/../lib/gcc/arm-none-eabi/11.3.1/../../../../arm-none-eabi/lib/thumb/v7e-m+fp/hard\libc_nano.a(libc_a-init.o)
 .ARM.attributes
                0x00000000000005ef       0x34 D:/stm32cube/STM32CubeIDE/plugins/com.st.stm32cube.ide.mcu.externaltools.gnu-tools-for-stm32.11.3.rel1.win32_1.1.0.202305231506/tools/bin/../lib/gcc/arm-none-eabi/11.3.1/../../../../arm-none-eabi/lib/thumb/v7e-m+fp/hard\libc_nano.a(libc_a-strcpy.o)
 .ARM.attributes
                0x0000000000000623       0x34 D:/stm32cube/STM32CubeIDE/plugins/com.st.stm32cube.ide.mcu.externaltools.gnu-tools-for-stm32.11.3.rel1.win32_1.1.0.202305231506/tools/bin/../lib/gcc/arm-none-eabi/11.3.1/../../../../arm-none-eabi/lib/thumb/v7e-m+fp/hard\libc_nano.a(libc_a-memcpy-stub.o)
 .ARM.attributes
                0x0000000000000657       0x1e D:/stm32cube/STM32CubeIDE/plugins/com.st.stm32cube.ide.mcu.externaltools.gnu-tools-for-stm32.11.3.rel1.win32_1.1.0.202305231506/tools/bin/../lib/gcc/arm-none-eabi/11.3.1/thumb/v7e-m+fp/hard\libgcc.a(_arm_addsubdf3.o)
 .ARM.attributes
                0x0000000000000675       0x1e D:/stm32cube/STM32CubeIDE/plugins/com.st.stm32cube.ide.mcu.externaltools.gnu-tools-for-stm32.11.3.rel1.win32_1.1.0.202305231506/tools/bin/../lib/gcc/arm-none-eabi/11.3.1/thumb/v7e-m+fp/hard\libgcc.a(_arm_muldivdf3.o)
 .ARM.attributes
                0x0000000000000693       0x1e D:/stm32cube/STM32CubeIDE/plugins/com.st.stm32cube.ide.mcu.externaltools.gnu-tools-for-stm32.11.3.rel1.win32_1.1.0.202305231506/tools/bin/../lib/gcc/arm-none-eabi/11.3.1/thumb/v7e-m+fp/hard\libgcc.a(_arm_cmpdf2.o)
 .ARM.attributes
                0x00000000000006b1       0x1e D:/stm32cube/STM32CubeIDE/plugins/com.st.stm32cube.ide.mcu.externaltools.gnu-tools-for-stm32.11.3.rel1.win32_1.1.0.202305231506/tools/bin/../lib/gcc/arm-none-eabi/11.3.1/thumb/v7e-m+fp/hard\libgcc.a(_arm_fixunsdfsi.o)
 .ARM.attributes
                0x00000000000006cf       0x1e D:/stm32cube/STM32CubeIDE/plugins/com.st.stm32cube.ide.mcu.externaltools.gnu-tools-for-stm32.11.3.rel1.win32_1.1.0.202305231506/tools/bin/../lib/gcc/arm-none-eabi/11.3.1/thumb/v7e-m+fp/hard\libgcc.a(_arm_truncdfsf2.o)
 .ARM.attributes
                0x00000000000006ed       0x1e D:/stm32cube/STM32CubeIDE/plugins/com.st.stm32cube.ide.mcu.externaltools.gnu-tools-for-stm32.11.3.rel1.win32_1.1.0.202305231506/tools/bin/../lib/gcc/arm-none-eabi/11.3.1/thumb/v7e-m+fp/hard\libgcc.a(_aeabi_uldivmod.o)
 .ARM.attributes
                0x000000000000070b       0x34 D:/stm32cube/STM32CubeIDE/plugins/com.st.stm32cube.ide.mcu.externaltools.gnu-tools-for-stm32.11.3.rel1.win32_1.1.0.202305231506/tools/bin/../lib/gcc/arm-none-eabi/11.3.1/thumb/v7e-m+fp/hard\libgcc.a(_udivmoddi4.o)
 .ARM.attributes
                0x000000000000073f       0x1e D:/stm32cube/STM32CubeIDE/plugins/com.st.stm32cube.ide.mcu.externaltools.gnu-tools-for-stm32.11.3.rel1.win32_1.1.0.202305231506/tools/bin/../lib/gcc/arm-none-eabi/11.3.1/thumb/v7e-m+fp/hard\libgcc.a(_dvmd_tls.o)
 .ARM.attributes
                0x000000000000075d       0x1e D:/stm32cube/STM32CubeIDE/plugins/com.st.stm32cube.ide.mcu.externaltools.gnu-tools-for-stm32.11.3.rel1.win32_1.1.0.202305231506/tools/bin/../lib/gcc/arm-none-eabi/11.3.1/thumb/v7e-m+fp/hard/crtn.o
OUTPUT(MDP_code.elf elf32-littlearm)
LOAD linker stubs
LOAD D:/stm32cube/STM32CubeIDE/plugins/com.st.stm32cube.ide.mcu.externaltools.gnu-tools-for-stm32.11.3.rel1.win32_1.1.0.202305231506/tools/bin/../lib/gcc/arm-none-eabi/11.3.1/../../../../arm-none-eabi/lib/thumb/v7e-m+fp/hard\libc.a
LOAD D:/stm32cube/STM32CubeIDE/plugins/com.st.stm32cube.ide.mcu.externaltools.gnu-tools-for-stm32.11.3.rel1.win32_1.1.0.202305231506/tools/bin/../lib/gcc/arm-none-eabi/11.3.1/../../../../arm-none-eabi/lib/thumb/v7e-m+fp/hard\libm.a
LOAD D:/stm32cube/STM32CubeIDE/plugins/com.st.stm32cube.ide.mcu.externaltools.gnu-tools-for-stm32.11.3.rel1.win32_1.1.0.202305231506/tools/bin/../lib/gcc/arm-none-eabi/11.3.1/thumb/v7e-m+fp/hard\libgcc.a

.comment        0x0000000000000000       0x43
 .comment       0x0000000000000000       0x43 D:/stm32cube/STM32CubeIDE/plugins/com.st.stm32cube.ide.mcu.externaltools.gnu-tools-for-stm32.11.3.rel1.win32_1.1.0.202305231506/tools/bin/../lib/gcc/arm-none-eabi/11.3.1/thumb/v7e-m+fp/hard/crtbegin.o
                                         0x44 (size before relaxing)
 .comment       0x0000000000000043       0x44 ./Core/Src/main.o
 .comment       0x0000000000000043       0x44 ./Core/Src/stm32f4xx_hal_msp.o
 .comment       0x0000000000000043       0x44 ./Core/Src/stm32f4xx_hal_timebase_tim.o
 .comment       0x0000000000000043       0x44 ./Core/Src/stm32f4xx_it.o
 .comment       0x0000000000000043       0x44 ./Core/Src/system_stm32f4xx.o
 .comment       0x0000000000000043       0x44 ./Drivers/STM32F4xx_HAL_Driver/Src/stm32f4xx_hal.o
 .comment       0x0000000000000043       0x44 ./Drivers/STM32F4xx_HAL_Driver/Src/stm32f4xx_hal_adc.o
 .comment       0x0000000000000043       0x44 ./Drivers/STM32F4xx_HAL_Driver/Src/stm32f4xx_hal_cortex.o
 .comment       0x0000000000000043       0x44 ./Drivers/STM32F4xx_HAL_Driver/Src/stm32f4xx_hal_dma.o
 .comment       0x0000000000000043       0x44 ./Drivers/STM32F4xx_HAL_Driver/Src/stm32f4xx_hal_gpio.o
 .comment       0x0000000000000043       0x44 ./Drivers/STM32F4xx_HAL_Driver/Src/stm32f4xx_hal_i2c.o
 .comment       0x0000000000000043       0x44 ./Drivers/STM32F4xx_HAL_Driver/Src/stm32f4xx_hal_pwr.o
 .comment       0x0000000000000043       0x44 ./Drivers/STM32F4xx_HAL_Driver/Src/stm32f4xx_hal_rcc.o
 .comment       0x0000000000000043       0x44 ./Drivers/STM32F4xx_HAL_Driver/Src/stm32f4xx_hal_tim.o
 .comment       0x0000000000000043       0x44 ./Drivers/STM32F4xx_HAL_Driver/Src/stm32f4xx_hal_tim_ex.o
 .comment       0x0000000000000043       0x44 ./Drivers/STM32F4xx_HAL_Driver/Src/stm32f4xx_hal_uart.o
 .comment       0x0000000000000043       0x44 ./Middlewares/Third_Party/FreeRTOS/Source/CMSIS_RTOS_V2/cmsis_os2.o
 .comment       0x0000000000000043       0x44 ./Middlewares/Third_Party/FreeRTOS/Source/list.o
 .comment       0x0000000000000043       0x44 ./Middlewares/Third_Party/FreeRTOS/Source/queue.o
 .comment       0x0000000000000043       0x44 ./Middlewares/Third_Party/FreeRTOS/Source/tasks.o
 .comment       0x0000000000000043       0x44 ./Middlewares/Third_Party/FreeRTOS/Source/timers.o
 .comment       0x0000000000000043       0x44 ./Middlewares/Third_Party/FreeRTOS/Source/portable/GCC/ARM_CM4F/port.o
 .comment       0x0000000000000043       0x44 ./Middlewares/Third_Party/FreeRTOS/Source/portable/MemMang/heap_4.o
 .comment       0x0000000000000043       0x44 ./PeripheralDriver/Src/ICM20948.o
 .comment       0x0000000000000043       0x44 ./PeripheralDriver/Src/oled.o

.debug_frame    0x0000000000000000      0x2fc
 .debug_frame   0x0000000000000000       0x20 D:/stm32cube/STM32CubeIDE/plugins/com.st.stm32cube.ide.mcu.externaltools.gnu-tools-for-stm32.11.3.rel1.win32_1.1.0.202305231506/tools/bin/../lib/gcc/arm-none-eabi/11.3.1/../../../../arm-none-eabi/lib/thumb/v7e-m+fp/hard\libc_nano.a(libc_a-memset.o)
 .debug_frame   0x0000000000000020       0x2c D:/stm32cube/STM32CubeIDE/plugins/com.st.stm32cube.ide.mcu.externaltools.gnu-tools-for-stm32.11.3.rel1.win32_1.1.0.202305231506/tools/bin/../lib/gcc/arm-none-eabi/11.3.1/../../../../arm-none-eabi/lib/thumb/v7e-m+fp/hard\libc_nano.a(libc_a-init.o)
 .debug_frame   0x000000000000004c       0x20 D:/stm32cube/STM32CubeIDE/plugins/com.st.stm32cube.ide.mcu.externaltools.gnu-tools-for-stm32.11.3.rel1.win32_1.1.0.202305231506/tools/bin/../lib/gcc/arm-none-eabi/11.3.1/../../../../arm-none-eabi/lib/thumb/v7e-m+fp/hard\libc_nano.a(libc_a-strcpy.o)
 .debug_frame   0x000000000000006c       0x28 D:/stm32cube/STM32CubeIDE/plugins/com.st.stm32cube.ide.mcu.externaltools.gnu-tools-for-stm32.11.3.rel1.win32_1.1.0.202305231506/tools/bin/../lib/gcc/arm-none-eabi/11.3.1/../../../../arm-none-eabi/lib/thumb/v7e-m+fp/hard\libc_nano.a(libc_a-memcpy-stub.o)
 .debug_frame   0x0000000000000094       0xac D:/stm32cube/STM32CubeIDE/plugins/com.st.stm32cube.ide.mcu.externaltools.gnu-tools-for-stm32.11.3.rel1.win32_1.1.0.202305231506/tools/bin/../lib/gcc/arm-none-eabi/11.3.1/thumb/v7e-m+fp/hard\libgcc.a(_arm_addsubdf3.o)
 .debug_frame   0x0000000000000140       0x50 D:/stm32cube/STM32CubeIDE/plugins/com.st.stm32cube.ide.mcu.externaltools.gnu-tools-for-stm32.11.3.rel1.win32_1.1.0.202305231506/tools/bin/../lib/gcc/arm-none-eabi/11.3.1/thumb/v7e-m+fp/hard\libgcc.a(_arm_muldivdf3.o)
 .debug_frame   0x0000000000000190       0xc4 D:/stm32cube/STM32CubeIDE/plugins/com.st.stm32cube.ide.mcu.externaltools.gnu-tools-for-stm32.11.3.rel1.win32_1.1.0.202305231506/tools/bin/../lib/gcc/arm-none-eabi/11.3.1/thumb/v7e-m+fp/hard\libgcc.a(_arm_cmpdf2.o)
 .debug_frame   0x0000000000000254       0x24 D:/stm32cube/STM32CubeIDE/plugins/com.st.stm32cube.ide.mcu.externaltools.gnu-tools-for-stm32.11.3.rel1.win32_1.1.0.202305231506/tools/bin/../lib/gcc/arm-none-eabi/11.3.1/thumb/v7e-m+fp/hard\libgcc.a(_arm_fixunsdfsi.o)
 .debug_frame   0x0000000000000278       0x24 D:/stm32cube/STM32CubeIDE/plugins/com.st.stm32cube.ide.mcu.externaltools.gnu-tools-for-stm32.11.3.rel1.win32_1.1.0.202305231506/tools/bin/../lib/gcc/arm-none-eabi/11.3.1/thumb/v7e-m+fp/hard\libgcc.a(_arm_truncdfsf2.o)
 .debug_frame   0x000000000000029c       0x2c D:/stm32cube/STM32CubeIDE/plugins/com.st.stm32cube.ide.mcu.externaltools.gnu-tools-for-stm32.11.3.rel1.win32_1.1.0.202305231506/tools/bin/../lib/gcc/arm-none-eabi/11.3.1/thumb/v7e-m+fp/hard\libgcc.a(_aeabi_uldivmod.o)
 .debug_frame   0x00000000000002c8       0x34 D:/stm32cube/STM32CubeIDE/plugins/com.st.stm32cube.ide.mcu.externaltools.gnu-tools-for-stm32.11.3.rel1.win32_1.1.0.202305231506/tools/bin/../lib/gcc/arm-none-eabi/11.3.1/thumb/v7e-m+fp/hard\libgcc.a(_udivmoddi4.o)
