Archive member included to satisfy reference by file (symbol)

D:/UsefulSoftware/STM32CubeIDE_1.13.1/STM32CubeIDE/plugins/com.st.stm32cube.ide.mcu.externaltools.gnu-tools-for-stm32.11.3.rel1.win32_1.1.0.202305231506/tools/bin/../lib/gcc/arm-none-eabi/11.3.1/../../../../arm-none-eabi/lib/thumb/v7e-m+fp/hard\libc_nano.a(libc_a-exit.o)
                              D:/UsefulSoftware/STM32CubeIDE_1.13.1/STM32CubeIDE/plugins/com.st.stm32cube.ide.mcu.externaltools.gnu-tools-for-stm32.11.3.rel1.win32_1.1.0.202305231506/tools/bin/../lib/gcc/arm-none-eabi/11.3.1/../../../../arm-none-eabi/lib/thumb/v7e-m+fp/hard/crt0.o (exit)
D:/UsefulSoftware/STM32CubeIDE_1.13.1/STM32CubeIDE/plugins/com.st.stm32cube.ide.mcu.externaltools.gnu-tools-for-stm32.11.3.rel1.win32_1.1.0.202305231506/tools/bin/../lib/gcc/arm-none-eabi/11.3.1/../../../../arm-none-eabi/lib/thumb/v7e-m+fp/hard\libc_nano.a(libc_a-nano-vfprintf_float.o)
                              (_printf_float)
D:/UsefulSoftware/STM32CubeIDE_1.13.1/STM32CubeIDE/plugins/com.st.stm32cube.ide.mcu.externaltools.gnu-tools-for-stm32.11.3.rel1.win32_1.1.0.202305231506/tools/bin/../lib/gcc/arm-none-eabi/11.3.1/../../../../arm-none-eabi/lib/thumb/v7e-m+fp/hard\libc_nano.a(libc_a-nano-vfprintf_i.o)
                              D:/UsefulSoftware/STM32CubeIDE_1.13.1/STM32CubeIDE/plugins/com.st.stm32cube.ide.mcu.externaltools.gnu-tools-for-stm32.11.3.rel1.win32_1.1.0.202305231506/tools/bin/../lib/gcc/arm-none-eabi/11.3.1/../../../../arm-none-eabi/lib/thumb/v7e-m+fp/hard\libc_nano.a(libc_a-nano-vfprintf_float.o) (_printf_common)
D:/UsefulSoftware/STM32CubeIDE_1.13.1/STM32CubeIDE/plugins/com.st.stm32cube.ide.mcu.externaltools.gnu-tools-for-stm32.11.3.rel1.win32_1.1.0.202305231506/tools/bin/../lib/gcc/arm-none-eabi/11.3.1/../../../../arm-none-eabi/lib/thumb/v7e-m+fp/hard\libc_nano.a(libc_a-findfp.o)
                              ./Middlewares/Third_Party/FreeRTOS/Source/tasks.o (__sf)
D:/UsefulSoftware/STM32CubeIDE_1.13.1/STM32CubeIDE/plugins/com.st.stm32cube.ide.mcu.externaltools.gnu-tools-for-stm32.11.3.rel1.win32_1.1.0.202305231506/tools/bin/../lib/gcc/arm-none-eabi/11.3.1/../../../../arm-none-eabi/lib/thumb/v7e-m+fp/hard\libc_nano.a(libc_a-fwalk.o)
                              D:/UsefulSoftware/STM32CubeIDE_1.13.1/STM32CubeIDE/plugins/com.st.stm32cube.ide.mcu.externaltools.gnu-tools-for-stm32.11.3.rel1.win32_1.1.0.202305231506/tools/bin/../lib/gcc/arm-none-eabi/11.3.1/../../../../arm-none-eabi/lib/thumb/v7e-m+fp/hard\libc_nano.a(libc_a-findfp.o) (_fwalk_sglue)
D:/UsefulSoftware/STM32CubeIDE_1.13.1/STM32CubeIDE/plugins/com.st.stm32cube.ide.mcu.externaltools.gnu-tools-for-stm32.11.3.rel1.win32_1.1.0.202305231506/tools/bin/../lib/gcc/arm-none-eabi/11.3.1/../../../../arm-none-eabi/lib/thumb/v7e-m+fp/hard\libc_nano.a(libc_a-sprintf.o)
                              ./Core/Src/main.o (sprintf)
D:/UsefulSoftware/STM32CubeIDE_1.13.1/STM32CubeIDE/plugins/com.st.stm32cube.ide.mcu.externaltools.gnu-tools-for-stm32.11.3.rel1.win32_1.1.0.202305231506/tools/bin/../lib/gcc/arm-none-eabi/11.3.1/../../../../arm-none-eabi/lib/thumb/v7e-m+fp/hard\libc_nano.a(libc_a-stdio.o)
                              D:/UsefulSoftware/STM32CubeIDE_1.13.1/STM32CubeIDE/plugins/com.st.stm32cube.ide.mcu.externaltools.gnu-tools-for-stm32.11.3.rel1.win32_1.1.0.202305231506/tools/bin/../lib/gcc/arm-none-eabi/11.3.1/../../../../arm-none-eabi/lib/thumb/v7e-m+fp/hard\libc_nano.a(libc_a-findfp.o) (__sread)
D:/UsefulSoftware/STM32CubeIDE_1.13.1/STM32CubeIDE/plugins/com.st.stm32cube.ide.mcu.externaltools.gnu-tools-for-stm32.11.3.rel1.win32_1.1.0.202305231506/tools/bin/../lib/gcc/arm-none-eabi/11.3.1/../../../../arm-none-eabi/lib/thumb/v7e-m+fp/hard\libc_nano.a(libc_a-memset.o)
                              D:/UsefulSoftware/STM32CubeIDE_1.13.1/STM32CubeIDE/plugins/com.st.stm32cube.ide.mcu.externaltools.gnu-tools-for-stm32.11.3.rel1.win32_1.1.0.202305231506/tools/bin/../lib/gcc/arm-none-eabi/11.3.1/../../../../arm-none-eabi/lib/thumb/v7e-m+fp/hard/crt0.o (memset)
D:/UsefulSoftware/STM32CubeIDE_1.13.1/STM32CubeIDE/plugins/com.st.stm32cube.ide.mcu.externaltools.gnu-tools-for-stm32.11.3.rel1.win32_1.1.0.202305231506/tools/bin/../lib/gcc/arm-none-eabi/11.3.1/../../../../arm-none-eabi/lib/thumb/v7e-m+fp/hard\libc_nano.a(libc_a-localeconv.o)
                              D:/UsefulSoftware/STM32CubeIDE_1.13.1/STM32CubeIDE/plugins/com.st.stm32cube.ide.mcu.externaltools.gnu-tools-for-stm32.11.3.rel1.win32_1.1.0.202305231506/tools/bin/../lib/gcc/arm-none-eabi/11.3.1/../../../../arm-none-eabi/lib/thumb/v7e-m+fp/hard\libc_nano.a(libc_a-nano-vfprintf_float.o) (_localeconv_r)
D:/UsefulSoftware/STM32CubeIDE_1.13.1/STM32CubeIDE/plugins/com.st.stm32cube.ide.mcu.externaltools.gnu-tools-for-stm32.11.3.rel1.win32_1.1.0.202305231506/tools/bin/../lib/gcc/arm-none-eabi/11.3.1/../../../../arm-none-eabi/lib/thumb/v7e-m+fp/hard\libc_nano.a(libc_a-closer.o)
[...]
Memory Configuration

Name             Origin             Length             Attributes
CCMRAM           0x0000000010000000 0x0000000000010000 xrw
RAM              0x0000000020000000 0x0000000000020000 xrw
FLASH            0x0000000008000000 0x0000000000080000 xr
*default*        0x0000000000000000 0xffffffffffffffff

Linker script and memory map

LOAD D:/UsefulSoftware/STM32CubeIDE_1.13.1/STM32CubeIDE/plugins/com.st.stm32cube.ide.mcu.externaltools.gnu-tools-for-stm32.11.3.rel1.win32_1.1.0.202305231506/tools/bin/../lib/gcc/arm-none-eabi/11.3.1/thumb/v7e-m+fp/hard/crti.o
LOAD D:/UsefulSoftware/STM32CubeIDE_1.13.1/STM32CubeIDE/plugins/com.st.stm32cube.ide.mcu.externaltools.gnu-tools-for-stm32.11.3.rel1.win32_1.1.0.202305231506/tools/bin/../lib/gcc/arm-none-eabi/11.3.1/thumb/v7e-m+fp/hard/crtbegin.o
LOAD D:/UsefulSoftware/STM32CubeIDE_1.13.1/STM32CubeIDE/plugins/com.st.stm32cube.ide.mcu.externaltools.gnu-tools-for-stm32.11.3.rel1.win32_1.1.0.202305231506/tools/bin/../lib/gcc/arm-none-eabi/11.3.1/../../../../arm-none-eabi/lib/thumb/v7e-m+fp/hard/crt0.o
LOAD ./Core/Src/freertos.o
LOAD ./Core/Src/main.o
LOAD ./Core/Src/stm32f4xx_hal_msp.o
LOAD ./Core/Src/stm32f4xx_it.o
LOAD ./Core/Src/syscalls.o
LOAD ./Core/Src/sysmem.o
LOAD ./Core/Src/system_stm32f4xx.o
LOAD ./Core/Startup/startup_stm32f407vetx.o
LOAD ./Drivers/STM32F4xx_HAL_Driver/Src/stm32f4xx_hal.o
LOAD ./Drivers/STM32F4xx_HAL_Driver/Src/stm32f4xx_hal_cortex.o
LOAD ./Drivers/STM32F4xx_HAL_Driver/Src/stm32f4xx_hal_dma.o
LOAD ./Drivers/STM32F4xx_HAL_Driver/Src/stm32f4xx_hal_dma_ex.o
LOAD ./Drivers/STM32F4xx_HAL_Driver/Src/stm32f4xx_hal_exti.o
LOAD ./Drivers/STM32F4xx_HAL_Driver/Src/stm32f4xx_hal_flash.o
LOAD ./Drivers/STM32F4xx_HAL_Driver/Src/stm32f4xx_hal_flash_ex.o
LOAD ./Drivers/STM32F4xx_HAL_Driver/Src/stm32f4xx_hal_flash_ramfunc.o
LOAD ./Drivers/STM32F4xx_HAL_Driver/Src/stm32f4xx_hal_gpio.o
LOAD ./Drivers/STM32F4xx_HAL_Driver/Src/stm32f4xx_hal_i2c.o
LOAD ./Drivers/STM32F4xx_HAL_Driver/Src/stm32f4xx_hal_i2c_ex.o
LOAD ./Drivers/STM32F4xx_HAL_Driver/Src/stm32f4xx_hal_pwr.o
LOAD ./Drivers/STM32F4xx_HAL_Driver/Src/stm32f4xx_hal_pwr_ex.o
LOAD ./Drivers/STM32F4xx_HAL_Driver/Src/stm32f4xx_hal_rcc.o
LOAD ./Drivers/STM32F4xx_HAL_Driver/Src/stm32f4xx_hal_rcc_ex.o
LOAD ./Drivers/STM32F4xx_HAL_Driver/Src/stm32f4xx_hal_tim.o
LOAD ./Drivers/STM32F4xx_HAL_Driver/Src/stm32f4xx_hal_tim_ex.o
LOAD ./Drivers/STM32F4xx_HAL_Driver/Src/stm32f4xx_hal_uart.o
LOAD ./Middlewares/Third_Party/FreeRTOS/Source/CMSIS_RTOS_V2/cmsis_os2.o
LOAD ./Middlewares/Third_Party/FreeRTOS/Source/croutine.o
LOAD ./Middlewares/Third_Party/FreeRTOS/Source/event_groups.o
LOAD ./Middlewares/Third_Party/FreeRTOS/Source/list.o
LOAD ./Middlewares/Third_Party/FreeRTOS/Source/queue.o
LOAD ./Middlewares/Third_Party/FreeRTOS/Source/stream_buffer.o
LOAD ./Middlewares/Third_Party/FreeRTOS/Source/tasks.o
LOAD ./Middlewares/Third_Party/FreeRTOS/Source/timers.o
LOAD ./Middlewares/Third_Party/FreeRTOS/Source/portable/GCC/ARM_CM4F/port.o
LOAD ./Middlewares/Third_Party/FreeRTOS/Source/portable/MemMang/heap_4.o
LOAD ./PeripheralDriver/Src/ICM20948.o
LOAD ./PeripheralDriver/Src/oled.o
START GROUP
LOAD D:/UsefulSoftware/STM32CubeIDE_1.13.1/STM32CubeIDE/plugins/com.st.stm32cube.ide.mcu.externaltools.gnu-tools-for-stm32.11.3.rel1.win32_1.1.0.202305231506/tools/bin/../lib/gcc/arm-none-eabi/11.3.1/../../../../arm-none-eabi/lib/thumb/v7e-m+fp/hard\libc_nano.a
LOAD D:/UsefulSoftware/STM32CubeIDE_1.13.1/STM32CubeIDE/plugins/com.st.stm32cube.ide.mcu.externaltools.gnu-tools-for-stm32.11.3.rel1.win32_1.1.0.202305231506/tools/bin/../lib/gcc/arm-none-eabi/11.3.1/../../../../arm-none-eabi/lib/thumb/v7e-m+fp/hard\libm.a
END GROUP
START GROUP
LOAD D:/UsefulSoftware/STM32CubeIDE_1.13.1/STM32CubeIDE/plugins/com.st.stm32cube.ide.mcu.externaltools.gnu-tools-for-stm32.11.3.rel1.win32_1.1.0.202305231506/tools/bin/../lib/gcc/arm-none-eabi/11.3.1/thumb/v7e-m+fp/hard\libgcc.a
LOAD D:/UsefulSoftware/STM32CubeIDE_1.13.1/STM32CubeIDE/plugins/com.st.stm32cube.ide.mcu.externaltools.gnu-tools-for-stm32.11.3.rel1.win32_1.1.0.202305231506/tools/bin/../lib/gcc/arm-none-eabi/11.3.1/../../../../arm-none-eabi/lib/thumb/v7e-m+fp/hard\libc_nano.a
END GROUP
START GROUP
LOAD D:/UsefulSoftware/STM32CubeIDE_1.13.1/STM32CubeIDE/plugins/com.st.stm32cube.ide.mcu.externaltools.gnu-tools-for-stm32.11.3.rel1.win32_1.1.0.202305231506/tools/bin/../lib/gcc/arm-none-eabi/11.3.1/thumb/v7e-m+fp/hard\libgcc.a
LOAD D:/UsefulSoftware/STM32CubeIDE_1.13.1/STM32CubeIDE/plugins/com.st.stm32cube.ide.mcu.externaltools.gnu-tools-for-stm32.11.3.rel1.win32_1.1.0.202305231506/tools/bin/../lib/gcc/arm-none-eabi/11.3.1/../../../../arm-none-eabi/lib/thumb/v7e-m+fp/hard\libc_nano.a
LOAD D:/UsefulSoftware/STM32CubeIDE_1.13.1/STM32CubeIDE/plugins/com.st.stm32cube.ide.mcu.externaltools.gnu-tools-for-stm32.11.3.rel1.win32_1.1.0.202305231506/tools/bin/../lib/gcc/arm-none-eabi/11.3.1/../../../../arm-none-eabi/lib/thumb/v7e-m+fp/hard\libnosys.a
END GROUP
START GROUP
LOAD D:/UsefulSoftware/STM32CubeIDE_1.13.1/STM32CubeIDE/plugins/com.st.stm32cube.ide.mcu.externaltools.gnu-tools-for-stm32.11.3.rel1.win32_1.1.0.202305231506/tools/bin/../lib/gcc/arm-none-eabi/11.3.1/thumb/v7e-m+fp/hard\libgcc.a
LOAD D:/UsefulSoftware/STM32CubeIDE_1.13.1/STM32CubeIDE/plugins/com.st.stm32cube.ide.mcu.externaltools.gnu-tools-for-stm32.11.3.rel1.win32_1.1.0.202305231506/tools/bin/../lib/gcc/arm-none-eabi/11.3.1/../../../../arm-none-eabi/lib/thumb/v7e-m+fp/hard\libc_nano.a
LOAD D:/UsefulSoftware/STM32CubeIDE_1.13.1/STM32CubeIDE/plugins/com.st.stm32cube.ide.mcu.externaltools.gnu-tools-for-stm32.11.3.rel1.win32_1.1.0.202305231506/tools/bin/../lib/gcc/arm-none-eabi/11.3.1/../../../../arm-none-eabi/lib/thumb/v7e-m+fp/hard\libnosys.a
END GROUP
LOAD D:/UsefulSoftware/STM32CubeIDE_1.13.1/STM32CubeIDE/plugins/com.st.stm32cube.ide.mcu.externaltools.gnu-tools-for-stm32.11.3.rel1.win32_1.1.0.202305231506/tools/bin/../lib/gcc/arm-none-eabi/11.3.1/thumb/v7e-m+fp/hard/crtend.o
LOAD D:/UsefulSoftware/STM32CubeIDE_1.13.1/STM32CubeIDE/plugins/com.st.stm32cube.ide.mcu.externaltools.gnu-tools-for-stm32.11.3.rel1.win32_1.1.0.202305231506/tools/bin/../lib/gcc/arm-none-eabi/11.3.1/thumb/v7e-m+fp/hard/crtn.o
                0x0000000020020000                _estack = (ORIGIN (RAM) + LENGTH (RAM))
                0x0000000000000200                _Min_Heap_Size = 0x200
                0x0000000000000400                _Min_Stack_Size = 0x400

.isr_vector     0x0000000008000000      0x188
                0x0000000008000000                . = ALIGN (0x4)
 *(.isr_vector)
 .isr_vector    0x0000000008000000      0x188 ./Core/Startup/startup_stm32f407vetx.o
                0x0000000008000000                g_pfnVectors
                0x0000000008000188                . = ALIGN (0x4)

.text           0x0000000008000190     0xe6f4
                0x0000000008000190                . = ALIGN (0x4)
 *(.text)
 .text          0x0000000008000190       0x40 D:/UsefulSoftware/STM32CubeIDE_1.13.1/STM32CubeIDE/plugins/com.st.stm32cube.ide.mcu.externaltools.gnu-tools-for-stm32.11.3.rel1.win32_1.1.0.202305231506/tools/bin/../lib/gcc/arm-none-eabi/11.3.1/thumb/v7e-m+fp/hard/crtbegin.o
 .text          0x00000000080001d0       0xa0 D:/UsefulSoftware/STM32CubeIDE_1.13.1/STM32CubeIDE/plugins/com.st.stm32cube.ide.mcu.externaltools.gnu-tools-for-stm32.11.3.rel1.win32_1.1.0.202305231506/tools/bin/../lib/gcc/arm-none-eabi/11.3.1/../../../../arm-none-eabi/lib/thumb/v7e-m+fp/hard\libc_nano.a(libc_a-memchr.o)
                0x00000000080001d0                memchr
 .text          0x0000000008000270       0x10 D:/UsefulSoftware/STM32CubeIDE_1.13.1/STM32CubeIDE/plugins/com.st.stm32cube.ide.mcu.externaltools.gnu-tools-for-stm32.11.3.rel1.win32_1.1.0.202305231506/tools/bin/../lib/gcc/arm-none-eabi/11.3.1/../../../../arm-none-eabi/lib/thumb/v7e-m+fp/hard\libc_nano.a(libc_a-strlen.o)
                0x0000000008000270                strlen
 .text          0x0000000008000280      0x378 D:/UsefulSoftware/STM32CubeIDE_1.13.1/STM32CubeIDE/plugins/com.st.stm32cube.ide.mcu.externaltools.gnu-tools-for-stm32.11.3.rel1.win32_1.1.0.202305231506/tools/bin/../lib/gcc/arm-none-eabi/11.3.1/thumb/v7e-m+fp/hard\libgcc.a(_arm_addsubdf3.o)
                0x0000000008000280                __aeabi_drsub
                0x0000000008000288                __aeabi_dsub
                0x0000000008000288                __subdf3
                0x000000000800028c                __aeabi_dadd
                0x000000000800028c                __adddf3
                0x0000000008000504                __floatunsidf
                0x0000000008000504                __aeabi_ui2d
                0x0000000008000524                __floatsidf
                0x0000000008000524                __aeabi_i2d
                0x0000000008000548                __aeabi_f2d
                0x0000000008000548                __extendsfdf2
                0x000000000800058c                __floatundidf
                0x000000000800058c                __aeabi_ul2d
                0x000000000800059c                __floatdidf
                0x000000000800059c                __aeabi_l2d
 .text          0x00000000080005f8      0x424 D:/UsefulSoftware/STM32CubeIDE_1.13.1/STM32CubeIDE/plugins/com.st.stm32cube.ide.mcu.externaltools.gnu-tools-for-stm32.11.3.rel1.win32_1.1.0.202305231506/tools/bin/../lib/gcc/arm-none-eabi/11.3.1/thumb/v7e-m+fp/hard\libgcc.a(_arm_muldivdf3.o)
                0x00000000080005f8                __aeabi_dmul
                0x00000000080005f8                __muldf3
                0x000000000800084c                __divdf3
                0x000000000800084c                __aeabi_ddiv
 .text          0x0000000008000a1c      0x110 D:/UsefulSoftware/STM32CubeIDE_1.13.1/STM32CubeIDE/plugins/com.st.stm32cube.ide.mcu.externaltools.gnu-tools-for-stm32.11.3.rel1.win32_1.1.0.202305231506/tools/bin/../lib/gcc/arm-none-eabi/11.3.1/thumb/v7e-m+fp/hard\libgcc.a(_arm_cmpdf2.o)
                0x0000000008000a1c                __gtdf2
                0x0000000008000a1c                __gedf2
                0x0000000008000a24                __ltdf2
                0x0000000008000a24                __ledf2
                0x0000000008000a2c                __nedf2
                0x0000000008000a2c                __eqdf2
                0x0000000008000a2c                __cmpdf2
                0x0000000008000aa8                __aeabi_cdrcmple
                0x0000000008000ab8                __aeabi_cdcmpeq
                0x0000000008000ab8                __aeabi_cdcmple
                0x0000000008000ac8                __aeabi_dcmpeq
                0x0000000008000adc                __aeabi_dcmplt
                0x0000000008000af0                __aeabi_dcmple
                0x0000000008000b04                __aeabi_dcmpge
                0x0000000008000b18                __aeabi_dcmpgt
 .text          0x0000000008000b2c       0x2c D:/UsefulSoftware/STM32CubeIDE_1.13.1/STM32CubeIDE/plugins/com.st.stm32cube.ide.mcu.externaltools.gnu-tools-for-stm32.11.3.rel1.win32_1.1.0.202305231506/tools/bin/../lib/gcc/arm-none-eabi/11.3.1/thumb/v7e-m+fp/hard\libgcc.a(_arm_unorddf2.o)
                0x0000000008000b2c                __unorddf2
                0x0000000008000b2c                __aeabi_dcmpun
 .text          0x0000000008000b58       0x50 D:/UsefulSoftware/STM32CubeIDE_1.13.1/STM32CubeIDE/plugins/com.st.stm32cube.ide.mcu.externaltools.gnu-tools-for-stm32.11.3.rel1.win32_1.1.0.202305231506/tools/bin/../lib/gcc/arm-none-eabi/11.3.1/thumb/v7e-m+fp/hard\libgcc.a(_arm_fixdfsi.o)
                0x0000000008000b58                __aeabi_d2iz
                0x0000000008000b58                __fixdfsi
 .text          0x0000000008000ba8       0x40 D:/UsefulSoftware/STM32CubeIDE_1.13.1/STM32CubeIDE/plugins/com.st.stm32cube.ide.mcu.externaltools.gnu-tools-for-stm32.11.3.rel1.win32_1.1.0.202305231506/tools/bin/../lib/gcc/arm-none-eabi/11.3.1/thumb/v7e-m+fp/hard\libgcc.a(_arm_fixunsdfsi.o)
                0x0000000008000ba8                __aeabi_d2uiz
                0x0000000008000ba8                __fixunsdfsi
 .text          0x0000000008000be8       0x30 D:/UsefulSoftware/STM32CubeIDE_1.13.1/STM32CubeIDE/plugins/com.st.stm32cube.ide.mcu.externaltools.gnu-tools-for-stm32.11.3.rel1.win32_1.1.0.202305231506/tools/bin/../lib/gcc/arm-none-eabi/11.3.1/thumb/v7e-m+fp/hard\libgcc.a(_aeabi_uldivmod.o)
                0x0000000008000be8                __aeabi_uldivmod
 .text          0x0000000008000c18      0x2c8 D:/UsefulSoftware/STM32CubeIDE_1.13.1/STM32CubeIDE/plugins/com.st.stm32cube.ide.mcu.externaltools.gnu-tools-for-stm32.11.3.rel1.win32_1.1.0.202305231506/tools/bin/../lib/gcc/arm-none-eabi/11.3.1/thumb/v7e-m+fp/hard\libgcc.a(_udivmoddi4.o)
                0x0000000008000c18                __udivmoddi4
 .text          0x0000000008000ee0        0x4 D:/UsefulSoftware/STM32CubeIDE_1.13.1/STM32CubeIDE/plugins/com.st.stm32cube.ide.mcu.externaltools.gnu-tools-for-stm32.11.3.rel1.win32_1.1.0.202305231506/tools/bin/../lib/gcc/arm-none-eabi/11.3.1/thumb/v7e-m+fp/hard\libgcc.a(_dvmd_tls.o)
                0x0000000008000ee0                __aeabi_idiv0
                0x0000000008000ee0                __aeabi_ldiv0
 *(.text*)
 .text.main     0x0000000008000ee4      0x104 ./Core/Src/main.o
                0x0000000008000ee4                main
 .text.SystemClock_Config
                0x0000000008000fe8       0xbc ./Core/Src/main.o
                0x0000000008000fe8                SystemClock_Config
 .text.MX_I2C1_Init
                0x00000000080010a4       0x5c ./Core/Src/main.o
 .text.MX_TIM1_Init
                0x0000000008001100      0x13c ./Core/Src/main.o
 .text.MX_TIM2_Init
                0x000000000800123c       0xa8 ./Core/Src/main.o
 .text.MX_TIM3_Init
                0x00000000080012e4       0xa8 ./Core/Src/main.o
 .text.MX_TIM4_Init
                0x000000000800138c       0xa8 ./Core/Src/main.o
 .text.MX_TIM8_Init
                0x0000000008001434      0x154 ./Core/Src/main.o
 .text.MX_USART3_UART_Init
                0x0000000008001588       0x54 ./Core/Src/main.o
 .text.MX_GPIO_Init
                0x00000000080015dc      0x19c ./Core/Src/main.o
 .text.HAL_UART_RxCpltCallback
                0x0000000008001778       0x24 ./Core/Src/main.o
                0x0000000008001778                HAL_UART_RxCpltCallback
 *fill*         0x000000000800179c        0x4 
 .text.HAL_TIM_IC_CaptureCallback
                0x00000000080017a0      0x150 ./Core/Src/main.o
                0x00000000080017a0                HAL_TIM_IC_CaptureCallback
 .text.moveCarStraight
                0x00000000080018f0       0xc8 ./Core/Src/main.o
                0x00000000080018f0                moveCarStraight
 .text.moveCarRight
                0x00000000080019b8       0x54 ./Core/Src/main.o
                0x00000000080019b8                moveCarRight
 .text.moveCarLeft
                0x0000000008001a0c       0x54 ./Core/Src/main.o
                0x0000000008001a0c                moveCarLeft
 .text.moveCarSlideRight
                0x0000000008001a60      0x144 ./Core/Src/main.o
                0x0000000008001a60                moveCarSlideRight
 .text.moveCarSlideLeft
                0x0000000008001ba4      0x164 ./Core/Src/main.o
                0x0000000008001ba4                moveCarSlideLeft
 .text.moveCarRight90
                0x0000000008001d08      0x148 ./Core/Src/main.o
                0x0000000008001d08                moveCarRight90
 .text.moveCarLeft90
                0x0000000008001e50       0xf4 ./Core/Src/main.o
                0x0000000008001e50                moveCarLeft90
 .text.PIDConfigReset
                0x0000000008001f44       0x24 ./Core/Src/main.o
                0x0000000008001f44                PIDConfigReset
 .text.PID_SPEED_1
                0x0000000008001f68      0x12c ./Core/Src/main.o
                0x0000000008001f68                PID_SPEED_1
 .text.PID_SPEED_3
                0x0000000008002094       0xf4 ./Core/Src/main.o
                0x0000000008002094                PID_SPEED_3
 .text.PID_Angle
                0x0000000008002188      0x110 ./Core/Src/main.o
                0x0000000008002188                PID_Angle
 .text.finishCheck
                0x0000000008002298       0x68 ./Core/Src/main.o
                0x0000000008002298                finishCheck
 .text.readByte
                0x0000000008002300       0x58 ./Core/Src/main.o
                0x0000000008002300                readByte
 .text.readPID  0x0000000008002358       0x48 ./Core/Src/main.o
                0x0000000008002358                readPID
 .text.writeByte
                0x00000000080023a0       0x48 ./Core/Src/main.o
                0x00000000080023a0                writeByte
 .text.setDirection
                0x00000000080023e8       0x80 ./Core/Src/main.o
                0x00000000080023e8                setDirection
 .text.StraightLineMove
                0x0000000008002468      0x1a4 ./Core/Src/main.o
                0x0000000008002468                StraightLineMove
 .text.gyroInit
                0x000000000800260c       0x86 ./Core/Src/main.o
                0x000000000800260c                gyroInit
 *fill*         0x0000000008002692        0x6 
 .text.StartMotorTask
                0x0000000008002698      0x2a4 ./Core/Src/main.o
                0x0000000008002698                StartMotorTask
 .text.StartRpiTask
                0x000000000800293c      0x3a4 ./Core/Src/main.o
                0x000000000800293c                StartRpiTask
 .text.StartGyroTask
                0x0000000008002ce0      0x1d0 ./Core/Src/main.o
                0x0000000008002ce0                StartGyroTask
 .text.StartEncoderRightTask
                0x0000000008002eb0       0x88 ./Core/Src/main.o
                0x0000000008002eb0                StartEncoderRightTask
 .text.StartEncoderLeftTask
                0x0000000008002f38       0x88 ./Core/Src/main.o
                0x0000000008002f38                StartEncoderLeftTask
 .text.show     0x0000000008002fc0       0xd4 ./Core/Src/main.o
                0x0000000008002fc0                show
 .text.Error_Handler
                0x0000000008003094        0xa ./Core/Src/main.o
                0x0000000008003094                Error_Handler
 *fill*         0x000000000800309e        0x2 
 .text.HAL_MspInit
                0x00000000080030a0       0x68 ./Core/Src/stm32f4xx_hal_msp.o
                0x00000000080030a0                HAL_MspInit
 .text.HAL_I2C_MspInit
                0x0000000008003108       0x90 ./Core/Src/stm32f4xx_hal_msp.o
                0x0000000008003108                HAL_I2C_MspInit
 .text.HAL_TIM_Base_MspInit
                0x0000000008003198       0xec ./Core/Src/stm32f4xx_hal_msp.o
                0x0000000008003198                HAL_TIM_Base_MspInit
 .text.HAL_TIM_Encoder_MspInit
                0x0000000008003284      0x134 ./Core/Src/stm32f4xx_hal_msp.o
                0x0000000008003284                HAL_TIM_Encoder_MspInit
 .text.HAL_TIM_IC_MspInit
                0x00000000080033b8       0xa0 ./Core/Src/stm32f4xx_hal_msp.o
                0x00000000080033b8                HAL_TIM_IC_MspInit
 .text.HAL_TIM_MspPostInit
                0x0000000008003458       0x74 ./Core/Src/stm32f4xx_hal_msp.o
                0x0000000008003458                HAL_TIM_MspPostInit
 .text.HAL_UART_MspInit
                0x00000000080034cc       0xa0 ./Core/Src/stm32f4xx_hal_msp.o
                0x00000000080034cc                HAL_UART_MspInit
 .text.NMI_Handler
                0x000000000800356c        0x6 ./Core/Src/stm32f4xx_it.o
                0x000000000800356c                NMI_Handler
 .text.HardFault_Handler
                0x0000000008003572        0x6 ./Core/Src/stm32f4xx_it.o
                0x0000000008003572                HardFault_Handler
 .text.MemManage_Handler
                0x0000000008003578        0x6 ./Core/Src/stm32f4xx_it.o
                0x0000000008003578                MemManage_Handler
 .text.BusFault_Handler
                0x000000000800357e        0x6 ./Core/Src/stm32f4xx_it.o
                0x000000000800357e                BusFault_Handler
 .text.UsageFault_Handler
                0x0000000008003584        0x6 ./Core/Src/stm32f4xx_it.o
                0x0000000008003584                UsageFault_Handler
 .text.DebugMon_Handler
                0x000000000800358a        0xe ./Core/Src/stm32f4xx_it.o
                0x000000000800358a                DebugMon_Handler
 .text.SysTick_Handler
                0x0000000008003598       0x1a ./Core/Src/stm32f4xx_it.o
                0x0000000008003598                SysTick_Handler
 .text.RCC_IRQHandler
                0x00000000080035b2        0xe ./Core/Src/stm32f4xx_it.o
                0x00000000080035b2                RCC_IRQHandler
 .text.TIM1_BRK_TIM9_IRQHandler
                0x00000000080035c0       0x14 ./Core/Src/stm32f4xx_it.o
                0x00000000080035c0                TIM1_BRK_TIM9_IRQHandler
 .text.TIM1_UP_TIM10_IRQHandler
                0x00000000080035d4       0x14 ./Core/Src/stm32f4xx_it.o
                0x00000000080035d4                TIM1_UP_TIM10_IRQHandler
 .text.TIM4_IRQHandler
                0x00000000080035e8       0x14 ./Core/Src/stm32f4xx_it.o
                0x00000000080035e8                TIM4_IRQHandler
 .text.USART3_IRQHandler
                0x00000000080035fc       0x14 ./Core/Src/stm32f4xx_it.o
                0x00000000080035fc                USART3_IRQHandler
 .text.TIM8_TRG_COM_TIM14_IRQHandler
                0x0000000008003610       0x14 ./Core/Src/stm32f4xx_it.o
                0x0000000008003610                TIM8_TRG_COM_TIM14_IRQHandler
 .text._getpid  0x0000000008003624       0x10 ./Core/Src/syscalls.o
                0x0000000008003624                _getpid
 .text._kill    0x0000000008003634       0x20 ./Core/Src/syscalls.o
                0x0000000008003634                _kill
 .text._exit    0x0000000008003654       0x14 ./Core/Src/syscalls.o
                0x0000000008003654                _exit
 .text._read    0x0000000008003668       0x3a ./Core/Src/syscalls.o
                0x0000000008003668                _read
 .text._write   0x00000000080036a2       0x38 ./Core/Src/syscalls.o
                0x00000000080036a2                _write
 .text._close   0x00000000080036da       0x18 ./Core/Src/syscalls.o
                0x00000000080036da                _close
 .text._fstat   0x00000000080036f2       0x20 ./Core/Src/syscalls.o
                0x00000000080036f2                _fstat
 .text._isatty  0x0000000008003712       0x16 ./Core/Src/syscalls.o
                0x0000000008003712                _isatty
 .text._lseek   0x0000000008003728       0x1a ./Core/Src/syscalls.o
                0x0000000008003728                _lseek
 *fill*         0x0000000008003742        0x2 
 .text._sbrk    0x0000000008003744       0x6c ./Core/Src/sysmem.o
                0x0000000008003744                _sbrk
 .text.SystemInit
                0x00000000080037b0       0x24 ./Core/Src/system_stm32f4xx.o
                0x00000000080037b0                SystemInit
 .text.Reset_Handler
                0x00000000080037d4       0x50 ./Core/Startup/startup_stm32f407vetx.o
                0x00000000080037d4                Reset_Handler
 .text.Default_Handler
                0x0000000008003824        0x2 ./Core/Startup/startup_stm32f407vetx.o
                0x0000000008003824                RTC_Alarm_IRQHandler
                0x0000000008003824                HASH_RNG_IRQHandler
                0x0000000008003824                EXTI2_IRQHandler
                0x0000000008003824                TIM8_CC_IRQHandler
                0x0000000008003824                TIM1_CC_IRQHandler
                0x0000000008003824                DMA2_Stream5_IRQHandler
                0x0000000008003824                DMA1_Stream5_IRQHandler
                0x0000000008003824                PVD_IRQHandler
                0x0000000008003824                SDIO_IRQHandler
                0x0000000008003824                TAMP_STAMP_IRQHandler
                0x0000000008003824                CAN2_RX1_IRQHandler
                0x0000000008003824                EXTI3_IRQHandler
                0x0000000008003824                TIM8_UP_TIM13_IRQHandler
                0x0000000008003824                I2C3_ER_IRQHandler
                0x0000000008003824                EXTI0_IRQHandler
                0x0000000008003824                I2C2_EV_IRQHandler
                0x0000000008003824                DMA1_Stream2_IRQHandler
                0x0000000008003824                CAN1_RX0_IRQHandler
                0x0000000008003824                FPU_IRQHandler
                0x0000000008003824                OTG_HS_WKUP_IRQHandler
                0x0000000008003824                CAN2_SCE_IRQHandler
                0x0000000008003824                DMA2_Stream2_IRQHandler
                0x0000000008003824                SPI1_IRQHandler
                0x0000000008003824                TIM6_DAC_IRQHandler
                0x0000000008003824                DCMI_IRQHandler
                0x0000000008003824                CAN2_RX0_IRQHandler
                0x0000000008003824                DMA2_Stream3_IRQHandler
                0x0000000008003824                USART6_IRQHandler
                0x0000000008003824                CAN1_RX1_IRQHandler
                0x0000000008003824                UART5_IRQHandler
                0x0000000008003824                DMA2_Stream0_IRQHandler
                0x0000000008003824                I2C1_EV_IRQHandler
                0x0000000008003824                DMA1_Stream6_IRQHandler
                0x0000000008003824                DMA1_Stream1_IRQHandler
                0x0000000008003824                UART4_IRQHandler
                0x0000000008003824                TIM3_IRQHandler
                0x0000000008003824                TIM8_BRK_TIM12_IRQHandler
                0x0000000008003824                Default_Handler
                0x0000000008003824                EXTI15_10_IRQHandler
                0x0000000008003824                ADC_IRQHandler
                0x0000000008003824                DMA1_Stream7_IRQHandler
                0x0000000008003824                TIM7_IRQHandler
                0x0000000008003824                CAN2_TX_IRQHandler
                0x0000000008003824                TIM5_IRQHandler
                0x0000000008003824                DMA2_Stream7_IRQHandler
                0x0000000008003824                I2C3_EV_IRQHandler
                0x0000000008003824                EXTI9_5_IRQHandler
                0x0000000008003824                RTC_WKUP_IRQHandler
                0x0000000008003824                ETH_WKUP_IRQHandler
                0x0000000008003824                SPI2_IRQHandler
                0x0000000008003824                OTG_HS_EP1_IN_IRQHandler
                0x0000000008003824                DMA1_Stream0_IRQHandler
                0x0000000008003824                CAN1_TX_IRQHandler
                0x0000000008003824                EXTI4_IRQHandler
                0x0000000008003824                FSMC_IRQHandler
                0x0000000008003824                ETH_IRQHandler
                0x0000000008003824                OTG_HS_EP1_OUT_IRQHandler
                0x0000000008003824                WWDG_IRQHandler
                0x0000000008003824                TIM2_IRQHandler
                0x0000000008003824                OTG_FS_WKUP_IRQHandler
                0x0000000008003824                TIM1_TRG_COM_TIM11_IRQHandler
                0x0000000008003824                OTG_HS_IRQHandler
                0x0000000008003824                EXTI1_IRQHandler
                0x0000000008003824                USART2_IRQHandler
                0x0000000008003824                I2C2_ER_IRQHandler
                0x0000000008003824                DMA2_Stream1_IRQHandler
                0x0000000008003824                CAN1_SCE_IRQHandler
                0x0000000008003824                FLASH_IRQHandler
                0x0000000008003824                DMA2_Stream4_IRQHandler
                0x0000000008003824                USART1_IRQHandler
                0x0000000008003824                OTG_FS_IRQHandler
                0x0000000008003824                SPI3_IRQHandler
                0x0000000008003824                DMA1_Stream4_IRQHandler
                0x0000000008003824                I2C1_ER_IRQHandler
                0x0000000008003824                DMA2_Stream6_IRQHandler
                0x0000000008003824                DMA1_Stream3_IRQHandler
 *fill*         0x0000000008003826        0x2 
 .text.HAL_Init
                0x0000000008003828       0x44 ./Drivers/STM32F4xx_HAL_Driver/Src/stm32f4xx_hal.o
                0x0000000008003828                HAL_Init
 .text.HAL_InitTick
                0x000000000800386c       0x60 ./Drivers/STM32F4xx_HAL_Driver/Src/stm32f4xx_hal.o
                0x000000000800386c                HAL_InitTick
 .text.HAL_IncTick
                0x00000000080038cc       0x28 ./Drivers/STM32F4xx_HAL_Driver/Src/stm32f4xx_hal.o
                0x00000000080038cc                HAL_IncTick
 .text.HAL_GetTick
                0x00000000080038f4       0x18 ./Drivers/STM32F4xx_HAL_Driver/Src/stm32f4xx_hal.o
                0x00000000080038f4                HAL_GetTick
 .text.HAL_Delay
                0x000000000800390c       0x48 ./Drivers/STM32F4xx_HAL_Driver/Src/stm32f4xx_hal.o
                0x000000000800390c                HAL_Delay
 .text.__NVIC_SetPriorityGrouping
                0x0000000008003954       0x48 ./Drivers/STM32F4xx_HAL_Driver/Src/stm32f4xx_hal_cortex.o
 .text.__NVIC_GetPriorityGrouping
                0x000000000800399c       0x1c ./Drivers/STM32F4xx_HAL_Driver/Src/stm32f4xx_hal_cortex.o
 .text.__NVIC_EnableIRQ
                0x00000000080039b8       0x3c ./Drivers/STM32F4xx_HAL_Driver/Src/stm32f4xx_hal_cortex.o
 .text.__NVIC_SetPriority
                0x00000000080039f4       0x54 ./Drivers/STM32F4xx_HAL_Driver/Src/stm32f4xx_hal_cortex.o
 .text.NVIC_EncodePriority
                0x0000000008003a48       0x66 ./Drivers/STM32F4xx_HAL_Driver/Src/stm32f4xx_hal_cortex.o
 *fill*         0x0000000008003aae        0x2 
 .text.SysTick_Config
                0x0000000008003ab0       0x44 ./Drivers/STM32F4xx_HAL_Driver/Src/stm32f4xx_hal_cortex.o
 .text.HAL_NVIC_SetPriorityGrouping
                0x0000000008003af4       0x16 ./Drivers/STM32F4xx_HAL_Driver/Src/stm32f4xx_hal_cortex.o
                0x0000000008003af4                HAL_NVIC_SetPriorityGrouping
 .text.HAL_NVIC_SetPriority
                0x0000000008003b0a       0x38 ./Drivers/STM32F4xx_HAL_Driver/Src/stm32f4xx_hal_cortex.o
                0x0000000008003b0a                HAL_NVIC_SetPriority
 .text.HAL_NVIC_EnableIRQ
                0x0000000008003b42       0x1c ./Drivers/STM32F4xx_HAL_Driver/Src/stm32f4xx_hal_cortex.o
                0x0000000008003b42                HAL_NVIC_EnableIRQ
 .text.HAL_SYSTICK_Config
                0x0000000008003b5e       0x18 ./Drivers/STM32F4xx_HAL_Driver/Src/stm32f4xx_hal_cortex.o
                0x0000000008003b5e                HAL_SYSTICK_Config
 .text.HAL_DMA_Abort
                0x0000000008003b76       0xe0 ./Drivers/STM32F4xx_HAL_Driver/Src/stm32f4xx_hal_dma.o
                0x0000000008003b76                HAL_DMA_Abort
 .text.HAL_DMA_Abort_IT
                0x0000000008003c56       0x44 ./Drivers/STM32F4xx_HAL_Driver/Src/stm32f4xx_hal_dma.o
                0x0000000008003c56                HAL_DMA_Abort_IT
 *fill*         0x0000000008003c9a        0x2 
 .text.HAL_GPIO_Init
                0x0000000008003c9c      0x338 ./Drivers/STM32F4xx_HAL_Driver/Src/stm32f4xx_hal_gpio.o
                0x0000000008003c9c                HAL_GPIO_Init
 .text.HAL_GPIO_WritePin
                0x0000000008003fd4       0x32 ./Drivers/STM32F4xx_HAL_Driver/Src/stm32f4xx_hal_gpio.o
                0x0000000008003fd4                HAL_GPIO_WritePin
 *fill*         0x0000000008004006        0x2 
 .text.HAL_I2C_Init
                0x0000000008004008      0x288 ./Drivers/STM32F4xx_HAL_Driver/Src/stm32f4xx_hal_i2c.o
                0x0000000008004008                HAL_I2C_Init
 .text.HAL_I2C_Master_Transmit
                0x0000000008004290      0x1fc ./Drivers/STM32F4xx_HAL_Driver/Src/stm32f4xx_hal_i2c.o
                0x0000000008004290                HAL_I2C_Master_Transmit
 .text.HAL_I2C_Master_Receive
                0x000000000800448c      0x44c ./Drivers/STM32F4xx_HAL_Driver/Src/stm32f4xx_hal_i2c.o
                0x000000000800448c                HAL_I2C_Master_Receive
 .text.HAL_I2C_Mem_Write
                0x00000000080048d8      0x1f4 ./Drivers/STM32F4xx_HAL_Driver/Src/stm32f4xx_hal_i2c.o
                0x00000000080048d8                HAL_I2C_Mem_Write
 .text.HAL_I2C_Mem_Read
                0x0000000008004acc      0x44c ./Drivers/STM32F4xx_HAL_Driver/Src/stm32f4xx_hal_i2c.o
                0x0000000008004acc                HAL_I2C_Mem_Read
 .text.I2C_MasterRequestWrite
                0x0000000008004f18      0x104 ./Drivers/STM32F4xx_HAL_Driver/Src/stm32f4xx_hal_i2c.o
 .text.I2C_MasterRequestRead
                0x000000000800501c      0x19c ./Drivers/STM32F4xx_HAL_Driver/Src/stm32f4xx_hal_i2c.o
 .text.I2C_RequestMemoryWrite
                0x00000000080051b8      0x12c ./Drivers/STM32F4xx_HAL_Driver/Src/stm32f4xx_hal_i2c.o
 .text.I2C_RequestMemoryRead
                0x00000000080052e4      0x1d0 ./Drivers/STM32F4xx_HAL_Driver/Src/stm32f4xx_hal_i2c.o
 .text.I2C_WaitOnFlagUntilTimeout
                0x00000000080054b4       0xae ./Drivers/STM32F4xx_HAL_Driver/Src/stm32f4xx_hal_i2c.o
 .text.I2C_WaitOnMasterAddressFlagUntilTimeout
                0x0000000008005562       0xfe ./Drivers/STM32F4xx_HAL_Driver/Src/stm32f4xx_hal_i2c.o
 .text.I2C_WaitOnTXEFlagUntilTimeout
                0x0000000008005660       0x82 ./Drivers/STM32F4xx_HAL_Driver/Src/stm32f4xx_hal_i2c.o
 .text.I2C_WaitOnBTFFlagUntilTimeout
                0x00000000080056e2       0x82 ./Drivers/STM32F4xx_HAL_Driver/Src/stm32f4xx_hal_i2c.o
 .text.I2C_WaitOnRXNEFlagUntilTimeout
                0x0000000008005764       0xac ./Drivers/STM32F4xx_HAL_Driver/Src/stm32f4xx_hal_i2c.o
 .text.I2C_IsAcknowledgeFailed
                0x0000000008005810       0x5e ./Drivers/STM32F4xx_HAL_Driver/Src/stm32f4xx_hal_i2c.o
 *fill*         0x000000000800586e        0x2 
 .text.HAL_PWR_EnableBkUpAccess
                0x0000000008005870       0x28 ./Drivers/STM32F4xx_HAL_Driver/Src/stm32f4xx_hal_pwr.o
                0x0000000008005870                HAL_PWR_EnableBkUpAccess
 .text.HAL_PWR_DisableBkUpAccess
                0x0000000008005898       0x28 ./Drivers/STM32F4xx_HAL_Driver/Src/stm32f4xx_hal_pwr.o
                0x0000000008005898                HAL_PWR_DisableBkUpAccess
 .text.HAL_RCC_OscConfig
                0x00000000080058c0      0x4f0 ./Drivers/STM32F4xx_HAL_Driver/Src/stm32f4xx_hal_rcc.o
                0x00000000080058c0                HAL_RCC_OscConfig
 .text.HAL_RCC_ClockConfig
                0x0000000008005db0      0x1cc ./Drivers/STM32F4xx_HAL_Driver/Src/stm32f4xx_hal_rcc.o
                0x0000000008005db0                HAL_RCC_ClockConfig
 .text.HAL_RCC_GetSysClockFreq
                0x0000000008005f7c      0x18c ./Drivers/STM32F4xx_HAL_Driver/Src/stm32f4xx_hal_rcc.o
                0x0000000008005f7c                HAL_RCC_GetSysClockFreq
 .text.HAL_RCC_GetHCLKFreq
                0x0000000008006108       0x18 ./Drivers/STM32F4xx_HAL_Driver/Src/stm32f4xx_hal_rcc.o
                0x0000000008006108                HAL_RCC_GetHCLKFreq
 .text.HAL_RCC_GetPCLK1Freq
                0x0000000008006120       0x28 ./Drivers/STM32F4xx_HAL_Driver/Src/stm32f4xx_hal_rcc.o
                0x0000000008006120                HAL_RCC_GetPCLK1Freq
 .text.HAL_RCC_GetPCLK2Freq
                0x0000000008006148       0x28 ./Drivers/STM32F4xx_HAL_Driver/Src/stm32f4xx_hal_rcc.o
                0x0000000008006148                HAL_RCC_GetPCLK2Freq
 .text.HAL_TIM_Base_Init
                0x0000000008006170       0x9e ./Drivers/STM32F4xx_HAL_Driver/Src/stm32f4xx_hal_tim.o
                0x0000000008006170                HAL_TIM_Base_Init
 .text.HAL_TIM_PWM_Init
                0x000000000800620e       0x9e ./Drivers/STM32F4xx_HAL_Driver/Src/stm32f4xx_hal_tim.o
                0x000000000800620e                HAL_TIM_PWM_Init
 .text.HAL_TIM_PWM_MspInit
                0x00000000080062ac       0x14 ./Drivers/STM32F4xx_HAL_Driver/Src/stm32f4xx_hal_tim.o
                0x00000000080062ac                HAL_TIM_PWM_MspInit
 .text.HAL_TIM_PWM_Start
                0x00000000080062c0      0x190 ./Drivers/STM32F4xx_HAL_Driver/Src/stm32f4xx_hal_tim.o
                0x00000000080062c0                HAL_TIM_PWM_Start
 .text.HAL_TIM_IC_Init
                0x0000000008006450       0x9e ./Drivers/STM32F4xx_HAL_Driver/Src/stm32f4xx_hal_tim.o
                0x0000000008006450                HAL_TIM_IC_Init
 .text.HAL_TIM_Encoder_Init
                0x00000000080064ee      0x14c ./Drivers/STM32F4xx_HAL_Driver/Src/stm32f4xx_hal_tim.o
                0x00000000080064ee                HAL_TIM_Encoder_Init
 .text.HAL_TIM_Encoder_Start
                0x000000000800663a      0x11c ./Drivers/STM32F4xx_HAL_Driver/Src/stm32f4xx_hal_tim.o
                0x000000000800663a                HAL_TIM_Encoder_Start
 .text.HAL_TIM_IRQHandler
                0x0000000008006756      0x210 ./Drivers/STM32F4xx_HAL_Driver/Src/stm32f4xx_hal_tim.o
                0x0000000008006756                HAL_TIM_IRQHandler
 .text.HAL_TIM_IC_ConfigChannel
                0x0000000008006966      0x138 ./Drivers/STM32F4xx_HAL_Driver/Src/stm32f4xx_hal_tim.o
                0x0000000008006966                HAL_TIM_IC_ConfigChannel
 *fill*         0x0000000008006a9e        0x2 
 .text.HAL_TIM_PWM_ConfigChannel
                0x0000000008006aa0      0x184 ./Drivers/STM32F4xx_HAL_Driver/Src/stm32f4xx_hal_tim.o
                0x0000000008006aa0                HAL_TIM_PWM_ConfigChannel
 .text.HAL_TIM_ConfigClockSource
                0x0000000008006c24      0x18e ./Drivers/STM32F4xx_HAL_Driver/Src/stm32f4xx_hal_tim.o
                0x0000000008006c24                HAL_TIM_ConfigClockSource
 *fill*         0x0000000008006db2        0x2 
 .text.HAL_TIM_ReadCapturedValue
                0x0000000008006db4       0x88 ./Drivers/STM32F4xx_HAL_Driver/Src/stm32f4xx_hal_tim.o
                0x0000000008006db4                HAL_TIM_ReadCapturedValue
 .text.HAL_TIM_PeriodElapsedCallback
                0x0000000008006e3c       0x14 ./Drivers/STM32F4xx_HAL_Driver/Src/stm32f4xx_hal_tim.o
                0x0000000008006e3c                HAL_TIM_PeriodElapsedCallback
 .text.HAL_TIM_OC_DelayElapsedCallback
                0x0000000008006e50       0x14 ./Drivers/STM32F4xx_HAL_Driver/Src/stm32f4xx_hal_tim.o
                0x0000000008006e50                HAL_TIM_OC_DelayElapsedCallback
 .text.HAL_TIM_PWM_PulseFinishedCallback
                0x0000000008006e64       0x14 ./Drivers/STM32F4xx_HAL_Driver/Src/stm32f4xx_hal_tim.o
                0x0000000008006e64                HAL_TIM_PWM_PulseFinishedCallback
 .text.HAL_TIM_TriggerCallback
                0x0000000008006e78       0x14 ./Drivers/STM32F4xx_HAL_Driver/Src/stm32f4xx_hal_tim.o
                0x0000000008006e78                HAL_TIM_TriggerCallback
 .text.TIM_Base_SetConfig
                0x0000000008006e8c      0x140 ./Drivers/STM32F4xx_HAL_Driver/Src/stm32f4xx_hal_tim.o
                0x0000000008006e8c                TIM_Base_SetConfig
 .text.TIM_OC1_SetConfig
                0x0000000008006fcc       0xe0 ./Drivers/STM32F4xx_HAL_Driver/Src/stm32f4xx_hal_tim.o
 .text.TIM_OC2_SetConfig
                0x00000000080070ac       0xec ./Drivers/STM32F4xx_HAL_Driver/Src/stm32f4xx_hal_tim.o
                0x00000000080070ac                TIM_OC2_SetConfig
 .text.TIM_OC3_SetConfig
                0x0000000008007198       0xe8 ./Drivers/STM32F4xx_HAL_Driver/Src/stm32f4xx_hal_tim.o
 .text.TIM_OC4_SetConfig
                0x0000000008007280       0xac ./Drivers/STM32F4xx_HAL_Driver/Src/stm32f4xx_hal_tim.o
 .text.TIM_TI1_SetConfig
                0x000000000800732c       0xe8 ./Drivers/STM32F4xx_HAL_Driver/Src/stm32f4xx_hal_tim.o
                0x000000000800732c                TIM_TI1_SetConfig
 .text.TIM_TI1_ConfigInputStage
                0x0000000008007414       0x5e ./Drivers/STM32F4xx_HAL_Driver/Src/stm32f4xx_hal_tim.o
 .text.TIM_TI2_SetConfig
                0x0000000008007472       0x7a ./Drivers/STM32F4xx_HAL_Driver/Src/stm32f4xx_hal_tim.o
 .text.TIM_TI2_ConfigInputStage
                0x00000000080074ec       0x60 ./Drivers/STM32F4xx_HAL_Driver/Src/stm32f4xx_hal_tim.o
 .text.TIM_TI3_SetConfig
                0x000000000800754c       0x78 ./Drivers/STM32F4xx_HAL_Driver/Src/stm32f4xx_hal_tim.o
 .text.TIM_TI4_SetConfig
                0x00000000080075c4       0x7a ./Drivers/STM32F4xx_HAL_Driver/Src/stm32f4xx_hal_tim.o
 .text.TIM_ITRx_SetConfig
                0x000000000800763e       0x36 ./Drivers/STM32F4xx_HAL_Driver/Src/stm32f4xx_hal_tim.o
 .text.TIM_ETR_SetConfig
                0x0000000008007674       0x40 ./Drivers/STM32F4xx_HAL_Driver/Src/stm32f4xx_hal_tim.o
                0x0000000008007674                TIM_ETR_SetConfig
 .text.TIM_CCxChannelCmd
                0x00000000080076b4       0x4a ./Drivers/STM32F4xx_HAL_Driver/Src/stm32f4xx_hal_tim.o
                0x00000000080076b4                TIM_CCxChannelCmd
 *fill*         0x00000000080076fe        0x2 
 .text.HAL_TIMEx_MasterConfigSynchronization
                0x0000000008007700       0xf8 ./Drivers/STM32F4xx_HAL_Driver/Src/stm32f4xx_hal_tim_ex.o
                0x0000000008007700                HAL_TIMEx_MasterConfigSynchronization
 .text.HAL_TIMEx_ConfigBreakDeadTime
                0x00000000080077f8       0xa4 ./Drivers/STM32F4xx_HAL_Driver/Src/stm32f4xx_hal_tim_ex.o
                0x00000000080077f8                HAL_TIMEx_ConfigBreakDeadTime
 .text.HAL_TIMEx_CommutCallback
                0x000000000800789c       0x14 ./Drivers/STM32F4xx_HAL_Driver/Src/stm32f4xx_hal_tim_ex.o
                0x000000000800789c                HAL_TIMEx_CommutCallback
 .text.HAL_TIMEx_BreakCallback
                0x00000000080078b0       0x14 ./Drivers/STM32F4xx_HAL_Driver/Src/stm32f4xx_hal_tim_ex.o
                0x00000000080078b0                HAL_TIMEx_BreakCallback
 .text.HAL_UART_Init
                0x00000000080078c4       0x9a ./Drivers/STM32F4xx_HAL_Driver/Src/stm32f4xx_hal_uart.o
                0x00000000080078c4                HAL_UART_Init
 .text.HAL_UART_Transmit
                0x000000000800795e      0x124 ./Drivers/STM32F4xx_HAL_Driver/Src/stm32f4xx_hal_uart.o
                0x000000000800795e                HAL_UART_Transmit
 .text.HAL_UART_Receive_IT
                0x0000000008007a82       0x60 ./Drivers/STM32F4xx_HAL_Driver/Src/stm32f4xx_hal_uart.o
                0x0000000008007a82                HAL_UART_Receive_IT
 *fill*         0x0000000008007ae2        0x2 
 .text.HAL_UART_IRQHandler
                0x0000000008007ae4      0x51c ./Drivers/STM32F4xx_HAL_Driver/Src/stm32f4xx_hal_uart.o
                0x0000000008007ae4                HAL_UART_IRQHandler
 .text.HAL_UART_TxCpltCallback
                0x0000000008008000       0x14 ./Drivers/STM32F4xx_HAL_Driver/Src/stm32f4xx_hal_uart.o
                0x0000000008008000                HAL_UART_TxCpltCallback
 .text.HAL_UART_ErrorCallback
                0x0000000008008014       0x14 ./Drivers/STM32F4xx_HAL_Driver/Src/stm32f4xx_hal_uart.o
                0x0000000008008014                HAL_UART_ErrorCallback
 .text.HAL_UARTEx_RxEventCallback
                0x0000000008008028       0x18 ./Drivers/STM32F4xx_HAL_Driver/Src/stm32f4xx_hal_uart.o
                0x0000000008008028                HAL_UARTEx_RxEventCallback
 .text.UART_WaitOnFlagUntilTimeout
                0x0000000008008040       0xdc ./Drivers/STM32F4xx_HAL_Driver/Src/stm32f4xx_hal_uart.o
 .text.UART_Start_Receive_IT
                0x000000000800811c       0x7c ./Drivers/STM32F4xx_HAL_Driver/Src/stm32f4xx_hal_uart.o
                0x000000000800811c                UART_Start_Receive_IT
 .text.UART_EndRxTransfer
                0x0000000008008198       0xc6 ./Drivers/STM32F4xx_HAL_Driver/Src/stm32f4xx_hal_uart.o
 .text.UART_DMAAbortOnError
                0x000000000800825e       0x28 ./Drivers/STM32F4xx_HAL_Driver/Src/stm32f4xx_hal_uart.o
 .text.UART_Transmit_IT
                0x0000000008008286       0xa0 ./Drivers/STM32F4xx_HAL_Driver/Src/stm32f4xx_hal_uart.o
 .text.UART_EndTransmit_IT
                0x0000000008008326       0x30 ./Drivers/STM32F4xx_HAL_Driver/Src/stm32f4xx_hal_uart.o
 .text.UART_Receive_IT
                0x0000000008008356      0x176 ./Drivers/STM32F4xx_HAL_Driver/Src/stm32f4xx_hal_uart.o
 .text.UART_SetConfig
                0x00000000080084cc      0x4e8 ./Drivers/STM32F4xx_HAL_Driver/Src/stm32f4xx_hal_uart.o
 .text.__NVIC_SetPriority
                0x00000000080089b4       0x54 ./Middlewares/Third_Party/FreeRTOS/Source/CMSIS_RTOS_V2/cmsis_os2.o
 .text.SVC_Setup
                0x0000000008008a08       0x12 ./Middlewares/Third_Party/FreeRTOS/Source/CMSIS_RTOS_V2/cmsis_os2.o
 *fill*         0x0000000008008a1a        0x2 
 .text.osKernelInitialize
                0x0000000008008a1c       0x48 ./Middlewares/Third_Party/FreeRTOS/Source/CMSIS_RTOS_V2/cmsis_os2.o
                0x0000000008008a1c                osKernelInitialize
 .text.osKernelStart
                0x0000000008008a64       0x4c ./Middlewares/Third_Party/FreeRTOS/Source/CMSIS_RTOS_V2/cmsis_os2.o
                0x0000000008008a64                osKernelStart
 .text.osThreadNew
                0x0000000008008ab0      0x124 ./Middlewares/Third_Party/FreeRTOS/Source/CMSIS_RTOS_V2/cmsis_os2.o
                0x0000000008008ab0                osThreadNew
 .text.osDelay  0x0000000008008bd4       0x36 ./Middlewares/Third_Party/FreeRTOS/Source/CMSIS_RTOS_V2/cmsis_os2.o
                0x0000000008008bd4                osDelay
 *fill*         0x0000000008008c0a        0x2 
 .text.vApplicationGetIdleTaskMemory
                0x0000000008008c0c       0x34 ./Middlewares/Third_Party/FreeRTOS/Source/CMSIS_RTOS_V2/cmsis_os2.o
                0x0000000008008c0c                vApplicationGetIdleTaskMemory
 .text.vApplicationGetTimerTaskMemory
                0x0000000008008c40       0x34 ./Middlewares/Third_Party/FreeRTOS/Source/CMSIS_RTOS_V2/cmsis_os2.o
                0x0000000008008c40                vApplicationGetTimerTaskMemory
 .text.vListInitialise
                0x0000000008008c74       0x40 ./Middlewares/Third_Party/FreeRTOS/Source/list.o
                0x0000000008008c74                vListInitialise
 .text.vListInitialiseItem
                0x0000000008008cb4       0x1a ./Middlewares/Third_Party/FreeRTOS/Source/list.o
                0x0000000008008cb4                vListInitialiseItem
 .text.vListInsertEnd
                0x0000000008008cce       0x48 ./Middlewares/Third_Party/FreeRTOS/Source/list.o
                0x0000000008008cce                vListInsertEnd
 .text.vListInsert
                0x0000000008008d16       0x72 ./Middlewares/Third_Party/FreeRTOS/Source/list.o
                0x0000000008008d16                vListInsert
 .text.uxListRemove
                0x0000000008008d88       0x54 ./Middlewares/Third_Party/FreeRTOS/Source/list.o
                0x0000000008008d88                uxListRemove
 .text.xQueueGenericReset
                0x0000000008008ddc       0xd0 ./Middlewares/Third_Party/FreeRTOS/Source/queue.o
                0x0000000008008ddc                xQueueGenericReset
 .text.xQueueGenericCreateStatic
                0x0000000008008eac       0xf0 ./Middlewares/Third_Party/FreeRTOS/Source/queue.o
                0x0000000008008eac                xQueueGenericCreateStatic
 .text.prvInitialiseNewQueue
                0x0000000008008f9c       0x46 ./Middlewares/Third_Party/FreeRTOS/Source/queue.o
 *fill*         0x0000000008008fe2        0x2 
 .text.xQueueGenericSend
                0x0000000008008fe4      0x1fc ./Middlewares/Third_Party/FreeRTOS/Source/queue.o
                0x0000000008008fe4                xQueueGenericSend
 .text.xQueueGenericSendFromISR
                0x00000000080091e0      0x136 ./Middlewares/Third_Party/FreeRTOS/Source/queue.o
                0x00000000080091e0                xQueueGenericSendFromISR
 *fill*         0x0000000008009316        0x2 
 .text.xQueueReceive
                0x0000000008009318      0x1c0 ./Middlewares/Third_Party/FreeRTOS/Source/queue.o
                0x0000000008009318                xQueueReceive
 .text.prvCopyDataToQueue
                0x00000000080094d8       0xd4 ./Middlewares/Third_Party/FreeRTOS/Source/queue.o
 .text.prvCopyDataFromQueue
                0x00000000080095ac       0x4c ./Middlewares/Third_Party/FreeRTOS/Source/queue.o
 .text.prvUnlockQueue
                0x00000000080095f8       0xa4 ./Middlewares/Third_Party/FreeRTOS/Source/queue.o
 .text.prvIsQueueEmpty
                0x000000000800969c       0x2c ./Middlewares/Third_Party/FreeRTOS/Source/queue.o
 .text.prvIsQueueFull
                0x00000000080096c8       0x30 ./Middlewares/Third_Party/FreeRTOS/Source/queue.o
 .text.vQueueAddToRegistry
                0x00000000080096f8       0x54 ./Middlewares/Third_Party/FreeRTOS/Source/queue.o
                0x00000000080096f8                vQueueAddToRegistry
 .text.vQueueWaitForMessageRestricted
                0x000000000800974c       0x68 ./Middlewares/Third_Party/FreeRTOS/Source/queue.o
                0x000000000800974c                vQueueWaitForMessageRestricted
 .text.xTaskCreateStatic
                0x00000000080097b4       0xba ./Middlewares/Third_Party/FreeRTOS/Source/tasks.o
                0x00000000080097b4                xTaskCreateStatic
 .text.xTaskCreate
                0x000000000800986e       0x8a ./Middlewares/Third_Party/FreeRTOS/Source/tasks.o
                0x000000000800986e                xTaskCreate
 .text.prvInitialiseNewTask
                0x00000000080098f8      0x14c ./Middlewares/Third_Party/FreeRTOS/Source/tasks.o
 .text.prvAddNewTaskToReadyList
                0x0000000008009a44       0xe0 ./Middlewares/Third_Party/FreeRTOS/Source/tasks.o
 .text.vTaskDelay
                0x0000000008009b24       0x68 ./Middlewares/Third_Party/FreeRTOS/Source/tasks.o
                0x0000000008009b24                vTaskDelay
 .text.vTaskStartScheduler
                0x0000000008009b8c       0xe0 ./Middlewares/Third_Party/FreeRTOS/Source/tasks.o
                0x0000000008009b8c                vTaskStartScheduler
 .text.vTaskSuspendAll
                0x0000000008009c6c       0x1c ./Middlewares/Third_Party/FreeRTOS/Source/tasks.o
                0x0000000008009c6c                vTaskSuspendAll
 .text.xTaskResumeAll
                0x0000000008009c88      0x13c ./Middlewares/Third_Party/FreeRTOS/Source/tasks.o
                0x0000000008009c88                xTaskResumeAll
 .text.xTaskGetTickCount
                0x0000000008009dc4       0x20 ./Middlewares/Third_Party/FreeRTOS/Source/tasks.o
                0x0000000008009dc4                xTaskGetTickCount
 .text.xTaskIncrementTick
                0x0000000008009de4      0x174 ./Middlewares/Third_Party/FreeRTOS/Source/tasks.o
                0x0000000008009de4                xTaskIncrementTick
 .text.vTaskSwitchContext
                0x0000000008009f58       0xc8 ./Middlewares/Third_Party/FreeRTOS/Source/tasks.o
                0x0000000008009f58                vTaskSwitchContext
 .text.vTaskPlaceOnEventList
                0x000000000800a020       0x48 ./Middlewares/Third_Party/FreeRTOS/Source/tasks.o
                0x000000000800a020                vTaskPlaceOnEventList
 .text.vTaskPlaceOnEventListRestricted
                0x000000000800a068       0x58 ./Middlewares/Third_Party/FreeRTOS/Source/tasks.o
                0x000000000800a068                vTaskPlaceOnEventListRestricted
 .text.xTaskRemoveFromEventList
                0x000000000800a0c0       0xc8 ./Middlewares/Third_Party/FreeRTOS/Source/tasks.o
                0x000000000800a0c0                xTaskRemoveFromEventList
 .text.vTaskInternalSetTimeOutState
                0x000000000800a188       0x2c ./Middlewares/Third_Party/FreeRTOS/Source/tasks.o
                0x000000000800a188                vTaskInternalSetTimeOutState
 .text.xTaskCheckForTimeOut
                0x000000000800a1b4       0xc4 ./Middlewares/Third_Party/FreeRTOS/Source/tasks.o
                0x000000000800a1b4                xTaskCheckForTimeOut
 .text.vTaskMissedYield
                0x000000000800a278       0x18 ./Middlewares/Third_Party/FreeRTOS/Source/tasks.o
                0x000000000800a278                vTaskMissedYield
 .text.prvIdleTask
                0x000000000800a290       0x30 ./Middlewares/Third_Party/FreeRTOS/Source/tasks.o
 .text.prvInitialiseTaskLists
                0x000000000800a2c0       0x80 ./Middlewares/Third_Party/FreeRTOS/Source/tasks.o
 .text.prvCheckTasksWaitingTermination
                0x000000000800a340       0x5c ./Middlewares/Third_Party/FreeRTOS/Source/tasks.o
 .text.prvDeleteTCB
                0x000000000800a39c       0x68 ./Middlewares/Third_Party/FreeRTOS/Source/tasks.o
 .text.prvResetNextTaskUnblockTime
                0x000000000800a404       0x40 ./Middlewares/Third_Party/FreeRTOS/Source/tasks.o
 .text.xTaskGetSchedulerState
                0x000000000800a444       0x3c ./Middlewares/Third_Party/FreeRTOS/Source/tasks.o
                0x000000000800a444                xTaskGetSchedulerState
 .text.xTaskPriorityDisinherit
                0x000000000800a480       0xdc ./Middlewares/Third_Party/FreeRTOS/Source/tasks.o
                0x000000000800a480                xTaskPriorityDisinherit
 .text.prvAddCurrentTaskToDelayedList
                0x000000000800a55c       0xa8 ./Middlewares/Third_Party/FreeRTOS/Source/tasks.o
 .text.xTimerCreateTimerTask
                0x000000000800a604       0x90 ./Middlewares/Third_Party/FreeRTOS/Source/timers.o
                0x000000000800a604                xTimerCreateTimerTask
 .text.xTimerGenericCommand
                0x000000000800a694       0x9c ./Middlewares/Third_Party/FreeRTOS/Source/timers.o
                0x000000000800a694                xTimerGenericCommand
 .text.prvProcessExpiredTimer
                0x000000000800a730       0x98 ./Middlewares/Third_Party/FreeRTOS/Source/timers.o
 .text.prvTimerTask
                0x000000000800a7c8       0x24 ./Middlewares/Third_Party/FreeRTOS/Source/timers.o
 .text.prvProcessTimerOrBlockTask
                0x000000000800a7ec       0x9c ./Middlewares/Third_Party/FreeRTOS/Source/timers.o
 .text.prvGetNextExpireTime
                0x000000000800a888       0x48 ./Middlewares/Third_Party/FreeRTOS/Source/timers.o
 .text.prvSampleTimeNow
                0x000000000800a8d0       0x40 ./Middlewares/Third_Party/FreeRTOS/Source/timers.o
 .text.prvInsertTimerInActiveList
                0x000000000800a910       0x84 ./Middlewares/Third_Party/FreeRTOS/Source/timers.o
 .text.prvProcessReceivedCommands
                0x000000000800a994      0x1c4 ./Middlewares/Third_Party/FreeRTOS/Source/timers.o
 .text.prvSwitchTimerLists
                0x000000000800ab58       0xc8 ./Middlewares/Third_Party/FreeRTOS/Source/timers.o
 .text.prvCheckForValidListAndQueue
                0x000000000800ac20       0x80 ./Middlewares/Third_Party/FreeRTOS/Source/timers.o
 .text.pxPortInitialiseStack
                0x000000000800aca0       0x68 ./Middlewares/Third_Party/FreeRTOS/Source/portable/GCC/ARM_CM4F/port.o
                0x000000000800aca0                pxPortInitialiseStack
 .text.prvTaskExitError
                0x000000000800ad08       0x58 ./Middlewares/Third_Party/FreeRTOS/Source/portable/GCC/ARM_CM4F/port.o
 .text.SVC_Handler
                0x000000000800ad60       0x28 ./Middlewares/Third_Party/FreeRTOS/Source/portable/GCC/ARM_CM4F/port.o
                0x000000000800ad60                SVC_Handler
 .text.prvPortStartFirstTask
                0x000000000800ad88       0x28 ./Middlewares/Third_Party/FreeRTOS/Source/portable/GCC/ARM_CM4F/port.o
 .text.xPortStartScheduler
                0x000000000800adb0      0x144 ./Middlewares/Third_Party/FreeRTOS/Source/portable/GCC/ARM_CM4F/port.o
                0x000000000800adb0                xPortStartScheduler
 .text.vPortEnterCritical
                0x000000000800aef4       0x60 ./Middlewares/Third_Party/FreeRTOS/Source/portable/GCC/ARM_CM4F/port.o
                0x000000000800aef4                vPortEnterCritical
 .text.vPortExitCritical
                0x000000000800af54       0x54 ./Middlewares/Third_Party/FreeRTOS/Source/portable/GCC/ARM_CM4F/port.o
                0x000000000800af54                vPortExitCritical
 *fill*         0x000000000800afa8        0x8 
 .text.PendSV_Handler
                0x000000000800afb0       0x68 ./Middlewares/Third_Party/FreeRTOS/Source/portable/GCC/ARM_CM4F/port.o
                0x000000000800afb0                PendSV_Handler
 .text.xPortSysTickHandler
                0x000000000800b018       0x44 ./Middlewares/Third_Party/FreeRTOS/Source/portable/GCC/ARM_CM4F/port.o
                0x000000000800b018                xPortSysTickHandler
 .text.vPortSetupTimerInterrupt
                0x000000000800b05c       0x48 ./Middlewares/Third_Party/FreeRTOS/Source/portable/GCC/ARM_CM4F/port.o
                0x000000000800b05c                vPortSetupTimerInterrupt
 .text.vPortEnableVFP
                0x000000000800b0a4       0x14 ./Middlewares/Third_Party/FreeRTOS/Source/portable/GCC/ARM_CM4F/port.o
 .text.vPortValidateInterruptPriority
                0x000000000800b0b8       0x80 ./Middlewares/Third_Party/FreeRTOS/Source/portable/GCC/ARM_CM4F/port.o
                0x000000000800b0b8                vPortValidateInterruptPriority
 .text.pvPortMalloc
                0x000000000800b138      0x198 ./Middlewares/Third_Party/FreeRTOS/Source/portable/MemMang/heap_4.o
                0x000000000800b138                pvPortMalloc
 .text.vPortFree
                0x000000000800b2d0       0xc4 ./Middlewares/Third_Party/FreeRTOS/Source/portable/MemMang/heap_4.o
                0x000000000800b2d0                vPortFree
 .text.prvHeapInit
                0x000000000800b394       0xc4 ./Middlewares/Third_Party/FreeRTOS/Source/portable/MemMang/heap_4.o
 .text.prvInsertBlockIntoFreeList
                0x000000000800b458       0xb4 ./Middlewares/Third_Party/FreeRTOS/Source/portable/MemMang/heap_4.o
 .text._ICM20948_SelectUserBank
                0x000000000800b50c       0x58 ./PeripheralDriver/Src/ICM20948.o
                0x000000000800b50c                _ICM20948_SelectUserBank
 .text._ICM20948_WriteByte
                0x000000000800b564       0x5a ./PeripheralDriver/Src/ICM20948.o
                0x000000000800b564                _ICM20948_WriteByte
 .text.ICM20948_init
                0x000000000800b5be       0xbe ./PeripheralDriver/Src/ICM20948.o
                0x000000000800b5be                ICM20948_init
 .text.OLED_Refresh_Gram
                0x000000000800b67c       0x70 ./PeripheralDriver/Src/oled.o
                0x000000000800b67c                OLED_Refresh_Gram
 .text.OLED_WR_Byte
                0x000000000800b6ec       0x94 ./PeripheralDriver/Src/oled.o
                0x000000000800b6ec                OLED_WR_Byte
 .text.OLED_Clear
                0x000000000800b780       0x4c ./PeripheralDriver/Src/oled.o
                0x000000000800b780                OLED_Clear
 .text.OLED_DrawPoint
                0x000000000800b7cc       0xb4 ./PeripheralDriver/Src/oled.o
                0x000000000800b7cc                OLED_DrawPoint
 .text.OLED_ShowChar
                0x000000000800b880       0xe4 ./PeripheralDriver/Src/oled.o
                0x000000000800b880                OLED_ShowChar
 .text.OLED_ShowString
                0x000000000800b964       0x64 ./PeripheralDriver/Src/oled.o
                0x000000000800b964                OLED_ShowString
 .text.OLED_Init
                0x000000000800b9c8      0x118 ./PeripheralDriver/Src/oled.o
                0x000000000800b9c8                OLED_Init
 .text.__cvt    0x000000000800bae0       0xc4 D:/UsefulSoftware/STM32CubeIDE_1.13.1/STM32CubeIDE/plugins/com.st.stm32cube.ide.mcu.externaltools.gnu-tools-for-stm32.11.3.rel1.win32_1.1.0.202305231506/tools/bin/../lib/gcc/arm-none-eabi/11.3.1/../../../../arm-none-eabi/lib/thumb/v7e-m+fp/hard\libc_nano.a(libc_a-nano-vfprintf_float.o)
                0x000000000800bae0                __cvt
 .text.__exponent
                0x000000000800bba4       0x7c D:/UsefulSoftware/STM32CubeIDE_1.13.1/STM32CubeIDE/plugins/com.st.stm32cube.ide.mcu.externaltools.gnu-tools-for-stm32.11.3.rel1.win32_1.1.0.202305231506/tools/bin/../lib/gcc/arm-none-eabi/11.3.1/../../../../arm-none-eabi/lib/thumb/v7e-m+fp/hard\libc_nano.a(libc_a-nano-vfprintf_float.o)
                0x000000000800bba4                __exponent
 .text._printf_float
                0x000000000800bc20      0x46c D:/UsefulSoftware/STM32CubeIDE_1.13.1/STM32CubeIDE/plugins/com.st.stm32cube.ide.mcu.externaltools.gnu-tools-for-stm32.11.3.rel1.win32_1.1.0.202305231506/tools/bin/../lib/gcc/arm-none-eabi/11.3.1/../../../../arm-none-eabi/lib/thumb/v7e-m+fp/hard\libc_nano.a(libc_a-nano-vfprintf_float.o)
                0x000000000800bc20                _printf_float
 .text._printf_common
                0x000000000800c08c       0xda D:/UsefulSoftware/STM32CubeIDE_1.13.1/STM32CubeIDE/plugins/com.st.stm32cube.ide.mcu.externaltools.gnu-tools-for-stm32.11.3.rel1.win32_1.1.0.202305231506/tools/bin/../lib/gcc/arm-none-eabi/11.3.1/../../../../arm-none-eabi/lib/thumb/v7e-m+fp/hard\libc_nano.a(libc_a-nano-vfprintf_i.o)
                0x000000000800c08c                _printf_common
 *fill*         0x000000000800c166        0x2 
 .text._printf_i
                0x000000000800c168      0x244 D:/UsefulSoftware/STM32CubeIDE_1.13.1/STM32CubeIDE/plugins/com.st.stm32cube.ide.mcu.externaltools.gnu-tools-for-stm32.11.3.rel1.win32_1.1.0.202305231506/tools/bin/../lib/gcc/arm-none-eabi/11.3.1/../../../../arm-none-eabi/lib/thumb/v7e-m+fp/hard\libc_nano.a(libc_a-nano-vfprintf_i.o)
                0x000000000800c168                _printf_i
 .text.std      0x000000000800c3ac       0x48 D:/UsefulSoftware/STM32CubeIDE_1.13.1/STM32CubeIDE/plugins/com.st.stm32cube.ide.mcu.externaltools.gnu-tools-for-stm32.11.3.rel1.win32_1.1.0.202305231506/tools/bin/../lib/gcc/arm-none-eabi/11.3.1/../../../../arm-none-eabi/lib/thumb/v7e-m+fp/hard\libc_nano.a(libc_a-findfp.o)
 .text.stdio_exit_handler
                0x000000000800c3f4       0x18 D:/UsefulSoftware/STM32CubeIDE_1.13.1/STM32CubeIDE/plugins/com.st.stm32cube.ide.mcu.externaltools.gnu-tools-for-stm32.11.3.rel1.win32_1.1.0.202305231506/tools/bin/../lib/gcc/arm-none-eabi/11.3.1/../../../../arm-none-eabi/lib/thumb/v7e-m+fp/hard\libc_nano.a(libc_a-findfp.o)
 .text.cleanup_stdio
                0x000000000800c40c       0x40 D:/UsefulSoftware/STM32CubeIDE_1.13.1/STM32CubeIDE/plugins/com.st.stm32cube.ide.mcu.externaltools.gnu-tools-for-stm32.11.3.rel1.win32_1.1.0.202305231506/tools/bin/../lib/gcc/arm-none-eabi/11.3.1/../../../../arm-none-eabi/lib/thumb/v7e-m+fp/hard\libc_nano.a(libc_a-findfp.o)
 .text.global_stdio_init.part.0
                0x000000000800c44c       0x3c D:/UsefulSoftware/STM32CubeIDE_1.13.1/STM32CubeIDE/plugins/com.st.stm32cube.ide.mcu.externaltools.gnu-tools-for-stm32.11.3.rel1.win32_1.1.0.202305231506/tools/bin/../lib/gcc/arm-none-eabi/11.3.1/../../../../arm-none-eabi/lib/thumb/v7e-m+fp/hard\libc_nano.a(libc_a-findfp.o)
 .text.__sfp_lock_acquire
                0x000000000800c488        0xc D:/UsefulSoftware/STM32CubeIDE_1.13.1/STM32CubeIDE/plugins/com.st.stm32cube.ide.mcu.externaltools.gnu-tools-for-stm32.11.3.rel1.win32_1.1.0.202305231506/tools/bin/../lib/gcc/arm-none-eabi/11.3.1/../../../../arm-none-eabi/lib/thumb/v7e-m+fp/hard\libc_nano.a(libc_a-findfp.o)
                0x000000000800c488                __sfp_lock_acquire
 .text.__sfp_lock_release
                0x000000000800c494        0xc D:/UsefulSoftware/STM32CubeIDE_1.13.1/STM32CubeIDE/plugins/com.st.stm32cube.ide.mcu.externaltools.gnu-tools-for-stm32.11.3.rel1.win32_1.1.0.202305231506/tools/bin/../lib/gcc/arm-none-eabi/11.3.1/../../../../arm-none-eabi/lib/thumb/v7e-m+fp/hard\libc_nano.a(libc_a-findfp.o)
                0x000000000800c494                __sfp_lock_release
 .text.__sinit  0x000000000800c4a0       0x30 D:/UsefulSoftware/STM32CubeIDE_1.13.1/STM32CubeIDE/plugins/com.st.stm32cube.ide.mcu.externaltools.gnu-tools-for-stm32.11.3.rel1.win32_1.1.0.202305231506/tools/bin/../lib/gcc/arm-none-eabi/11.3.1/../../../../arm-none-eabi/lib/thumb/v7e-m+fp/hard\libc_nano.a(libc_a-findfp.o)
                0x000000000800c4a0                __sinit
 .text._fwalk_sglue
                0x000000000800c4d0       0x3c D:/UsefulSoftware/STM32CubeIDE_1.13.1/STM32CubeIDE/plugins/com.st.stm32cube.ide.mcu.externaltools.gnu-tools-for-stm32.11.3.rel1.win32_1.1.0.202305231506/tools/bin/../lib/gcc/arm-none-eabi/11.3.1/../../../../arm-none-eabi/lib/thumb/v7e-m+fp/hard\libc_nano.a(libc_a-fwalk.o)
                0x000000000800c4d0                _fwalk_sglue
 .text.sprintf  0x000000000800c50c       0x40 D:/UsefulSoftware/STM32CubeIDE_1.13.1/STM32CubeIDE/plugins/com.st.stm32cube.ide.mcu.externaltools.gnu-tools-for-stm32.11.3.rel1.win32_1.1.0.202305231506/tools/bin/../lib/gcc/arm-none-eabi/11.3.1/../../../../arm-none-eabi/lib/thumb/v7e-m+fp/hard\libc_nano.a(libc_a-sprintf.o)
                0x000000000800c50c                siprintf
                0x000000000800c50c                sprintf
 .text.__sread  0x000000000800c54c       0x22 D:/UsefulSoftware/STM32CubeIDE_1.13.1/STM32CubeIDE/plugins/com.st.stm32cube.ide.mcu.externaltools.gnu-tools-for-stm32.11.3.rel1.win32_1.1.0.202305231506/tools/bin/../lib/gcc/arm-none-eabi/11.3.1/../../../../arm-none-eabi/lib/thumb/v7e-m+fp/hard\libc_nano.a(libc_a-stdio.o)
                0x000000000800c54c                __sread
 .text.__swrite
                0x000000000800c56e       0x38 D:/UsefulSoftware/STM32CubeIDE_1.13.1/STM32CubeIDE/plugins/com.st.stm32cube.ide.mcu.externaltools.gnu-tools-for-stm32.11.3.rel1.win32_1.1.0.202305231506/tools/bin/../lib/gcc/arm-none-eabi/11.3.1/../../../../arm-none-eabi/lib/thumb/v7e-m+fp/hard\libc_nano.a(libc_a-stdio.o)
                0x000000000800c56e                __swrite
 .text.__sseek  0x000000000800c5a6       0x24 D:/UsefulSoftware/STM32CubeIDE_1.13.1/STM32CubeIDE/plugins/com.st.stm32cube.ide.mcu.externaltools.gnu-tools-for-stm32.11.3.rel1.win32_1.1.0.202305231506/tools/bin/../lib/gcc/arm-none-eabi/11.3.1/../../../../arm-none-eabi/lib/thumb/v7e-m+fp/hard\libc_nano.a(libc_a-stdio.o)
                0x000000000800c5a6                __sseek
 .text.__sclose
                0x000000000800c5ca        0x8 D:/UsefulSoftware/STM32CubeIDE_1.13.1/STM32CubeIDE/plugins/com.st.stm32cube.ide.mcu.externaltools.gnu-tools-for-stm32.11.3.rel1.win32_1.1.0.202305231506/tools/bin/../lib/gcc/arm-none-eabi/11.3.1/../../../../arm-none-eabi/lib/thumb/v7e-m+fp/hard\libc_nano.a(libc_a-stdio.o)
                0x000000000800c5ca                __sclose
 .text.memset   0x000000000800c5d2       0x10 D:/UsefulSoftware/STM32CubeIDE_1.13.1/STM32CubeIDE/plugins/com.st.stm32cube.ide.mcu.externaltools.gnu-tools-for-stm32.11.3.rel1.win32_1.1.0.202305231506/tools/bin/../lib/gcc/arm-none-eabi/11.3.1/../../../../arm-none-eabi/lib/thumb/v7e-m+fp/hard\libc_nano.a(libc_a-memset.o)
                0x000000000800c5d2                memset
 *fill*         0x000000000800c5e2        0x2 
 .text._localeconv_r
                0x000000000800c5e4        0x8 D:/UsefulSoftware/STM32CubeIDE_1.13.1/STM32CubeIDE/plugins/com.st.stm32cube.ide.mcu.externaltools.gnu-tools-for-stm32.11.3.rel1.win32_1.1.0.202305231506/tools/bin/../lib/gcc/arm-none-eabi/11.3.1/../../../../arm-none-eabi/lib/thumb/v7e-m+fp/hard\libc_nano.a(libc_a-localeconv.o)
                0x000000000800c5e4                _localeconv_r
 .text._close_r
                0x000000000800c5ec       0x20 D:/UsefulSoftware/STM32CubeIDE_1.13.1/STM32CubeIDE/plugins/com.st.stm32cube.ide.mcu.externaltools.gnu-tools-for-stm32.11.3.rel1.win32_1.1.0.202305231506/tools/bin/../lib/gcc/arm-none-eabi/11.3.1/../../../../arm-none-eabi/lib/thumb/v7e-m+fp/hard\libc_nano.a(libc_a-closer.o)
                0x000000000800c5ec                _close_r
 .text._reclaim_reent
                0x000000000800c60c       0xac D:/UsefulSoftware/STM32CubeIDE_1.13.1/STM32CubeIDE/plugins/com.st.stm32cube.ide.mcu.externaltools.gnu-tools-for-stm32.11.3.rel1.win32_1.1.0.202305231506/tools/bin/../lib/gcc/arm-none-eabi/11.3.1/../../../../arm-none-eabi/lib/thumb/v7e-m+fp/hard\libc_nano.a(libc_a-reent.o)
                0x000000000800c60c                _reclaim_reent
 .text._lseek_r
                0x000000000800c6b8       0x24 D:/UsefulSoftware/STM32CubeIDE_1.13.1/STM32CubeIDE/plugins/com.st.stm32cube.ide.mcu.externaltools.gnu-tools-for-stm32.11.3.rel1.win32_1.1.0.202305231506/tools/bin/../lib/gcc/arm-none-eabi/11.3.1/../../../../arm-none-eabi/lib/thumb/v7e-m+fp/hard\libc_nano.a(libc_a-lseekr.o)
                0x000000000800c6b8                _lseek_r
 .text._read_r  0x000000000800c6dc       0x24 D:/UsefulSoftware/STM32CubeIDE_1.13.1/STM32CubeIDE/plugins/com.st.stm32cube.ide.mcu.externaltools.gnu-tools-for-stm32.11.3.rel1.win32_1.1.0.202305231506/tools/bin/../lib/gcc/arm-none-eabi/11.3.1/../../../../arm-none-eabi/lib/thumb/v7e-m+fp/hard\libc_nano.a(libc_a-readr.o)
                0x000000000800c6dc                _read_r
 .text._write_r
                0x000000000800c700       0x24 D:/UsefulSoftware/STM32CubeIDE_1.13.1/STM32CubeIDE/plugins/com.st.stm32cube.ide.mcu.externaltools.gnu-tools-for-stm32.11.3.rel1.win32_1.1.0.202305231506/tools/bin/../lib/gcc/arm-none-eabi/11.3.1/../../../../arm-none-eabi/lib/thumb/v7e-m+fp/hard\libc_nano.a(libc_a-writer.o)
                0x000000000800c700                _write_r
 .text.__errno  0x000000000800c724        0xc D:/UsefulSoftware/STM32CubeIDE_1.13.1/STM32CubeIDE/plugins/com.st.stm32cube.ide.mcu.externaltools.gnu-tools-for-stm32.11.3.rel1.win32_1.1.0.202305231506/tools/bin/../lib/gcc/arm-none-eabi/11.3.1/../../../../arm-none-eabi/lib/thumb/v7e-m+fp/hard\libc_nano.a(libc_a-errno.o)
                0x000000000800c724                __errno
 .text.__libc_init_array
                0x000000000800c730       0x48 D:/UsefulSoftware/STM32CubeIDE_1.13.1/STM32CubeIDE/plugins/com.st.stm32cube.ide.mcu.externaltools.gnu-tools-for-stm32.11.3.rel1.win32_1.1.0.202305231506/tools/bin/../lib/gcc/arm-none-eabi/11.3.1/../../../../arm-none-eabi/lib/thumb/v7e-m+fp/hard\libc_nano.a(libc_a-init.o)
                0x000000000800c730                __libc_init_array
 .text.__retarget_lock_acquire_recursive
                0x000000000800c778        0x2 D:/UsefulSoftware/STM32CubeIDE_1.13.1/STM32CubeIDE/plugins/com.st.stm32cube.ide.mcu.externaltools.gnu-tools-for-stm32.11.3.rel1.win32_1.1.0.202305231506/tools/bin/../lib/gcc/arm-none-eabi/11.3.1/../../../../arm-none-eabi/lib/thumb/v7e-m+fp/hard\libc_nano.a(libc_a-lock.o)
                0x000000000800c778                __retarget_lock_acquire_recursive
 .text.__retarget_lock_release_recursive
                0x000000000800c77a        0x2 D:/UsefulSoftware/STM32CubeIDE_1.13.1/STM32CubeIDE/plugins/com.st.stm32cube.ide.mcu.externaltools.gnu-tools-for-stm32.11.3.rel1.win32_1.1.0.202305231506/tools/bin/../lib/gcc/arm-none-eabi/11.3.1/../../../../arm-none-eabi/lib/thumb/v7e-m+fp/hard\libc_nano.a(libc_a-lock.o)
                0x000000000800c77a                __retarget_lock_release_recursive
 .text.memcpy   0x000000000800c77c       0x1c D:/UsefulSoftware/STM32CubeIDE_1.13.1/STM32CubeIDE/plugins/com.st.stm32cube.ide.mcu.externaltools.gnu-tools-for-stm32.11.3.rel1.win32_1.1.0.202305231506/tools/bin/../lib/gcc/arm-none-eabi/11.3.1/../../../../arm-none-eabi/lib/thumb/v7e-m+fp/hard\libc_nano.a(libc_a-memcpy-stub.o)
                0x000000000800c77c                memcpy
 .text.quorem   0x000000000800c798      0x110 D:/UsefulSoftware/STM32CubeIDE_1.13.1/STM32CubeIDE/plugins/com.st.stm32cube.ide.mcu.externaltools.gnu-tools-for-stm32.11.3.rel1.win32_1.1.0.202305231506/tools/bin/../lib/gcc/arm-none-eabi/11.3.1/../../../../arm-none-eabi/lib/thumb/v7e-m+fp/hard\libc_nano.a(libc_a-dtoa.o)
 .text._dtoa_r  0x000000000800c8a8      0xbe4 D:/UsefulSoftware/STM32CubeIDE_1.13.1/STM32CubeIDE/plugins/com.st.stm32cube.ide.mcu.externaltools.gnu-tools-for-stm32.11.3.rel1.win32_1.1.0.202305231506/tools/bin/../lib/gcc/arm-none-eabi/11.3.1/../../../../arm-none-eabi/lib/thumb/v7e-m+fp/hard\libc_nano.a(libc_a-dtoa.o)
                0x000000000800c8a8                _dtoa_r
 .text._free_r  0x000000000800d48c       0x98 D:/UsefulSoftware/STM32CubeIDE_1.13.1/STM32CubeIDE/plugins/com.st.stm32cube.ide.mcu.externaltools.gnu-tools-for-stm32.11.3.rel1.win32_1.1.0.202305231506/tools/bin/../lib/gcc/arm-none-eabi/11.3.1/../../../../arm-none-eabi/lib/thumb/v7e-m+fp/hard\libc_nano.a(libc_a-freer.o)
                0x000000000800d48c                _free_r
 .text.malloc   0x000000000800d524       0x10 D:/UsefulSoftware/STM32CubeIDE_1.13.1/STM32CubeIDE/plugins/com.st.stm32cube.ide.mcu.externaltools.gnu-tools-for-stm32.11.3.rel1.win32_1.1.0.202305231506/tools/bin/../lib/gcc/arm-none-eabi/11.3.1/../../../../arm-none-eabi/lib/thumb/v7e-m+fp/hard\libc_nano.a(libc_a-malloc.o)
                0x000000000800d524                malloc
 .text.sbrk_aligned
                0x000000000800d534       0x40 D:/UsefulSoftware/STM32CubeIDE_1.13.1/STM32CubeIDE/plugins/com.st.stm32cube.ide.mcu.externaltools.gnu-tools-for-stm32.11.3.rel1.win32_1.1.0.202305231506/tools/bin/../lib/gcc/arm-none-eabi/11.3.1/../../../../arm-none-eabi/lib/thumb/v7e-m+fp/hard\libc_nano.a(libc_a-mallocr.o)
 .text._malloc_r
                0x000000000800d574      0x100 D:/UsefulSoftware/STM32CubeIDE_1.13.1/STM32CubeIDE/plugins/com.st.stm32cube.ide.mcu.externaltools.gnu-tools-for-stm32.11.3.rel1.win32_1.1.0.202305231506/tools/bin/../lib/gcc/arm-none-eabi/11.3.1/../../../../arm-none-eabi/lib/thumb/v7e-m+fp/hard\libc_nano.a(libc_a-mallocr.o)
                0x000000000800d574                _malloc_r
 .text.__malloc_lock
                0x000000000800d674        0xc D:/UsefulSoftware/STM32CubeIDE_1.13.1/STM32CubeIDE/plugins/com.st.stm32cube.ide.mcu.externaltools.gnu-tools-for-stm32.11.3.rel1.win32_1.1.0.202305231506/tools/bin/../lib/gcc/arm-none-eabi/11.3.1/../../../../arm-none-eabi/lib/thumb/v7e-m+fp/hard\libc_nano.a(libc_a-mlock.o)
                0x000000000800d674                __malloc_lock
 .text.__malloc_unlock
                0x000000000800d680        0xc D:/UsefulSoftware/STM32CubeIDE_1.13.1/STM32CubeIDE/plugins/com.st.stm32cube.ide.mcu.externaltools.gnu-tools-for-stm32.11.3.rel1.win32_1.1.0.202305231506/tools/bin/../lib/gcc/arm-none-eabi/11.3.1/../../../../arm-none-eabi/lib/thumb/v7e-m+fp/hard\libc_nano.a(libc_a-mlock.o)
                0x000000000800d680                __malloc_unlock
 .text._Balloc  0x000000000800d68c       0x80 D:/UsefulSoftware/STM32CubeIDE_1.13.1/STM32CubeIDE/plugins/com.st.stm32cube.ide.mcu.externaltools.gnu-tools-for-stm32.11.3.rel1.win32_1.1.0.202305231506/tools/bin/../lib/gcc/arm-none-eabi/11.3.1/../../../../arm-none-eabi/lib/thumb/v7e-m+fp/hard\libc_nano.a(libc_a-mprec.o)
                0x000000000800d68c                _Balloc
 .text._Bfree   0x000000000800d70c       0x44 D:/UsefulSoftware/STM32CubeIDE_1.13.1/STM32CubeIDE/plugins/com.st.stm32cube.ide.mcu.externaltools.gnu-tools-for-stm32.11.3.rel1.win32_1.1.0.202305231506/tools/bin/../lib/gcc/arm-none-eabi/11.3.1/../../../../arm-none-eabi/lib/thumb/v7e-m+fp/hard\libc_nano.a(libc_a-mprec.o)
                0x000000000800d70c                _Bfree
 .text.__multadd
                0x000000000800d750       0x8c D:/UsefulSoftware/STM32CubeIDE_1.13.1/STM32CubeIDE/plugins/com.st.stm32cube.ide.mcu.externaltools.gnu-tools-for-stm32.11.3.rel1.win32_1.1.0.202305231506/tools/bin/../lib/gcc/arm-none-eabi/11.3.1/../../../../arm-none-eabi/lib/thumb/v7e-m+fp/hard\libc_nano.a(libc_a-mprec.o)
                0x000000000800d750                __multadd
 .text.__hi0bits
                0x000000000800d7dc       0x40 D:/UsefulSoftware/STM32CubeIDE_1.13.1/STM32CubeIDE/plugins/com.st.stm32cube.ide.mcu.externaltools.gnu-tools-for-stm32.11.3.rel1.win32_1.1.0.202305231506/tools/bin/../lib/gcc/arm-none-eabi/11.3.1/../../../../arm-none-eabi/lib/thumb/v7e-m+fp/hard\libc_nano.a(libc_a-mprec.o)
                0x000000000800d7dc                __hi0bits
 .text.__lo0bits
                0x000000000800d81c       0x5a D:/UsefulSoftware/STM32CubeIDE_1.13.1/STM32CubeIDE/plugins/com.st.stm32cube.ide.mcu.externaltools.gnu-tools-for-stm32.11.3.rel1.win32_1.1.0.202305231506/tools/bin/../lib/gcc/arm-none-eabi/11.3.1/../../../../arm-none-eabi/lib/thumb/v7e-m+fp/hard\libc_nano.a(libc_a-mprec.o)
                0x000000000800d81c                __lo0bits
 *fill*         0x000000000800d876        0x2 
 .text.__i2b    0x000000000800d878       0x2c D:/UsefulSoftware/STM32CubeIDE_1.13.1/STM32CubeIDE/plugins/com.st.stm32cube.ide.mcu.externaltools.gnu-tools-for-stm32.11.3.rel1.win32_1.1.0.202305231506/tools/bin/../lib/gcc/arm-none-eabi/11.3.1/../../../../arm-none-eabi/lib/thumb/v7e-m+fp/hard\libc_nano.a(libc_a-mprec.o)
                0x000000000800d878                __i2b
 .text.__multiply
                0x000000000800d8a4      0x154 D:/UsefulSoftware/STM32CubeIDE_1.13.1/STM32CubeIDE/plugins/com.st.stm32cube.ide.mcu.externaltools.gnu-tools-for-stm32.11.3.rel1.win32_1.1.0.202305231506/tools/bin/../lib/gcc/arm-none-eabi/11.3.1/../../../../arm-none-eabi/lib/thumb/v7e-m+fp/hard\libc_nano.a(libc_a-mprec.o)
                0x000000000800d8a4                __multiply
 .text.__pow5mult
                0x000000000800d9f8       0xb4 D:/UsefulSoftware/STM32CubeIDE_1.13.1/STM32CubeIDE/plugins/com.st.stm32cube.ide.mcu.externaltools.gnu-tools-for-stm32.11.3.rel1.win32_1.1.0.202305231506/tools/bin/../lib/gcc/arm-none-eabi/11.3.1/../../../../arm-none-eabi/lib/thumb/v7e-m+fp/hard\libc_nano.a(libc_a-mprec.o)
                0x000000000800d9f8                __pow5mult
 .text.__lshift
                0x000000000800daac       0xd8 D:/UsefulSoftware/STM32CubeIDE_1.13.1/STM32CubeIDE/plugins/com.st.stm32cube.ide.mcu.externaltools.gnu-tools-for-stm32.11.3.rel1.win32_1.1.0.202305231506/tools/bin/../lib/gcc/arm-none-eabi/11.3.1/../../../../arm-none-eabi/lib/thumb/v7e-m+fp/hard\libc_nano.a(libc_a-mprec.o)
                0x000000000800daac                __lshift
 .text.__mcmp   0x000000000800db84       0x38 D:/UsefulSoftware/STM32CubeIDE_1.13.1/STM32CubeIDE/plugins/com.st.stm32cube.ide.mcu.externaltools.gnu-tools-for-stm32.11.3.rel1.win32_1.1.0.202305231506/tools/bin/../lib/gcc/arm-none-eabi/11.3.1/../../../../arm-none-eabi/lib/thumb/v7e-m+fp/hard\libc_nano.a(libc_a-mprec.o)
                0x000000000800db84                __mcmp
 .text.__mdiff  0x000000000800dbbc      0x114 D:/UsefulSoftware/STM32CubeIDE_1.13.1/STM32CubeIDE/plugins/com.st.stm32cube.ide.mcu.externaltools.gnu-tools-for-stm32.11.3.rel1.win32_1.1.0.202305231506/tools/bin/../lib/gcc/arm-none-eabi/11.3.1/../../../../arm-none-eabi/lib/thumb/v7e-m+fp/hard\libc_nano.a(libc_a-mprec.o)
                0x000000000800dbbc                __mdiff
 .text.__d2b    0x000000000800dcd0       0xb4 D:/UsefulSoftware/STM32CubeIDE_1.13.1/STM32CubeIDE/plugins/com.st.stm32cube.ide.mcu.externaltools.gnu-tools-for-stm32.11.3.rel1.win32_1.1.0.202305231506/tools/bin/../lib/gcc/arm-none-eabi/11.3.1/../../../../arm-none-eabi/lib/thumb/v7e-m+fp/hard\libc_nano.a(libc_a-mprec.o)
                0x000000000800dcd0                __d2b
 .text.__ssputs_r
                0x000000000800dd84       0xb4 D:/UsefulSoftware/STM32CubeIDE_1.13.1/STM32CubeIDE/plugins/com.st.stm32cube.ide.mcu.externaltools.gnu-tools-for-stm32.11.3.rel1.win32_1.1.0.202305231506/tools/bin/../lib/gcc/arm-none-eabi/11.3.1/../../../../arm-none-eabi/lib/thumb/v7e-m+fp/hard\libc_nano.a(libc_a-nano-svfprintf.o)
                0x000000000800dd84                __ssputs_r
 .text._svfprintf_r
                0x000000000800de38      0x1fc D:/UsefulSoftware/STM32CubeIDE_1.13.1/STM32CubeIDE/plugins/com.st.stm32cube.ide.mcu.externaltools.gnu-tools-for-stm32.11.3.rel1.win32_1.1.0.202305231506/tools/bin/../lib/gcc/arm-none-eabi/11.3.1/../../../../arm-none-eabi/lib/thumb/v7e-m+fp/hard\libc_nano.a(libc_a-nano-svfprintf.o)
                0x000000000800de38                _svfiprintf_r
                0x000000000800de38                _svfprintf_r
 .text.__sflush_r
                0x000000000800e034      0x10c D:/UsefulSoftware/STM32CubeIDE_1.13.1/STM32CubeIDE/plugins/com.st.stm32cube.ide.mcu.externaltools.gnu-tools-for-stm32.11.3.rel1.win32_1.1.0.202305231506/tools/bin/../lib/gcc/arm-none-eabi/11.3.1/../../../../arm-none-eabi/lib/thumb/v7e-m+fp/hard\libc_nano.a(libc_a-fflush.o)
                0x000000000800e034                __sflush_r
 .text._fflush_r
                0x000000000800e140       0x50 D:/UsefulSoftware/STM32CubeIDE_1.13.1/STM32CubeIDE/plugins/com.st.stm32cube.ide.mcu.externaltools.gnu-tools-for-stm32.11.3.rel1.win32_1.1.0.202305231506/tools/bin/../lib/gcc/arm-none-eabi/11.3.1/../../../../arm-none-eabi/lib/thumb/v7e-m+fp/hard\libc_nano.a(libc_a-fflush.o)
                0x000000000800e140                _fflush_r
 .text.memmove  0x000000000800e190       0x34 D:/UsefulSoftware/STM32CubeIDE_1.13.1/STM32CubeIDE/plugins/com.st.stm32cube.ide.mcu.externaltools.gnu-tools-for-stm32.11.3.rel1.win32_1.1.0.202305231506/tools/bin/../lib/gcc/arm-none-eabi/11.3.1/../../../../arm-none-eabi/lib/thumb/v7e-m+fp/hard\libc_nano.a(libc_a-memmove.o)
                0x000000000800e190                memmove
 .text._sbrk_r  0x000000000800e1c4       0x20 D:/UsefulSoftware/STM32CubeIDE_1.13.1/STM32CubeIDE/plugins/com.st.stm32cube.ide.mcu.externaltools.gnu-tools-for-stm32.11.3.rel1.win32_1.1.0.202305231506/tools/bin/../lib/gcc/arm-none-eabi/11.3.1/../../../../arm-none-eabi/lib/thumb/v7e-m+fp/hard\libc_nano.a(libc_a-sbrkr.o)
                0x000000000800e1c4                _sbrk_r
 .text.__assert_func
                0x000000000800e1e4       0x3c D:/UsefulSoftware/STM32CubeIDE_1.13.1/STM32CubeIDE/plugins/com.st.stm32cube.ide.mcu.externaltools.gnu-tools-for-stm32.11.3.rel1.win32_1.1.0.202305231506/tools/bin/../lib/gcc/arm-none-eabi/11.3.1/../../../../arm-none-eabi/lib/thumb/v7e-m+fp/hard\libc_nano.a(libc_a-assert.o)
                0x000000000800e1e4                __assert_func
 .text._calloc_r
                0x000000000800e220       0x2c D:/UsefulSoftware/STM32CubeIDE_1.13.1/STM32CubeIDE/plugins/com.st.stm32cube.ide.mcu.externaltools.gnu-tools-for-stm32.11.3.rel1.win32_1.1.0.202305231506/tools/bin/../lib/gcc/arm-none-eabi/11.3.1/../../../../arm-none-eabi/lib/thumb/v7e-m+fp/hard\libc_nano.a(libc_a-callocr.o)
                0x000000000800e220                _calloc_r
 .text.__ascii_mbtowc
                0x000000000800e24c       0x24 D:/UsefulSoftware/STM32CubeIDE_1.13.1/STM32CubeIDE/plugins/com.st.stm32cube.ide.mcu.externaltools.gnu-tools-for-stm32.11.3.rel1.win32_1.1.0.202305231506/tools/bin/../lib/gcc/arm-none-eabi/11.3.1/../../../../arm-none-eabi/lib/thumb/v7e-m+fp/hard\libc_nano.a(libc_a-mbtowc_r.o)
                0x000000000800e24c                __ascii_mbtowc
 .text._realloc_r
                0x000000000800e270       0x5e D:/UsefulSoftware/STM32CubeIDE_1.13.1/STM32CubeIDE/plugins/com.st.stm32cube.ide.mcu.externaltools.gnu-tools-for-stm32.11.3.rel1.win32_1.1.0.202305231506/tools/bin/../lib/gcc/arm-none-eabi/11.3.1/../../../../arm-none-eabi/lib/thumb/v7e-m+fp/hard\libc_nano.a(libc_a-reallocr.o)
                0x000000000800e270                _realloc_r
 .text.__ascii_wctomb
                0x000000000800e2ce       0x1a D:/UsefulSoftware/STM32CubeIDE_1.13.1/STM32CubeIDE/plugins/com.st.stm32cube.ide.mcu.externaltools.gnu-tools-for-stm32.11.3.rel1.win32_1.1.0.202305231506/tools/bin/../lib/gcc/arm-none-eabi/11.3.1/../../../../arm-none-eabi/lib/thumb/v7e-m+fp/hard\libc_nano.a(libc_a-wctomb_r.o)
                0x000000000800e2ce                __ascii_wctomb
 .text.fprintf  0x000000000800e2e8       0x24 D:/UsefulSoftware/STM32CubeIDE_1.13.1/STM32CubeIDE/plugins/com.st.stm32cube.ide.mcu.externaltools.gnu-tools-for-stm32.11.3.rel1.win32_1.1.0.202305231506/tools/bin/../lib/gcc/arm-none-eabi/11.3.1/../../../../arm-none-eabi/lib/thumb/v7e-m+fp/hard\libc_nano.a(libc_a-fprintf.o)
                0x000000000800e2e8                fiprintf
                0x000000000800e2e8                fprintf
 .text.abort    0x000000000800e30c        0xe D:/UsefulSoftware/STM32CubeIDE_1.13.1/STM32CubeIDE/plugins/com.st.stm32cube.ide.mcu.externaltools.gnu-tools-for-stm32.11.3.rel1.win32_1.1.0.202305231506/tools/bin/../lib/gcc/arm-none-eabi/11.3.1/../../../../arm-none-eabi/lib/thumb/v7e-m+fp/hard\libc_nano.a(libc_a-abort.o)
                0x000000000800e30c                abort
 .text._malloc_usable_size_r
                0x000000000800e31a       0x10 D:/UsefulSoftware/STM32CubeIDE_1.13.1/STM32CubeIDE/plugins/com.st.stm32cube.ide.mcu.externaltools.gnu-tools-for-stm32.11.3.rel1.win32_1.1.0.202305231506/tools/bin/../lib/gcc/arm-none-eabi/11.3.1/../../../../arm-none-eabi/lib/thumb/v7e-m+fp/hard\libc_nano.a(libc_a-msizer.o)
                0x000000000800e31a                _malloc_usable_size_r
 .text.__sfputc_r
                0x000000000800e32a       0x2e D:/UsefulSoftware/STM32CubeIDE_1.13.1/STM32CubeIDE/plugins/com.st.stm32cube.ide.mcu.externaltools.gnu-tools-for-stm32.11.3.rel1.win32_1.1.0.202305231506/tools/bin/../lib/gcc/arm-none-eabi/11.3.1/../../../../arm-none-eabi/lib/thumb/v7e-m+fp/hard\libc_nano.a(libc_a-nano-vfprintf.o)
 .text.__sfputs_r
                0x000000000800e358       0x24 D:/UsefulSoftware/STM32CubeIDE_1.13.1/STM32CubeIDE/plugins/com.st.stm32cube.ide.mcu.externaltools.gnu-tools-for-stm32.11.3.rel1.win32_1.1.0.202305231506/tools/bin/../lib/gcc/arm-none-eabi/11.3.1/../../../../arm-none-eabi/lib/thumb/v7e-m+fp/hard\libc_nano.a(libc_a-nano-vfprintf.o)
                0x000000000800e358                __sfputs_r
 .text._vfprintf_r
                0x000000000800e37c      0x234 D:/UsefulSoftware/STM32CubeIDE_1.13.1/STM32CubeIDE/plugins/com.st.stm32cube.ide.mcu.externaltools.gnu-tools-for-stm32.11.3.rel1.win32_1.1.0.202305231506/tools/bin/../lib/gcc/arm-none-eabi/11.3.1/../../../../arm-none-eabi/lib/thumb/v7e-m+fp/hard\libc_nano.a(libc_a-nano-vfprintf.o)
                0x000000000800e37c                _vfprintf_r
                0x000000000800e37c                _vfiprintf_r
 .text.__swbuf_r
                0x000000000800e5b0       0x7a D:/UsefulSoftware/STM32CubeIDE_1.13.1/STM32CubeIDE/plugins/com.st.stm32cube.ide.mcu.externaltools.gnu-tools-for-stm32.11.3.rel1.win32_1.1.0.202305231506/tools/bin/../lib/gcc/arm-none-eabi/11.3.1/../../../../arm-none-eabi/lib/thumb/v7e-m+fp/hard\libc_nano.a(libc_a-wbuf.o)
                0x000000000800e5b0                __swbuf_r
 *fill*         0x000000000800e62a        0x2 
 .text.__swsetup_r
                0x000000000800e62c       0xb0 D:/UsefulSoftware/STM32CubeIDE_1.13.1/STM32CubeIDE/plugins/com.st.stm32cube.ide.mcu.externaltools.gnu-tools-for-stm32.11.3.rel1.win32_1.1.0.202305231506/tools/bin/../lib/gcc/arm-none-eabi/11.3.1/../../../../arm-none-eabi/lib/thumb/v7e-m+fp/hard\libc_nano.a(libc_a-wsetup.o)
                0x000000000800e62c                __swsetup_r
 .text._raise_r
                0x000000000800e6dc       0x50 D:/UsefulSoftware/STM32CubeIDE_1.13.1/STM32CubeIDE/plugins/com.st.stm32cube.ide.mcu.externaltools.gnu-tools-for-stm32.11.3.rel1.win32_1.1.0.202305231506/tools/bin/../lib/gcc/arm-none-eabi/11.3.1/../../../../arm-none-eabi/lib/thumb/v7e-m+fp/hard\libc_nano.a(libc_a-signal.o)
                0x000000000800e6dc                _raise_r
 .text.raise    0x000000000800e72c       0x10 D:/UsefulSoftware/STM32CubeIDE_1.13.1/STM32CubeIDE/plugins/com.st.stm32cube.ide.mcu.externaltools.gnu-tools-for-stm32.11.3.rel1.win32_1.1.0.202305231506/tools/bin/../lib/gcc/arm-none-eabi/11.3.1/../../../../arm-none-eabi/lib/thumb/v7e-m+fp/hard\libc_nano.a(libc_a-signal.o)
                0x000000000800e72c                raise
 .text._kill_r  0x000000000800e73c       0x24 D:/UsefulSoftware/STM32CubeIDE_1.13.1/STM32CubeIDE/plugins/com.st.stm32cube.ide.mcu.externaltools.gnu-tools-for-stm32.11.3.rel1.win32_1.1.0.202305231506/tools/bin/../lib/gcc/arm-none-eabi/11.3.1/../../../../arm-none-eabi/lib/thumb/v7e-m+fp/hard\libc_nano.a(libc_a-signalr.o)
                0x000000000800e73c                _kill_r
 .text._getpid_r
                0x000000000800e760        0x4 D:/UsefulSoftware/STM32CubeIDE_1.13.1/STM32CubeIDE/plugins/com.st.stm32cube.ide.mcu.externaltools.gnu-tools-for-stm32.11.3.rel1.win32_1.1.0.202305231506/tools/bin/../lib/gcc/arm-none-eabi/11.3.1/../../../../arm-none-eabi/lib/thumb/v7e-m+fp/hard\libc_nano.a(libc_a-signalr.o)
                0x000000000800e760                _getpid_r
 .text.__swhatbuf_r
                0x000000000800e764       0x4c D:/UsefulSoftware/STM32CubeIDE_1.13.1/STM32CubeIDE/plugins/com.st.stm32cube.ide.mcu.externaltools.gnu-tools-for-stm32.11.3.rel1.win32_1.1.0.202305231506/tools/bin/../lib/gcc/arm-none-eabi/11.3.1/../../../../arm-none-eabi/lib/thumb/v7e-m+fp/hard\libc_nano.a(libc_a-makebuf.o)
                0x000000000800e764                __swhatbuf_r
 .text.__smakebuf_r
                0x000000000800e7b0       0x78 D:/UsefulSoftware/STM32CubeIDE_1.13.1/STM32CubeIDE/plugins/com.st.stm32cube.ide.mcu.externaltools.gnu-tools-for-stm32.11.3.rel1.win32_1.1.0.202305231506/tools/bin/../lib/gcc/arm-none-eabi/11.3.1/../../../../arm-none-eabi/lib/thumb/v7e-m+fp/hard\libc_nano.a(libc_a-makebuf.o)
                0x000000000800e7b0                __smakebuf_r
 .text._fstat_r
                0x000000000800e828       0x24 D:/UsefulSoftware/STM32CubeIDE_1.13.1/STM32CubeIDE/plugins/com.st.stm32cube.ide.mcu.externaltools.gnu-tools-for-stm32.11.3.rel1.win32_1.1.0.202305231506/tools/bin/../lib/gcc/arm-none-eabi/11.3.1/../../../../arm-none-eabi/lib/thumb/v7e-m+fp/hard\libc_nano.a(libc_a-fstatr.o)
                0x000000000800e828                _fstat_r
 .text._isatty_r
                0x000000000800e84c       0x20 D:/UsefulSoftware/STM32CubeIDE_1.13.1/STM32CubeIDE/plugins/com.st.stm32cube.ide.mcu.externaltools.gnu-tools-for-stm32.11.3.rel1.win32_1.1.0.202305231506/tools/bin/../lib/gcc/arm-none-eabi/11.3.1/../../../../arm-none-eabi/lib/thumb/v7e-m+fp/hard\libc_nano.a(libc_a-isattyr.o)
                0x000000000800e84c                _isatty_r
 *(.glue_7)
 .glue_7        0x000000000800e86c        0x0 linker stubs
 *(.glue_7t)
 .glue_7t       0x000000000800e86c        0x0 linker stubs
 *(.eh_frame)
 .eh_frame      0x000000000800e86c        0x0 D:/UsefulSoftware/STM32CubeIDE_1.13.1/STM32CubeIDE/plugins/com.st.stm32cube.ide.mcu.externaltools.gnu-tools-for-stm32.11.3.rel1.win32_1.1.0.202305231506/tools/bin/../lib/gcc/arm-none-eabi/11.3.1/thumb/v7e-m+fp/hard/crtbegin.o
 *(.init)
 .init          0x000000000800e86c        0x4 D:/UsefulSoftware/STM32CubeIDE_1.13.1/STM32CubeIDE/plugins/com.st.stm32cube.ide.mcu.externaltools.gnu-tools-for-stm32.11.3.rel1.win32_1.1.0.202305231506/tools/bin/../lib/gcc/arm-none-eabi/11.3.1/thumb/v7e-m+fp/hard/crti.o
                0x000000000800e86c                _init
 .init          0x000000000800e870        0x8 D:/UsefulSoftware/STM32CubeIDE_1.13.1/STM32CubeIDE/plugins/com.st.stm32cube.ide.mcu.externaltools.gnu-tools-for-stm32.11.3.rel1.win32_1.1.0.202305231506/tools/bin/../lib/gcc/arm-none-eabi/11.3.1/thumb/v7e-m+fp/hard/crtn.o
 *(.fini)
 .fini          0x000000000800e878        0x4 D:/UsefulSoftware/STM32CubeIDE_1.13.1/STM32CubeIDE/plugins/com.st.stm32cube.ide.mcu.externaltools.gnu-tools-for-stm32.11.3.rel1.win32_1.1.0.202305231506/tools/bin/../lib/gcc/arm-none-eabi/11.3.1/thumb/v7e-m+fp/hard/crti.o
                0x000000000800e878                _fini
 .fini          0x000000000800e87c        0x8 D:/UsefulSoftware/STM32CubeIDE_1.13.1/STM32CubeIDE/plugins/com.st.stm32cube.ide.mcu.externaltools.gnu-tools-for-stm32.11.3.rel1.win32_1.1.0.202305231506/tools/bin/../lib/gcc/arm-none-eabi/11.3.1/thumb/v7e-m+fp/hard/crtn.o
                0x000000000800e884                . = ALIGN (0x4)
                0x000000000800e884                _etext = .

.vfp11_veneer   0x000000000800e884        0x0
 .vfp11_veneer  0x000000000800e884        0x0 linker stubs

.v4_bx          0x000000000800e884        0x0
 .v4_bx         0x000000000800e884        0x0 linker stubs

.iplt           0x000000000800e884        0x0
 .iplt          0x000000000800e884        0x0 D:/UsefulSoftware/STM32CubeIDE_1.13.1/STM32CubeIDE/plugins/com.st.stm32cube.ide.mcu.externaltools.gnu-tools-for-stm32.11.3.rel1.win32_1.1.0.202305231506/tools/bin/../lib/gcc/arm-none-eabi/11.3.1/thumb/v7e-m+fp/hard/crtbegin.o

.rodata         0x000000000800e888     0x1014
                0x000000000800e888                . = ALIGN (0x4)
 *(.rodata)
 .rodata        0x000000000800e888      0x138 ./Core/Src/main.o
 .rodata        0x000000000800e9c0        0x5 ./Middlewares/Third_Party/FreeRTOS/Source/tasks.o
 *fill*         0x000000000800e9c5        0x3 
 .rodata        0x000000000800e9c8        0xd ./Middlewares/Third_Party/FreeRTOS/Source/timers.o
 *(.rodata*)
 *fill*         0x000000000800e9d5        0x3 
 .rodata.motorTask_attributes
                0x000000000800e9d8       0x24 ./Core/Src/main.o
                0x000000000800e9d8                motorTask_attributes
 .rodata.rpiTask_attributes
                0x000000000800e9fc       0x24 ./Core/Src/main.o
                0x000000000800e9fc                rpiTask_attributes
 .rodata.gyroTask_attributes
                0x000000000800ea20       0x24 ./Core/Src/main.o
                0x000000000800ea20                gyroTask_attributes
 .rodata.encoderRightTas_attributes
                0x000000000800ea44       0x24 ./Core/Src/main.o
                0x000000000800ea44                encoderRightTas_attributes
 .rodata.encoderLeftTask_attributes
                0x000000000800ea68       0x24 ./Core/Src/main.o
                0x000000000800ea68                encoderLeftTask_attributes
 .rodata.showTask_attributes
                0x000000000800ea8c       0x24 ./Core/Src/main.o
                0x000000000800ea8c                showTask_attributes
 .rodata.AHBPrescTable
                0x000000000800eab0       0x10 ./Core/Src/system_stm32f4xx.o
                0x000000000800eab0                AHBPrescTable
 .rodata.APBPrescTable
                0x000000000800eac0        0x8 ./Core/Src/system_stm32f4xx.o