../Core/Src/stm32f4xx_hal_msp.c:68:6:HAL_MspInit	8	static
../Core/Src/stm32f4xx_hal_msp.c:92:6:HAL_ADC_MspInit	56	static
../Core/Src/stm32f4xx_hal_msp.c:184:6:HAL_ADC_MspDeInit	8	static
../Core/Src/stm32f4xx_hal_msp.c:233:6:HAL_I2C_MspInit	48	static
../Core/Src/stm32f4xx_hal_msp.c:269:6:HAL_I2C_MspDeInit	8	static
../Core/Src/stm32f4xx_hal_msp.c:300:6:HAL_TIM_Base_MspInit	48	static
../Core/Src/stm32f4xx_hal_msp.c:360:6:HAL_TIM_Encoder_MspInit	56	static
../Core/Src/stm32f4xx_hal_msp.c:428:6:HAL_TIM_IC_MspInit	40	static
../Core/Src/stm32f4xx_hal_msp.c:457:6:HAL_TIM_MspPostInit	40	static
../Core/Src/stm32f4xx_hal_msp.c:510:6:HAL_TIM_Base_MspDeInit	0	static
../Core/Src/stm32f4xx_hal_msp.c:563:6:HAL_TIM_Encoder_MspDeInit	8	static
../Core/Src/stm32f4xx_hal_msp.c:612:6:HAL_TIM_IC_MspDeInit	0	static
../Core/Src/stm32f4xx_hal_msp.c:640:6:HAL_UART_MspInit	40	static
../Core/Src/stm32f4xx_hal_msp.c:679:6:HAL_UART_MspDeInit	8	static
