Archive member included to satisfy reference by file (symbol)

D:/UsefulSoftware/STM32CubeIDE_1.13.1/STM32CubeIDE/plugins/com.st.stm32cube.ide.mcu.externaltools.gnu-tools-for-stm32.11.3.rel1.win32_1.1.0.202305231506/tools/bin/../lib/gcc/arm-none-eabi/11.3.1/../../../../arm-none-eabi/lib/thumb/v7e-m+fp/hard\libc_nano.a(libc_a-exit.o)
                              D:/UsefulSoftware/STM32CubeIDE_1.13.1/STM32CubeIDE/plugins/com.st.stm32cube.ide.mcu.externaltools.gnu-tools-for-stm32.11.3.rel1.win32_1.1.0.202305231506/tools/bin/../lib/gcc/arm-none-eabi/11.3.1/../../../../arm-none-eabi/lib/thumb/v7e-m+fp/hard/crt0.o (exit)
D:/UsefulSoftware/STM32CubeIDE_1.13.1/STM32CubeIDE/plugins/com.st.stm32cube.ide.mcu.externaltools.gnu-tools-for-stm32.11.3.rel1.win32_1.1.0.202305231506/tools/bin/../lib/gcc/arm-none-eabi/11.3.1/../../../../arm-none-eabi/lib/thumb/v7e-m+fp/hard\libc_nano.a(libc_a-findfp.o)
                              D:/UsefulSoftware/STM32CubeIDE_1.13.1/STM32CubeIDE/plugins/com.st.stm32cube.ide.mcu.externaltools.gnu-tools-for-stm32.11.3.rel1.win32_1.1.0.202305231506/tools/bin/../lib/gcc/arm-none-eabi/11.3.1/../../../../arm-none-eabi/lib/thumb/v7e-m+fp/hard\libc_nano.a(libc_a-exit.o) (__stdio_exit_handler)
D:/UsefulSoftware/STM32CubeIDE_1.13.1/STM32CubeIDE/plugins/com.st.stm32cube.ide.mcu.externaltools.gnu-tools-for-stm32.11.3.rel1.win32_1.1.0.202305231506/tools/bin/../lib/gcc/arm-none-eabi/11.3.1/../../../../arm-none-eabi/lib/thumb/v7e-m+fp/hard\libc_nano.a(libc_a-fwalk.o)
                              D:/UsefulSoftware/STM32CubeIDE_1.13.1/STM32CubeIDE/plugins/com.st.stm32cube.ide.mcu.externaltools.gnu-tools-for-stm32.11.3.rel1.win32_1.1.0.202305231506/tools/bin/../lib/gcc/arm-none-eabi/11.3.1/../../../../arm-none-eabi/lib/thumb/v7e-m+fp/hard\libc_nano.a(libc_a-findfp.o) (_fwalk_sglue)
D:/UsefulSoftware/STM32CubeIDE_1.13.1/STM32CubeIDE/plugins/com.st.stm32cube.ide.mcu.externaltools.gnu-tools-for-stm32.11.3.rel1.win32_1.1.0.202305231506/tools/bin/../lib/gcc/arm-none-eabi/11.3.1/../../../../arm-none-eabi/lib/thumb/v7e-m+fp/hard\libc_nano.a(libc_a-snprintf.o)
                              ./Core/Src/main.o (snprintf)
D:/UsefulSoftware/STM32CubeIDE_1.13.1/STM32CubeIDE/plugins/com.st.stm32cube.ide.mcu.externaltools.gnu-tools-for-stm32.11.3.rel1.win32_1.1.0.202305231506/tools/bin/../lib/gcc/arm-none-eabi/11.3.1/../../../../arm-none-eabi/lib/thumb/v7e-m+fp/hard\libc_nano.a(libc_a-sprintf.o)
                              ./Core/Src/main.o (sprintf)
D:/UsefulSoftware/STM32CubeIDE_1.13.1/STM32CubeIDE/plugins/com.st.stm32cube.ide.mcu.externaltools.gnu-tools-for-stm32.11.3.rel1.win32_1.1.0.202305231506/tools/bin/../lib/gcc/arm-none-eabi/11.3.1/../../../../arm-none-eabi/lib/thumb/v7e-m+fp/hard\libc_nano.a(libc_a-stdio.o)
                              D:/UsefulSoftware/STM32CubeIDE_1.13.1/STM32CubeIDE/plugins/com.st.stm32cube.ide.mcu.externaltools.gnu-tools-for-stm32.11.3.rel1.win32_1.1.0.202305231506/tools/bin/../lib/gcc/arm-none-eabi/11.3.1/../../../../arm-none-eabi/lib/thumb/v7e-m+fp/hard\libc_nano.a(libc_a-findfp.o) (__sread)
D:/UsefulSoftware/STM32CubeIDE_1.13.1/STM32CubeIDE/plugins/com.st.stm32cube.ide.mcu.externaltools.gnu-tools-for-stm32.11.3.rel1.win32_1.1.0.202305231506/tools/bin/../lib/gcc/arm-none-eabi/11.3.1/../../../../arm-none-eabi/lib/thumb/v7e-m+fp/hard\libc_nano.a(libc_a-memset.o)
                              D:/UsefulSoftware/STM32CubeIDE_1.13.1/STM32CubeIDE/plugins/com.st.stm32cube.ide.mcu.externaltools.gnu-tools-for-stm32.11.3.rel1.win32_1.1.0.202305231506/tools/bin/../lib/gcc/arm-none-eabi/11.3.1/../../../../arm-none-eabi/lib/thumb/v7e-m+fp/hard/crt0.o (memset)
D:/UsefulSoftware/STM32CubeIDE_1.13.1/STM32CubeIDE/plugins/com.st.stm32cube.ide.mcu.externaltools.gnu-tools-for-stm32.11.3.rel1.win32_1.1.0.202305231506/tools/bin/../lib/gcc/arm-none-eabi/11.3.1/../../../../arm-none-eabi/lib/thumb/v7e-m+fp/hard\libc_nano.a(libc_a-closer.o)
                              D:/UsefulSoftware/STM32CubeIDE_1.13.1/STM32CubeIDE/plugins/com.st.stm32cube.ide.mcu.externaltools.gnu-tools-for-stm32.11.3.rel1.win32_1.1.0.202305231506/tools/bin/../lib/gcc/arm-none-eabi/11.3.1/../../../../arm-none-eabi/lib/thumb/v7e-m+fp/hard\libc_nano.a(libc_a-stdio.o) (_close_r)
D:/UsefulSoftware/STM32CubeIDE_1.13.1/STM32CubeIDE/plugins/com.st.stm32cube.ide.mcu.externaltools.gnu-tools-for-stm32.11.3.rel1.win32_1.1.0.202305231506/tools/bin/../lib/gcc/arm-none-eabi/11.3.1/../../../../arm-none-eabi/lib/thumb/v7e-m+fp/hard\libc_nano.a(libc_a-reent.o)
                              D:/UsefulSoftware/STM32CubeIDE_1.13.1/STM32CubeIDE/plugins/com.st.stm32cube.ide.mcu.externaltools.gnu-tools-for-stm32.11.3.rel1.win32_1.1.0.202305231506/tools/bin/../lib/gcc/arm-none-eabi/11.3.1/../../../../arm-none-eabi/lib/thumb/v7e-m+fp/hard\libc_nano.a(libc_a-closer.o) (errno)
[...]
Memory Configuration

Name             Origin             Length             Attributes
CCMRAM           0x0000000010000000 0x0000000000010000 xrw
RAM              0x0000000020000000 0x0000000000020000 xrw
FLASH            0x0000000008000000 0x0000000000080000 xr
*default*        0x0000000000000000 0xffffffffffffffff

Linker script and memory map

LOAD D:/UsefulSoftware/STM32CubeIDE_1.13.1/STM32CubeIDE/plugins/com.st.stm32cube.ide.mcu.externaltools.gnu-tools-for-stm32.11.3.rel1.win32_1.1.0.202305231506/tools/bin/../lib/gcc/arm-none-eabi/11.3.1/thumb/v7e-m+fp/hard/crti.o
LOAD D:/UsefulSoftware/STM32CubeIDE_1.13.1/STM32CubeIDE/plugins/com.st.stm32cube.ide.mcu.externaltools.gnu-tools-for-stm32.11.3.rel1.win32_1.1.0.202305231506/tools/bin/../lib/gcc/arm-none-eabi/11.3.1/thumb/v7e-m+fp/hard/crtbegin.o
LOAD D:/UsefulSoftware/STM32CubeIDE_1.13.1/STM32CubeIDE/plugins/com.st.stm32cube.ide.mcu.externaltools.gnu-tools-for-stm32.11.3.rel1.win32_1.1.0.202305231506/tools/bin/../lib/gcc/arm-none-eabi/11.3.1/../../../../arm-none-eabi/lib/thumb/v7e-m+fp/hard/crt0.o
LOAD ./Core/Src/freertos.o
LOAD ./Core/Src/main.o
LOAD ./Core/Src/stm32f4xx_hal_msp.o
LOAD ./Core/Src/stm32f4xx_hal_timebase_tim.o
LOAD ./Core/Src/stm32f4xx_it.o
LOAD ./Core/Src/syscalls.o
LOAD ./Core/Src/sysmem.o
LOAD ./Core/Src/system_stm32f4xx.o
LOAD ./Core/Startup/startup_stm32f407vetx.o
LOAD ./Drivers/STM32F4xx_HAL_Driver/Src/stm32f4xx_hal.o
LOAD ./Drivers/STM32F4xx_HAL_Driver/Src/stm32f4xx_hal_adc.o
LOAD ./Drivers/STM32F4xx_HAL_Driver/Src/stm32f4xx_hal_adc_ex.o
LOAD ./Drivers/STM32F4xx_HAL_Driver/Src/stm32f4xx_hal_cortex.o
LOAD ./Drivers/STM32F4xx_HAL_Driver/Src/stm32f4xx_hal_dma.o
LOAD ./Drivers/STM32F4xx_HAL_Driver/Src/stm32f4xx_hal_dma_ex.o
LOAD ./Drivers/STM32F4xx_HAL_Driver/Src/stm32f4xx_hal_exti.o
LOAD ./Drivers/STM32F4xx_HAL_Driver/Src/stm32f4xx_hal_flash.o
LOAD ./Drivers/STM32F4xx_HAL_Driver/Src/stm32f4xx_hal_flash_ex.o
LOAD ./Drivers/STM32F4xx_HAL_Driver/Src/stm32f4xx_hal_flash_ramfunc.o
LOAD ./Drivers/STM32F4xx_HAL_Driver/Src/stm32f4xx_hal_gpio.o
LOAD ./Drivers/STM32F4xx_HAL_Driver/Src/stm32f4xx_hal_i2c.o
LOAD ./Drivers/STM32F4xx_HAL_Driver/Src/stm32f4xx_hal_i2c_ex.o
LOAD ./Drivers/STM32F4xx_HAL_Driver/Src/stm32f4xx_hal_pwr.o
LOAD ./Drivers/STM32F4xx_HAL_Driver/Src/stm32f4xx_hal_pwr_ex.o
LOAD ./Drivers/STM32F4xx_HAL_Driver/Src/stm32f4xx_hal_rcc.o
LOAD ./Drivers/STM32F4xx_HAL_Driver/Src/stm32f4xx_hal_rcc_ex.o
LOAD ./Drivers/STM32F4xx_HAL_Driver/Src/stm32f4xx_hal_tim.o
LOAD ./Drivers/STM32F4xx_HAL_Driver/Src/stm32f4xx_hal_tim_ex.o
LOAD ./Drivers/STM32F4xx_HAL_Driver/Src/stm32f4xx_hal_uart.o
LOAD ./Drivers/STM32F4xx_HAL_Driver/Src/stm32f4xx_ll_adc.o
LOAD ./Middlewares/Third_Party/FreeRTOS/Source/CMSIS_RTOS_V2/cmsis_os2.o
LOAD ./Middlewares/Third_Party/FreeRTOS/Source/croutine.o
LOAD ./Middlewares/Third_Party/FreeRTOS/Source/event_groups.o
LOAD ./Middlewares/Third_Party/FreeRTOS/Source/list.o
LOAD ./Middlewares/Third_Party/FreeRTOS/Source/queue.o
LOAD ./Middlewares/Third_Party/FreeRTOS/Source/stream_buffer.o
LOAD ./Middlewares/Third_Party/FreeRTOS/Source/tasks.o
LOAD ./Middlewares/Third_Party/FreeRTOS/Source/timers.o
LOAD ./Middlewares/Third_Party/FreeRTOS/Source/portable/GCC/ARM_CM4F/port.o
LOAD ./Middlewares/Third_Party/FreeRTOS/Source/portable/MemMang/heap_4.o
LOAD ./PeripheralDriver/Src/ICM20948.o
LOAD ./PeripheralDriver/Src/oled.o
START GROUP
LOAD D:/UsefulSoftware/STM32CubeIDE_1.13.1/STM32CubeIDE/plugins/com.st.stm32cube.ide.mcu.externaltools.gnu-tools-for-stm32.11.3.rel1.win32_1.1.0.202305231506/tools/bin/../lib/gcc/arm-none-eabi/11.3.1/../../../../arm-none-eabi/lib/thumb/v7e-m+fp/hard\libc_nano.a
LOAD D:/UsefulSoftware/STM32CubeIDE_1.13.1/STM32CubeIDE/plugins/com.st.stm32cube.ide.mcu.externaltools.gnu-tools-for-stm32.11.3.rel1.win32_1.1.0.202305231506/tools/bin/../lib/gcc/arm-none-eabi/11.3.1/../../../../arm-none-eabi/lib/thumb/v7e-m+fp/hard\libm.a
END GROUP
START GROUP
LOAD D:/UsefulSoftware/STM32CubeIDE_1.13.1/STM32CubeIDE/plugins/com.st.stm32cube.ide.mcu.externaltools.gnu-tools-for-stm32.11.3.rel1.win32_1.1.0.202305231506/tools/bin/../lib/gcc/arm-none-eabi/11.3.1/thumb/v7e-m+fp/hard\libgcc.a
LOAD D:/UsefulSoftware/STM32CubeIDE_1.13.1/STM32CubeIDE/plugins/com.st.stm32cube.ide.mcu.externaltools.gnu-tools-for-stm32.11.3.rel1.win32_1.1.0.202305231506/tools/bin/../lib/gcc/arm-none-eabi/11.3.1/../../../../arm-none-eabi/lib/thumb/v7e-m+fp/hard\libc_nano.a
END GROUP
START GROUP
LOAD D:/UsefulSoftware/STM32CubeIDE_1.13.1/STM32CubeIDE/plugins/com.st.stm32cube.ide.mcu.externaltools.gnu-tools-for-stm32.11.3.rel1.win32_1.1.0.202305231506/tools/bin/../lib/gcc/arm-none-eabi/11.3.1/thumb/v7e-m+fp/hard\libgcc.a
LOAD D:/UsefulSoftware/STM32CubeIDE_1.13.1/STM32CubeIDE/plugins/com.st.stm32cube.ide.mcu.externaltools.gnu-tools-for-stm32.11.3.rel1.win32_1.1.0.202305231506/tools/bin/../lib/gcc/arm-none-eabi/11.3.1/../../../../arm-none-eabi/lib/thumb/v7e-m+fp/hard\libc_nano.a
LOAD D:/UsefulSoftware/STM32CubeIDE_1.13.1/STM32CubeIDE/plugins/com.st.stm32cube.ide.mcu.externaltools.gnu-tools-for-stm32.11.3.rel1.win32_1.1.0.202305231506/tools/bin/../lib/gcc/arm-none-eabi/11.3.1/../../../../arm-none-eabi/lib/thumb/v7e-m+fp/hard\libnosys.a
END GROUP
START GROUP
LOAD D:/UsefulSoftware/STM32CubeIDE_1.13.1/STM32CubeIDE/plugins/com.st.stm32cube.ide.mcu.externaltools.gnu-tools-for-stm32.11.3.rel1.win32_1.1.0.202305231506/tools/bin/../lib/gcc/arm-none-eabi/11.3.1/thumb/v7e-m+fp/hard\libgcc.a
LOAD D:/UsefulSoftware/STM32CubeIDE_1.13.1/STM32CubeIDE/plugins/com.st.stm32cube.ide.mcu.externaltools.gnu-tools-for-stm32.11.3.rel1.win32_1.1.0.202305231506/tools/bin/../lib/gcc/arm-none-eabi/11.3.1/../../../../arm-none-eabi/lib/thumb/v7e-m+fp/hard\libc_nano.a
LOAD D:/UsefulSoftware/STM32CubeIDE_1.13.1/STM32CubeIDE/plugins/com.st.stm32cube.ide.mcu.externaltools.gnu-tools-for-stm32.11.3.rel1.win32_1.1.0.202305231506/tools/bin/../lib/gcc/arm-none-eabi/11.3.1/../../../../arm-none-eabi/lib/thumb/v7e-m+fp/hard\libnosys.a
END GROUP
LOAD D:/UsefulSoftware/STM32CubeIDE_1.13.1/STM32CubeIDE/plugins/com.st.stm32cube.ide.mcu.externaltools.gnu-tools-for-stm32.11.3.rel1.win32_1.1.0.202305231506/tools/bin/../lib/gcc/arm-none-eabi/11.3.1/thumb/v7e-m+fp/hard/crtend.o
LOAD D:/UsefulSoftware/STM32CubeIDE_1.13.1/STM32CubeIDE/plugins/com.st.stm32cube.ide.mcu.externaltools.gnu-tools-for-stm32.11.3.rel1.win32_1.1.0.202305231506/tools/bin/../lib/gcc/arm-none-eabi/11.3.1/thumb/v7e-m+fp/hard/crtn.o
                0x0000000020020000                _estack = (ORIGIN (RAM) + LENGTH (RAM))
                0x0000000000000200                _Min_Heap_Size = 0x200
                0x0000000000000400                _Min_Stack_Size = 0x400

.isr_vector     0x0000000008000000      0x188
                0x0000000008000000                . = ALIGN (0x4)
 *(.isr_vector)
 .isr_vector    0x0000000008000000      0x188 ./Core/Startup/startup_stm32f407vetx.o
                0x0000000008000000                g_pfnVectors
                0x0000000008000188                . = ALIGN (0x4)

.text           0x0000000008000190     0xe65c
                0x0000000008000190                . = ALIGN (0x4)
 *(.text)
 .text          0x0000000008000190       0x40 D:/UsefulSoftware/STM32CubeIDE_1.13.1/STM32CubeIDE/plugins/com.st.stm32cube.ide.mcu.externaltools.gnu-tools-for-stm32.11.3.rel1.win32_1.1.0.202305231506/tools/bin/../lib/gcc/arm-none-eabi/11.3.1/thumb/v7e-m+fp/hard/crtbegin.o
 .text          0x00000000080001d0       0xa0 D:/UsefulSoftware/STM32CubeIDE_1.13.1/STM32CubeIDE/plugins/com.st.stm32cube.ide.mcu.externaltools.gnu-tools-for-stm32.11.3.rel1.win32_1.1.0.202305231506/tools/bin/../lib/gcc/arm-none-eabi/11.3.1/../../../../arm-none-eabi/lib/thumb/v7e-m+fp/hard\libc_nano.a(libc_a-memchr.o)
                0x00000000080001d0                memchr
 .text          0x0000000008000270      0x378 D:/UsefulSoftware/STM32CubeIDE_1.13.1/STM32CubeIDE/plugins/com.st.stm32cube.ide.mcu.externaltools.gnu-tools-for-stm32.11.3.rel1.win32_1.1.0.202305231506/tools/bin/../lib/gcc/arm-none-eabi/11.3.1/thumb/v7e-m+fp/hard\libgcc.a(_arm_addsubdf3.o)
                0x0000000008000270                __aeabi_drsub
                0x0000000008000278                __aeabi_dsub
                0x0000000008000278                __subdf3
                0x000000000800027c                __aeabi_dadd
                0x000000000800027c                __adddf3
                0x00000000080004f4                __floatunsidf
                0x00000000080004f4                __aeabi_ui2d
                0x0000000008000514                __floatsidf
                0x0000000008000514                __aeabi_i2d
                0x0000000008000538                __aeabi_f2d
                0x0000000008000538                __extendsfdf2
                0x000000000800057c                __floatundidf
                0x000000000800057c                __aeabi_ul2d
                0x000000000800058c                __floatdidf
                0x000000000800058c                __aeabi_l2d
 .text          0x00000000080005e8      0x424 D:/UsefulSoftware/STM32CubeIDE_1.13.1/STM32CubeIDE/plugins/com.st.stm32cube.ide.mcu.externaltools.gnu-tools-for-stm32.11.3.rel1.win32_1.1.0.202305231506/tools/bin/../lib/gcc/arm-none-eabi/11.3.1/thumb/v7e-m+fp/hard\libgcc.a(_arm_muldivdf3.o)
                0x00000000080005e8                __aeabi_dmul
                0x00000000080005e8                __muldf3
                0x000000000800083c                __divdf3
                0x000000000800083c                __aeabi_ddiv
 .text          0x0000000008000a0c      0x110 D:/UsefulSoftware/STM32CubeIDE_1.13.1/STM32CubeIDE/plugins/com.st.stm32cube.ide.mcu.externaltools.gnu-tools-for-stm32.11.3.rel1.win32_1.1.0.202305231506/tools/bin/../lib/gcc/arm-none-eabi/11.3.1/thumb/v7e-m+fp/hard\libgcc.a(_arm_cmpdf2.o)
                0x0000000008000a0c                __gtdf2
                0x0000000008000a0c                __gedf2
                0x0000000008000a14                __ltdf2
                0x0000000008000a14                __ledf2
                0x0000000008000a1c                __nedf2
                0x0000000008000a1c                __eqdf2
                0x0000000008000a1c                __cmpdf2
                0x0000000008000a98                __aeabi_cdrcmple
                0x0000000008000aa8                __aeabi_cdcmpeq
                0x0000000008000aa8                __aeabi_cdcmple
                0x0000000008000ab8                __aeabi_dcmpeq
                0x0000000008000acc                __aeabi_dcmplt
                0x0000000008000ae0                __aeabi_dcmple
                0x0000000008000af4                __aeabi_dcmpge
                0x0000000008000b08                __aeabi_dcmpgt
 .text          0x0000000008000b1c       0x40 D:/UsefulSoftware/STM32CubeIDE_1.13.1/STM32CubeIDE/plugins/com.st.stm32cube.ide.mcu.externaltools.gnu-tools-for-stm32.11.3.rel1.win32_1.1.0.202305231506/tools/bin/../lib/gcc/arm-none-eabi/11.3.1/thumb/v7e-m+fp/hard\libgcc.a(_arm_fixunsdfsi.o)
                0x0000000008000b1c                __aeabi_d2uiz
                0x0000000008000b1c                __fixunsdfsi
 .text          0x0000000008000b5c       0xa0 D:/UsefulSoftware/STM32CubeIDE_1.13.1/STM32CubeIDE/plugins/com.st.stm32cube.ide.mcu.externaltools.gnu-tools-for-stm32.11.3.rel1.win32_1.1.0.202305231506/tools/bin/../lib/gcc/arm-none-eabi/11.3.1/thumb/v7e-m+fp/hard\libgcc.a(_arm_truncdfsf2.o)
                0x0000000008000b5c                __truncdfsf2
                0x0000000008000b5c                __aeabi_d2f
 .text          0x0000000008000bfc       0x30 D:/UsefulSoftware/STM32CubeIDE_1.13.1/STM32CubeIDE/plugins/com.st.stm32cube.ide.mcu.externaltools.gnu-tools-for-stm32.11.3.rel1.win32_1.1.0.202305231506/tools/bin/../lib/gcc/arm-none-eabi/11.3.1/thumb/v7e-m+fp/hard\libgcc.a(_aeabi_uldivmod.o)
                0x0000000008000bfc                __aeabi_uldivmod
 .text          0x0000000008000c2c      0x2c8 D:/UsefulSoftware/STM32CubeIDE_1.13.1/STM32CubeIDE/plugins/com.st.stm32cube.ide.mcu.externaltools.gnu-tools-for-stm32.11.3.rel1.win32_1.1.0.202305231506/tools/bin/../lib/gcc/arm-none-eabi/11.3.1/thumb/v7e-m+fp/hard\libgcc.a(_udivmoddi4.o)
                0x0000000008000c2c                __udivmoddi4
 .text          0x0000000008000ef4        0x4 D:/UsefulSoftware/STM32CubeIDE_1.13.1/STM32CubeIDE/plugins/com.st.stm32cube.ide.mcu.externaltools.gnu-tools-for-stm32.11.3.rel1.win32_1.1.0.202305231506/tools/bin/../lib/gcc/arm-none-eabi/11.3.1/thumb/v7e-m+fp/hard\libgcc.a(_dvmd_tls.o)
                0x0000000008000ef4                __aeabi_idiv0
                0x0000000008000ef4                __aeabi_ldiv0
 *(.text*)
 .text.main     0x0000000008000ef8      0x1d0 ./Core/Src/main.o
                0x0000000008000ef8                main
 .text.SystemClock_Config
                0x00000000080010c8       0xbc ./Core/Src/main.o
                0x00000000080010c8                SystemClock_Config
 .text.MX_ADC1_Init
                0x0000000008001184       0xa4 ./Core/Src/main.o
 .text.MX_ADC2_Init
                0x0000000008001228       0xa4 ./Core/Src/main.o
 .text.MX_I2C1_Init
                0x00000000080012cc       0x5c ./Core/Src/main.o
 .text.MX_TIM1_Init
                0x0000000008001328      0x13c ./Core/Src/main.o
 .text.MX_TIM2_Init
                0x0000000008001464       0xa8 ./Core/Src/main.o
 .text.MX_TIM3_Init
                0x000000000800150c       0xe0 ./Core/Src/main.o
 .text.MX_TIM4_Init
                0x00000000080015ec       0xa8 ./Core/Src/main.o
 .text.MX_TIM5_Init
                0x0000000008001694       0xa8 ./Core/Src/main.o
 .text.MX_TIM7_Init
                0x000000000800173c       0x6c ./Core/Src/main.o
 .text.MX_TIM8_Init
                0x00000000080017a8      0x158 ./Core/Src/main.o
 .text.MX_USART3_UART_Init
                0x0000000008001900       0x54 ./Core/Src/main.o
 .text.MX_DMA_Init
                0x0000000008001954       0x50 ./Core/Src/main.o
 .text.MX_GPIO_Init
                0x00000000080019a4      0x140 ./Core/Src/main.o
 .text.delay_us
                0x0000000008001ae4       0x34 ./Core/Src/main.o
                0x0000000008001ae4                delay_us
 .text.HCSR04_Read
                0x0000000008001b18       0x40 ./Core/Src/main.o
                0x0000000008001b18                HCSR04_Read
 .text.HAL_UART_RxCpltCallback
                0x0000000008001b58      0x91c ./Core/Src/main.o
                0x0000000008001b58                HAL_UART_RxCpltCallback
 *fill*         0x0000000008002474        0x4 
 .text.HAL_TIM_IC_CaptureCallback
                0x0000000008002478      0x140 ./Core/Src/main.o
                0x0000000008002478                HAL_TIM_IC_CaptureCallback
 .text.PIDConfigInit
                0x00000000080025b8       0x42 ./Core/Src/main.o
                0x00000000080025b8                PIDConfigInit
 .text.PIDConfigReset
                0x00000000080025fa       0x24 ./Core/Src/main.o
                0x00000000080025fa                PIDConfigReset
 *fill*         0x000000000800261e        0x2 
 .text.StraightLineMove
                0x0000000008002620      0x1ac ./Core/Src/main.o
                0x0000000008002620                StraightLineMove
 .text.StraightLineMoveBack
                0x00000000080027cc      0x1ac ./Core/Src/main.o
                0x00000000080027cc                StraightLineMoveBack
 .text.StraightLineMoveSpeedScale
                0x0000000008002978      0x414 ./Core/Src/main.o
                0x0000000008002978                StraightLineMoveSpeedScale
 .text.StraightLineMoveSpeedScaleUS
                0x0000000008002d8c      0x32c ./Core/Src/main.o
                0x0000000008002d8c                StraightLineMoveSpeedScaleUS
 .text.StraightLineMoveSpeedScaleBack
                0x00000000080030b8      0x334 ./Core/Src/main.o
                0x00000000080030b8                StraightLineMoveSpeedScaleBack
 *fill*         0x00000000080033ec        0x4 
 .text.RobotMoveDist
                0x00000000080033f0      0x328 ./Core/Src/main.o
                0x00000000080033f0                RobotMoveDist
 .text.RobotMoveDistBack
                0x0000000008003718      0x328 ./Core/Src/main.o
                0x0000000008003718                RobotMoveDistBack
 .text.RobotMoveDistObstacleUS
                0x0000000008003a40      0x238 ./Core/Src/main.o
                0x0000000008003a40                RobotMoveDistObstacleUS
 .text.RobotMoveDistIR
                0x0000000008003c78      0x274 ./Core/Src/main.o
                0x0000000008003c78                RobotMoveDistIR
 *fill*         0x0000000008003eec        0x4 
 .text.RobotMoveDistIR2
                0x0000000008003ef0      0x274 ./Core/Src/main.o
                0x0000000008003ef0                RobotMoveDistIR2
 *fill*         0x0000000008004164        0x4 
 .text.RobotTurn
                0x0000000008004168      0x154 ./Core/Src/main.o
                0x0000000008004168                RobotTurn
 *fill*         0x00000000080042bc        0x4 
 .text.RobotTurnWithoutReset
                0x00000000080042c0      0x140 ./Core/Src/main.o
                0x00000000080042c0                RobotTurnWithoutReset
 .text.FASTESTPATH_TURN_LEFT_90
                0x0000000008004400       0x74 ./Core/Src/main.o
                0x0000000008004400                FASTESTPATH_TURN_LEFT_90
 .text.FASTESTPATH_TURN_RIGHT_90
                0x0000000008004474       0x94 ./Core/Src/main.o
                0x0000000008004474                FASTESTPATH_TURN_RIGHT_90
 .text.FASTESTPATH_TURN_LEFT_180
                0x0000000008004508      0x13c ./Core/Src/main.o
                0x0000000008004508                FASTESTPATH_TURN_LEFT_180
 .text.FASTESTPATH_TURN_RIGHT_180
                0x0000000008004644      0x150 ./Core/Src/main.o
                0x0000000008004644                FASTESTPATH_TURN_RIGHT_180
 .text.scan     0x0000000008004794       0x2c ./Core/Src/main.o
                0x0000000008004794                scan
 .text.receiveFromBuffer
                0x00000000080047c0       0x30 ./Core/Src/main.o
                0x00000000080047c0                receiveFromBuffer
 .text.runUltrasonicTask
                0x00000000080047f0       0x30 ./Core/Src/main.o
                0x00000000080047f0                runUltrasonicTask
 .text.runFastestTask
                0x0000000008004820      0x3ec ./Core/Src/main.o
                0x0000000008004820                runFastestTask
 .text.HAL_TIM_PeriodElapsedCallback
                0x0000000008004c0c       0x24 ./Core/Src/main.o
                0x0000000008004c0c                HAL_TIM_PeriodElapsedCallback
 .text.Error_Handler
                0x0000000008004c30        0xa ./Core/Src/main.o
                0x0000000008004c30                Error_Handler
 *fill*         0x0000000008004c3a        0x2 
 .text.HAL_MspInit
                0x0000000008004c3c       0x58 ./Core/Src/stm32f4xx_hal_msp.o
                0x0000000008004c3c                HAL_MspInit
 .text.HAL_ADC_MspInit
                0x0000000008004c94      0x1b8 ./Core/Src/stm32f4xx_hal_msp.o
                0x0000000008004c94                HAL_ADC_MspInit
 .text.HAL_I2C_MspInit
                0x0000000008004e4c       0x90 ./Core/Src/stm32f4xx_hal_msp.o
                0x0000000008004e4c                HAL_I2C_MspInit
 .text.HAL_TIM_Base_MspInit
                0x0000000008004edc      0x134 ./Core/Src/stm32f4xx_hal_msp.o
                0x0000000008004edc                HAL_TIM_Base_MspInit
 .text.HAL_TIM_Encoder_MspInit
                0x0000000008005010       0xcc ./Core/Src/stm32f4xx_hal_msp.o
                0x0000000008005010                HAL_TIM_Encoder_MspInit
 .text.HAL_TIM_IC_MspInit
                0x00000000080050dc       0xfc ./Core/Src/stm32f4xx_hal_msp.o
                0x00000000080050dc                HAL_TIM_IC_MspInit
 .text.HAL_TIM_MspPostInit
                0x00000000080051d8       0xc4 ./Core/Src/stm32f4xx_hal_msp.o
                0x00000000080051d8                HAL_TIM_MspPostInit
 .text.HAL_UART_MspInit
                0x000000000800529c       0xa0 ./Core/Src/stm32f4xx_hal_msp.o
                0x000000000800529c                HAL_UART_MspInit
 .text.HAL_InitTick
                0x000000000800533c       0xf8 ./Core/Src/stm32f4xx_hal_timebase_tim.o
                0x000000000800533c                HAL_InitTick
 .text.NMI_Handler
                0x0000000008005434        0x6 ./Core/Src/stm32f4xx_it.o
                0x0000000008005434                NMI_Handler
 .text.HardFault_Handler
                0x000000000800543a        0x6 ./Core/Src/stm32f4xx_it.o
                0x000000000800543a                HardFault_Handler
 .text.MemManage_Handler
                0x0000000008005440        0x6 ./Core/Src/stm32f4xx_it.o
                0x0000000008005440                MemManage_Handler
 .text.BusFault_Handler
                0x0000000008005446        0x6 ./Core/Src/stm32f4xx_it.o
                0x0000000008005446                BusFault_Handler
 .text.UsageFault_Handler
                0x000000000800544c        0x6 ./Core/Src/stm32f4xx_it.o
                0x000000000800544c                UsageFault_Handler
 .text.DebugMon_Handler
                0x0000000008005452        0xe ./Core/Src/stm32f4xx_it.o
                0x0000000008005452                DebugMon_Handler
 .text.TIM1_UP_TIM10_IRQHandler
                0x0000000008005460       0x14 ./Core/Src/stm32f4xx_it.o
                0x0000000008005460                TIM1_UP_TIM10_IRQHandler
 .text.TIM3_IRQHandler
                0x0000000008005474       0x14 ./Core/Src/stm32f4xx_it.o
                0x0000000008005474                TIM3_IRQHandler
 .text.USART3_IRQHandler
                0x0000000008005488       0x14 ./Core/Src/stm32f4xx_it.o
                0x0000000008005488                USART3_IRQHandler
 .text.TIM6_DAC_IRQHandler
                0x000000000800549c       0x14 ./Core/Src/stm32f4xx_it.o
                0x000000000800549c                TIM6_DAC_IRQHandler
 .text.DMA2_Stream0_IRQHandler
                0x00000000080054b0       0x14 ./Core/Src/stm32f4xx_it.o
                0x00000000080054b0                DMA2_Stream0_IRQHandler
 .text.DMA2_Stream2_IRQHandler
                0x00000000080054c4       0x14 ./Core/Src/stm32f4xx_it.o
                0x00000000080054c4                DMA2_Stream2_IRQHandler
 .text._sbrk    0x00000000080054d8       0x6c ./Core/Src/sysmem.o
                0x00000000080054d8                _sbrk
 .text.SystemInit
                0x0000000008005544       0x24 ./Core/Src/system_stm32f4xx.o
                0x0000000008005544                SystemInit
 .text.Reset_Handler
                0x0000000008005568       0x50 ./Core/Startup/startup_stm32f407vetx.o
                0x0000000008005568                Reset_Handler
 .text.Default_Handler
                0x00000000080055b8        0x2 ./Core/Startup/startup_stm32f407vetx.o
                0x00000000080055b8                RTC_Alarm_IRQHandler
                0x00000000080055b8                HASH_RNG_IRQHandler
                0x00000000080055b8                EXTI2_IRQHandler
                0x00000000080055b8                TIM8_CC_IRQHandler
                0x00000000080055b8                TIM1_CC_IRQHandler
                0x00000000080055b8                DMA2_Stream5_IRQHandler
                0x00000000080055b8                DMA1_Stream5_IRQHandler
                0x00000000080055b8                PVD_IRQHandler
                0x00000000080055b8                SDIO_IRQHandler
                0x00000000080055b8                TAMP_STAMP_IRQHandler
                0x00000000080055b8                CAN2_RX1_IRQHandler
                0x00000000080055b8                EXTI3_IRQHandler
                0x00000000080055b8                TIM8_TRG_COM_TIM14_IRQHandler
                0x00000000080055b8                TIM8_UP_TIM13_IRQHandler
                0x00000000080055b8                I2C3_ER_IRQHandler
                0x00000000080055b8                EXTI0_IRQHandler
                0x00000000080055b8                I2C2_EV_IRQHandler
                0x00000000080055b8                DMA1_Stream2_IRQHandler
                0x00000000080055b8                CAN1_RX0_IRQHandler
                0x00000000080055b8                FPU_IRQHandler
                0x00000000080055b8                OTG_HS_WKUP_IRQHandler
                0x00000000080055b8                CAN2_SCE_IRQHandler
                0x00000000080055b8                SPI1_IRQHandler
                0x00000000080055b8                TIM1_BRK_TIM9_IRQHandler
                0x00000000080055b8                DCMI_IRQHandler
                0x00000000080055b8                CAN2_RX0_IRQHandler
                0x00000000080055b8                DMA2_Stream3_IRQHandler
                0x00000000080055b8                USART6_IRQHandler
                0x00000000080055b8                CAN1_RX1_IRQHandler
                0x00000000080055b8                UART5_IRQHandler
                0x00000000080055b8                TIM4_IRQHandler
                0x00000000080055b8                I2C1_EV_IRQHandler
                0x00000000080055b8                DMA1_Stream6_IRQHandler
                0x00000000080055b8                DMA1_Stream1_IRQHandler
                0x00000000080055b8                UART4_IRQHandler
                0x00000000080055b8                RCC_IRQHandler
                0x00000000080055b8                TIM8_BRK_TIM12_IRQHandler
                0x00000000080055b8                Default_Handler
                0x00000000080055b8                EXTI15_10_IRQHandler
                0x00000000080055b8                ADC_IRQHandler
                0x00000000080055b8                DMA1_Stream7_IRQHandler
                0x00000000080055b8                TIM7_IRQHandler
                0x00000000080055b8                CAN2_TX_IRQHandler
                0x00000000080055b8                TIM5_IRQHandler
                0x00000000080055b8                DMA2_Stream7_IRQHandler
                0x00000000080055b8                I2C3_EV_IRQHandler
                0x00000000080055b8                EXTI9_5_IRQHandler
                0x00000000080055b8                RTC_WKUP_IRQHandler
                0x00000000080055b8                ETH_WKUP_IRQHandler
                0x00000000080055b8                SPI2_IRQHandler
                0x00000000080055b8                OTG_HS_EP1_IN_IRQHandler
                0x00000000080055b8                DMA1_Stream0_IRQHandler
                0x00000000080055b8                CAN1_TX_IRQHandler
                0x00000000080055b8                EXTI4_IRQHandler
                0x00000000080055b8                FSMC_IRQHandler
                0x00000000080055b8                ETH_IRQHandler
                0x00000000080055b8                OTG_HS_EP1_OUT_IRQHandler
                0x00000000080055b8                WWDG_IRQHandler
                0x00000000080055b8                TIM2_IRQHandler
                0x00000000080055b8                OTG_FS_WKUP_IRQHandler
                0x00000000080055b8                TIM1_TRG_COM_TIM11_IRQHandler
                0x00000000080055b8                OTG_HS_IRQHandler
                0x00000000080055b8                EXTI1_IRQHandler
                0x00000000080055b8                USART2_IRQHandler
                0x00000000080055b8                I2C2_ER_IRQHandler
                0x00000000080055b8                DMA2_Stream1_IRQHandler
                0x00000000080055b8                CAN1_SCE_IRQHandler
                0x00000000080055b8                FLASH_IRQHandler
                0x00000000080055b8                DMA2_Stream4_IRQHandler
                0x00000000080055b8                USART1_IRQHandler
                0x00000000080055b8                OTG_FS_IRQHandler
                0x00000000080055b8                SPI3_IRQHandler
                0x00000000080055b8                DMA1_Stream4_IRQHandler
                0x00000000080055b8                I2C1_ER_IRQHandler
                0x00000000080055b8                DMA2_Stream6_IRQHandler
                0x00000000080055b8                DMA1_Stream3_IRQHandler
 *fill*         0x00000000080055ba        0x2 
 .text.HAL_Init
                0x00000000080055bc       0x44 ./Drivers/STM32F4xx_HAL_Driver/Src/stm32f4xx_hal.o
                0x00000000080055bc                HAL_Init
 .text.HAL_IncTick
                0x0000000008005600       0x28 ./Drivers/STM32F4xx_HAL_Driver/Src/stm32f4xx_hal.o
                0x0000000008005600                HAL_IncTick
 .text.HAL_GetTick
                0x0000000008005628       0x18 ./Drivers/STM32F4xx_HAL_Driver/Src/stm32f4xx_hal.o
                0x0000000008005628                HAL_GetTick
 .text.HAL_Delay
                0x0000000008005640       0x48 ./Drivers/STM32F4xx_HAL_Driver/Src/stm32f4xx_hal.o
                0x0000000008005640                HAL_Delay
 .text.HAL_ADC_Init
                0x0000000008005688       0x86 ./Drivers/STM32F4xx_HAL_Driver/Src/stm32f4xx_hal_adc.o
                0x0000000008005688                HAL_ADC_Init
 *fill*         0x000000000800570e        0x2 
 .text.HAL_ADC_Start
                0x0000000008005710      0x1a4 ./Drivers/STM32F4xx_HAL_Driver/Src/stm32f4xx_hal_adc.o
                0x0000000008005710                HAL_ADC_Start
 .text.HAL_ADC_PollForConversion
                0x00000000080058b4      0x116 ./Drivers/STM32F4xx_HAL_Driver/Src/stm32f4xx_hal_adc.o
                0x00000000080058b4                HAL_ADC_PollForConversion
 .text.HAL_ADC_GetValue
                0x00000000080059ca       0x1a ./Drivers/STM32F4xx_HAL_Driver/Src/stm32f4xx_hal_adc.o
                0x00000000080059ca                HAL_ADC_GetValue
 .text.HAL_ADC_ConfigChannel
                0x00000000080059e4      0x244 ./Drivers/STM32F4xx_HAL_Driver/Src/stm32f4xx_hal_adc.o
                0x00000000080059e4                HAL_ADC_ConfigChannel
 .text.ADC_Init
                0x0000000008005c28      0x1f8 ./Drivers/STM32F4xx_HAL_Driver/Src/stm32f4xx_hal_adc.o
 .text.__NVIC_SetPriorityGrouping
                0x0000000008005e20       0x48 ./Drivers/STM32F4xx_HAL_Driver/Src/stm32f4xx_hal_cortex.o
 .text.__NVIC_GetPriorityGrouping
                0x0000000008005e68       0x1c ./Drivers/STM32F4xx_HAL_Driver/Src/stm32f4xx_hal_cortex.o
 .text.__NVIC_EnableIRQ
                0x0000000008005e84       0x3c ./Drivers/STM32F4xx_HAL_Driver/Src/stm32f4xx_hal_cortex.o
 .text.__NVIC_SetPriority
                0x0000000008005ec0       0x54 ./Drivers/STM32F4xx_HAL_Driver/Src/stm32f4xx_hal_cortex.o
 .text.NVIC_EncodePriority
                0x0000000008005f14       0x66 ./Drivers/STM32F4xx_HAL_Driver/Src/stm32f4xx_hal_cortex.o
 .text.HAL_NVIC_SetPriorityGrouping
                0x0000000008005f7a       0x16 ./Drivers/STM32F4xx_HAL_Driver/Src/stm32f4xx_hal_cortex.o
                0x0000000008005f7a                HAL_NVIC_SetPriorityGrouping
 .text.HAL_NVIC_SetPriority
                0x0000000008005f90       0x38 ./Drivers/STM32F4xx_HAL_Driver/Src/stm32f4xx_hal_cortex.o
                0x0000000008005f90                HAL_NVIC_SetPriority
 .text.HAL_NVIC_EnableIRQ
                0x0000000008005fc8       0x1c ./Drivers/STM32F4xx_HAL_Driver/Src/stm32f4xx_hal_cortex.o
                0x0000000008005fc8                HAL_NVIC_EnableIRQ
 .text.HAL_DMA_Init
                0x0000000008005fe4      0x15c ./Drivers/STM32F4xx_HAL_Driver/Src/stm32f4xx_hal_dma.o
                0x0000000008005fe4                HAL_DMA_Init
 .text.HAL_DMA_Abort
                0x0000000008006140       0xe0 ./Drivers/STM32F4xx_HAL_Driver/Src/stm32f4xx_hal_dma.o
                0x0000000008006140                HAL_DMA_Abort
 .text.HAL_DMA_Abort_IT
                0x0000000008006220       0x44 ./Drivers/STM32F4xx_HAL_Driver/Src/stm32f4xx_hal_dma.o
                0x0000000008006220                HAL_DMA_Abort_IT
 .text.HAL_DMA_IRQHandler
                0x0000000008006264      0x314 ./Drivers/STM32F4xx_HAL_Driver/Src/stm32f4xx_hal_dma.o
                0x0000000008006264                HAL_DMA_IRQHandler
 .text.DMA_CalcBaseAndBitshift
                0x0000000008006578       0x6c ./Drivers/STM32F4xx_HAL_Driver/Src/stm32f4xx_hal_dma.o
 .text.DMA_CheckFifoParam
                0x00000000080065e4       0xf8 ./Drivers/STM32F4xx_HAL_Driver/Src/stm32f4xx_hal_dma.o
 .text.HAL_GPIO_Init
                0x00000000080066dc      0x338 ./Drivers/STM32F4xx_HAL_Driver/Src/stm32f4xx_hal_gpio.o
                0x00000000080066dc                HAL_GPIO_Init
 .text.HAL_GPIO_WritePin
                0x0000000008006a14       0x32 ./Drivers/STM32F4xx_HAL_Driver/Src/stm32f4xx_hal_gpio.o
                0x0000000008006a14                HAL_GPIO_WritePin
 *fill*         0x0000000008006a46        0x2 
 .text.HAL_I2C_Init
                0x0000000008006a48      0x288 ./Drivers/STM32F4xx_HAL_Driver/Src/stm32f4xx_hal_i2c.o
                0x0000000008006a48                HAL_I2C_Init
 .text.HAL_I2C_Mem_Write
                0x0000000008006cd0      0x1f4 ./Drivers/STM32F4xx_HAL_Driver/Src/stm32f4xx_hal_i2c.o
                0x0000000008006cd0                HAL_I2C_Mem_Write
 .text.HAL_I2C_Mem_Read
                0x0000000008006ec4      0x44c ./Drivers/STM32F4xx_HAL_Driver/Src/stm32f4xx_hal_i2c.o
                0x0000000008006ec4                HAL_I2C_Mem_Read
 .text.I2C_RequestMemoryWrite
                0x0000000008007310      0x12c ./Drivers/STM32F4xx_HAL_Driver/Src/stm32f4xx_hal_i2c.o
 .text.I2C_RequestMemoryRead
                0x000000000800743c      0x1d0 ./Drivers/STM32F4xx_HAL_Driver/Src/stm32f4xx_hal_i2c.o
 .text.I2C_WaitOnFlagUntilTimeout
                0x000000000800760c       0xae ./Drivers/STM32F4xx_HAL_Driver/Src/stm32f4xx_hal_i2c.o
 .text.I2C_WaitOnMasterAddressFlagUntilTimeout
                0x00000000080076ba       0xfe ./Drivers/STM32F4xx_HAL_Driver/Src/stm32f4xx_hal_i2c.o
 .text.I2C_WaitOnTXEFlagUntilTimeout
                0x00000000080077b8       0x82 ./Drivers/STM32F4xx_HAL_Driver/Src/stm32f4xx_hal_i2c.o
 .text.I2C_WaitOnBTFFlagUntilTimeout
                0x000000000800783a       0x82 ./Drivers/STM32F4xx_HAL_Driver/Src/stm32f4xx_hal_i2c.o
 .text.I2C_WaitOnRXNEFlagUntilTimeout
                0x00000000080078bc       0xac ./Drivers/STM32F4xx_HAL_Driver/Src/stm32f4xx_hal_i2c.o
 .text.I2C_IsAcknowledgeFailed
                0x0000000008007968       0x5e ./Drivers/STM32F4xx_HAL_Driver/Src/stm32f4xx_hal_i2c.o
 *fill*         0x00000000080079c6        0x2 
 .text.HAL_PWR_EnableBkUpAccess
                0x00000000080079c8       0x28 ./Drivers/STM32F4xx_HAL_Driver/Src/stm32f4xx_hal_pwr.o
                0x00000000080079c8                HAL_PWR_EnableBkUpAccess
 .text.HAL_PWR_DisableBkUpAccess
                0x00000000080079f0       0x28 ./Drivers/STM32F4xx_HAL_Driver/Src/stm32f4xx_hal_pwr.o
                0x00000000080079f0                HAL_PWR_DisableBkUpAccess
 .text.HAL_RCC_OscConfig
                0x0000000008007a18      0x4f0 ./Drivers/STM32F4xx_HAL_Driver/Src/stm32f4xx_hal_rcc.o
                0x0000000008007a18                HAL_RCC_OscConfig
 .text.HAL_RCC_ClockConfig
                0x0000000008007f08      0x1cc ./Drivers/STM32F4xx_HAL_Driver/Src/stm32f4xx_hal_rcc.o
                0x0000000008007f08                HAL_RCC_ClockConfig
 .text.HAL_RCC_GetSysClockFreq
                0x00000000080080d4      0x18c ./Drivers/STM32F4xx_HAL_Driver/Src/stm32f4xx_hal_rcc.o
                0x00000000080080d4                HAL_RCC_GetSysClockFreq
 .text.HAL_RCC_GetHCLKFreq
                0x0000000008008260       0x18 ./Drivers/STM32F4xx_HAL_Driver/Src/stm32f4xx_hal_rcc.o
                0x0000000008008260                HAL_RCC_GetHCLKFreq
 .text.HAL_RCC_GetPCLK1Freq
                0x0000000008008278       0x28 ./Drivers/STM32F4xx_HAL_Driver/Src/stm32f4xx_hal_rcc.o
                0x0000000008008278                HAL_RCC_GetPCLK1Freq
 .text.HAL_RCC_GetPCLK2Freq
                0x00000000080082a0       0x28 ./Drivers/STM32F4xx_HAL_Driver/Src/stm32f4xx_hal_rcc.o
                0x00000000080082a0                HAL_RCC_GetPCLK2Freq
 .text.HAL_RCC_GetClockConfig
                0x00000000080082c8       0x64 ./Drivers/STM32F4xx_HAL_Driver/Src/stm32f4xx_hal_rcc.o
                0x00000000080082c8                HAL_RCC_GetClockConfig
 .text.HAL_TIM_Base_Init
                0x000000000800832c       0x9e ./Drivers/STM32F4xx_HAL_Driver/Src/stm32f4xx_hal_tim.o
                0x000000000800832c                HAL_TIM_Base_Init
 *fill*         0x00000000080083ca        0x2 
 .text.HAL_TIM_Base_Start
                0x00000000080083cc       0xd0 ./Drivers/STM32F4xx_HAL_Driver/Src/stm32f4xx_hal_tim.o
                0x00000000080083cc                HAL_TIM_Base_Start
 .text.HAL_TIM_Base_Start_IT
                0x000000000800849c       0xe0 ./Drivers/STM32F4xx_HAL_Driver/Src/stm32f4xx_hal_tim.o
                0x000000000800849c                HAL_TIM_Base_Start_IT
 .text.HAL_TIM_PWM_Init
                0x000000000800857c       0x9e ./Drivers/STM32F4xx_HAL_Driver/Src/stm32f4xx_hal_tim.o
                0x000000000800857c                HAL_TIM_PWM_Init
 .text.HAL_TIM_PWM_MspInit
                0x000000000800861a       0x14 ./Drivers/STM32F4xx_HAL_Driver/Src/stm32f4xx_hal_tim.o
                0x000000000800861a                HAL_TIM_PWM_MspInit
 *fill*         0x000000000800862e        0x2 
 .text.HAL_TIM_PWM_Start
                0x0000000008008630      0x190 ./Drivers/STM32F4xx_HAL_Driver/Src/stm32f4xx_hal_tim.o
                0x0000000008008630                HAL_TIM_PWM_Start
 .text.HAL_TIM_IC_Init
                0x00000000080087c0       0x9e ./Drivers/STM32F4xx_HAL_Driver/Src/stm32f4xx_hal_tim.o
                0x00000000080087c0                HAL_TIM_IC_Init
 *fill*         0x000000000800885e        0x2 
 .text.HAL_TIM_IC_Start_IT
                0x0000000008008860      0x250 ./Drivers/STM32F4xx_HAL_Driver/Src/stm32f4xx_hal_tim.o
                0x0000000008008860                HAL_TIM_IC_Start_IT
 .text.HAL_TIM_Encoder_Init
                0x0000000008008ab0      0x14c ./Drivers/STM32F4xx_HAL_Driver/Src/stm32f4xx_hal_tim.o
                0x0000000008008ab0                HAL_TIM_Encoder_Init
 .text.HAL_TIM_Encoder_Start
                0x0000000008008bfc      0x11c ./Drivers/STM32F4xx_HAL_Driver/Src/stm32f4xx_hal_tim.o
                0x0000000008008bfc                HAL_TIM_Encoder_Start
 .text.HAL_TIM_IRQHandler
                0x0000000008008d18      0x210 ./Drivers/STM32F4xx_HAL_Driver/Src/stm32f4xx_hal_tim.o
                0x0000000008008d18                HAL_TIM_IRQHandler
 .text.HAL_TIM_IC_ConfigChannel
                0x0000000008008f28      0x138 ./Drivers/STM32F4xx_HAL_Driver/Src/stm32f4xx_hal_tim.o
                0x0000000008008f28                HAL_TIM_IC_ConfigChannel
 .text.HAL_TIM_PWM_ConfigChannel
                0x0000000008009060      0x184 ./Drivers/STM32F4xx_HAL_Driver/Src/stm32f4xx_hal_tim.o
                0x0000000008009060                HAL_TIM_PWM_ConfigChannel
 .text.HAL_TIM_ConfigClockSource
                0x00000000080091e4      0x18e ./Drivers/STM32F4xx_HAL_Driver/Src/stm32f4xx_hal_tim.o
                0x00000000080091e4                HAL_TIM_ConfigClockSource
 *fill*         0x0000000008009372        0x2 
 .text.HAL_TIM_ReadCapturedValue
                0x0000000008009374       0x88 ./Drivers/STM32F4xx_HAL_Driver/Src/stm32f4xx_hal_tim.o
                0x0000000008009374                HAL_TIM_ReadCapturedValue
 .text.HAL_TIM_OC_DelayElapsedCallback
                0x00000000080093fc       0x14 ./Drivers/STM32F4xx_HAL_Driver/Src/stm32f4xx_hal_tim.o
                0x00000000080093fc                HAL_TIM_OC_DelayElapsedCallback
 .text.HAL_TIM_PWM_PulseFinishedCallback
                0x0000000008009410       0x14 ./Drivers/STM32F4xx_HAL_Driver/Src/stm32f4xx_hal_tim.o
                0x0000000008009410                HAL_TIM_PWM_PulseFinishedCallback
 .text.HAL_TIM_TriggerCallback
                0x0000000008009424       0x14 ./Drivers/STM32F4xx_HAL_Driver/Src/stm32f4xx_hal_tim.o
                0x0000000008009424                HAL_TIM_TriggerCallback
 .text.TIM_Base_SetConfig
                0x0000000008009438      0x140 ./Drivers/STM32F4xx_HAL_Driver/Src/stm32f4xx_hal_tim.o
                0x0000000008009438                TIM_Base_SetConfig
 .text.TIM_OC1_SetConfig
                0x0000000008009578       0xe0 ./Drivers/STM32F4xx_HAL_Driver/Src/stm32f4xx_hal_tim.o
 .text.TIM_OC2_SetConfig
                0x0000000008009658       0xec ./Drivers/STM32F4xx_HAL_Driver/Src/stm32f4xx_hal_tim.o
                0x0000000008009658                TIM_OC2_SetConfig
 .text.TIM_OC3_SetConfig
                0x0000000008009744       0xe8 ./Drivers/STM32F4xx_HAL_Driver/Src/stm32f4xx_hal_tim.o
 .text.TIM_OC4_SetConfig
                0x000000000800982c       0xac ./Drivers/STM32F4xx_HAL_Driver/Src/stm32f4xx_hal_tim.o
 .text.TIM_TI1_SetConfig
                0x00000000080098d8       0xe8 ./Drivers/STM32F4xx_HAL_Driver/Src/stm32f4xx_hal_tim.o
                0x00000000080098d8                TIM_TI1_SetConfig
 .text.TIM_TI1_ConfigInputStage
                0x00000000080099c0       0x5e ./Drivers/STM32F4xx_HAL_Driver/Src/stm32f4xx_hal_tim.o
 .text.TIM_TI2_SetConfig
                0x0000000008009a1e       0x7a ./Drivers/STM32F4xx_HAL_Driver/Src/stm32f4xx_hal_tim.o
 .text.TIM_TI2_ConfigInputStage
                0x0000000008009a98       0x60 ./Drivers/STM32F4xx_HAL_Driver/Src/stm32f4xx_hal_tim.o
 .text.TIM_TI3_SetConfig
                0x0000000008009af8       0x78 ./Drivers/STM32F4xx_HAL_Driver/Src/stm32f4xx_hal_tim.o
 .text.TIM_TI4_SetConfig
                0x0000000008009b70       0x7a ./Drivers/STM32F4xx_HAL_Driver/Src/stm32f4xx_hal_tim.o
 .text.TIM_ITRx_SetConfig
                0x0000000008009bea       0x36 ./Drivers/STM32F4xx_HAL_Driver/Src/stm32f4xx_hal_tim.o
 .text.TIM_ETR_SetConfig
                0x0000000008009c20       0x40 ./Drivers/STM32F4xx_HAL_Driver/Src/stm32f4xx_hal_tim.o
                0x0000000008009c20                TIM_ETR_SetConfig
 .text.TIM_CCxChannelCmd
                0x0000000008009c60       0x4a ./Drivers/STM32F4xx_HAL_Driver/Src/stm32f4xx_hal_tim.o
                0x0000000008009c60                TIM_CCxChannelCmd
 *fill*         0x0000000008009caa        0x2 
 .text.HAL_TIMEx_MasterConfigSynchronization
                0x0000000008009cac       0xf8 ./Drivers/STM32F4xx_HAL_Driver/Src/stm32f4xx_hal_tim_ex.o
                0x0000000008009cac                HAL_TIMEx_MasterConfigSynchronization
 .text.HAL_TIMEx_ConfigBreakDeadTime
                0x0000000008009da4       0xa4 ./Drivers/STM32F4xx_HAL_Driver/Src/stm32f4xx_hal_tim_ex.o
                0x0000000008009da4                HAL_TIMEx_ConfigBreakDeadTime
 .text.HAL_TIMEx_CommutCallback
                0x0000000008009e48       0x14 ./Drivers/STM32F4xx_HAL_Driver/Src/stm32f4xx_hal_tim_ex.o
                0x0000000008009e48                HAL_TIMEx_CommutCallback
 .text.HAL_TIMEx_BreakCallback
                0x0000000008009e5c       0x14 ./Drivers/STM32F4xx_HAL_Driver/Src/stm32f4xx_hal_tim_ex.o
                0x0000000008009e5c                HAL_TIMEx_BreakCallback
 .text.HAL_UART_Init
                0x0000000008009e70       0x9a ./Drivers/STM32F4xx_HAL_Driver/Src/stm32f4xx_hal_uart.o
                0x0000000008009e70                HAL_UART_Init
 .text.HAL_UART_Transmit
                0x0000000008009f0a      0x124 ./Drivers/STM32F4xx_HAL_Driver/Src/stm32f4xx_hal_uart.o
                0x0000000008009f0a                HAL_UART_Transmit
 .text.HAL_UART_Receive_IT
                0x000000000800a02e       0x60 ./Drivers/STM32F4xx_HAL_Driver/Src/stm32f4xx_hal_uart.o
                0x000000000800a02e                HAL_UART_Receive_IT
 *fill*         0x000000000800a08e        0x2 
 .text.HAL_UART_IRQHandler
                0x000000000800a090      0x51c ./Drivers/STM32F4xx_HAL_Driver/Src/stm32f4xx_hal_uart.o
                0x000000000800a090                HAL_UART_IRQHandler
 .text.HAL_UART_TxCpltCallback
                0x000000000800a5ac       0x14 ./Drivers/STM32F4xx_HAL_Driver/Src/stm32f4xx_hal_uart.o
                0x000000000800a5ac                HAL_UART_TxCpltCallback
 .text.HAL_UART_ErrorCallback
                0x000000000800a5c0       0x14 ./Drivers/STM32F4xx_HAL_Driver/Src/stm32f4xx_hal_uart.o
                0x000000000800a5c0                HAL_UART_ErrorCallback
 .text.HAL_UARTEx_RxEventCallback
                0x000000000800a5d4       0x18 ./Drivers/STM32F4xx_HAL_Driver/Src/stm32f4xx_hal_uart.o
                0x000000000800a5d4                HAL_UARTEx_RxEventCallback
 .text.UART_WaitOnFlagUntilTimeout
                0x000000000800a5ec       0xdc ./Drivers/STM32F4xx_HAL_Driver/Src/stm32f4xx_hal_uart.o
 .text.UART_Start_Receive_IT
                0x000000000800a6c8       0x7c ./Drivers/STM32F4xx_HAL_Driver/Src/stm32f4xx_hal_uart.o
                0x000000000800a6c8                UART_Start_Receive_IT
 .text.UART_EndRxTransfer
                0x000000000800a744       0xc6 ./Drivers/STM32F4xx_HAL_Driver/Src/stm32f4xx_hal_uart.o
 .text.UART_DMAAbortOnError
                0x000000000800a80a       0x28 ./Drivers/STM32F4xx_HAL_Driver/Src/stm32f4xx_hal_uart.o
 .text.UART_Transmit_IT
                0x000000000800a832       0xa0 ./Drivers/STM32F4xx_HAL_Driver/Src/stm32f4xx_hal_uart.o
 .text.UART_EndTransmit_IT
                0x000000000800a8d2       0x30 ./Drivers/STM32F4xx_HAL_Driver/Src/stm32f4xx_hal_uart.o
 .text.UART_Receive_IT
                0x000000000800a902      0x176 ./Drivers/STM32F4xx_HAL_Driver/Src/stm32f4xx_hal_uart.o
 .text.UART_SetConfig
                0x000000000800aa78      0x4e8 ./Drivers/STM32F4xx_HAL_Driver/Src/stm32f4xx_hal_uart.o
 .text.__NVIC_SetPriority
                0x000000000800af60       0x54 ./Middlewares/Third_Party/FreeRTOS/Source/CMSIS_RTOS_V2/cmsis_os2.o
 .text.SysTick_Handler
                0x000000000800afb4       0x20 ./Middlewares/Third_Party/FreeRTOS/Source/CMSIS_RTOS_V2/cmsis_os2.o
                0x000000000800afb4                SysTick_Handler
 .text.SVC_Setup
                0x000000000800afd4       0x12 ./Middlewares/Third_Party/FreeRTOS/Source/CMSIS_RTOS_V2/cmsis_os2.o
 *fill*         0x000000000800afe6        0x2 
 .text.osKernelInitialize
                0x000000000800afe8       0x48 ./Middlewares/Third_Party/FreeRTOS/Source/CMSIS_RTOS_V2/cmsis_os2.o
                0x000000000800afe8                osKernelInitialize
 .text.osKernelStart
                0x000000000800b030       0x4c ./Middlewares/Third_Party/FreeRTOS/Source/CMSIS_RTOS_V2/cmsis_os2.o
                0x000000000800b030                osKernelStart
 .text.osThreadNew
                0x000000000800b07c      0x124 ./Middlewares/Third_Party/FreeRTOS/Source/CMSIS_RTOS_V2/cmsis_os2.o
                0x000000000800b07c                osThreadNew
 .text.osDelay  0x000000000800b1a0       0x36 ./Middlewares/Third_Party/FreeRTOS/Source/CMSIS_RTOS_V2/cmsis_os2.o
                0x000000000800b1a0                osDelay
 *fill*         0x000000000800b1d6        0x2 
 .text.vApplicationGetIdleTaskMemory
                0x000000000800b1d8       0x34 ./Middlewares/Third_Party/FreeRTOS/Source/CMSIS_RTOS_V2/cmsis_os2.o
                0x000000000800b1d8                vApplicationGetIdleTaskMemory
 .text.vApplicationGetTimerTaskMemory
                0x000000000800b20c       0x34 ./Middlewares/Third_Party/FreeRTOS/Source/CMSIS_RTOS_V2/cmsis_os2.o
                0x000000000800b20c                vApplicationGetTimerTaskMemory
 .text.vListInitialise
                0x000000000800b240       0x40 ./Middlewares/Third_Party/FreeRTOS/Source/list.o
                0x000000000800b240                vListInitialise
 .text.vListInitialiseItem
                0x000000000800b280       0x1a ./Middlewares/Third_Party/FreeRTOS/Source/list.o
                0x000000000800b280                vListInitialiseItem
 .text.vListInsertEnd
                0x000000000800b29a       0x48 ./Middlewares/Third_Party/FreeRTOS/Source/list.o
                0x000000000800b29a                vListInsertEnd
 .text.vListInsert
                0x000000000800b2e2       0x72 ./Middlewares/Third_Party/FreeRTOS/Source/list.o
                0x000000000800b2e2                vListInsert
 .text.uxListRemove
                0x000000000800b354       0x54 ./Middlewares/Third_Party/FreeRTOS/Source/list.o
                0x000000000800b354                uxListRemove
 .text.xQueueGenericReset
                0x000000000800b3a8       0xd0 ./Middlewares/Third_Party/FreeRTOS/Source/queue.o
                0x000000000800b3a8                xQueueGenericReset
 .text.xQueueGenericCreateStatic
                0x000000000800b478       0xf0 ./Middlewares/Third_Party/FreeRTOS/Source/queue.o
                0x000000000800b478                xQueueGenericCreateStatic
 .text.prvInitialiseNewQueue
                0x000000000800b568       0x46 ./Middlewares/Third_Party/FreeRTOS/Source/queue.o
 *fill*         0x000000000800b5ae        0x2 
 .text.xQueueGenericSend
                0x000000000800b5b0      0x1fc ./Middlewares/Third_Party/FreeRTOS/Source/queue.o
                0x000000000800b5b0                xQueueGenericSend
 .text.xQueueGenericSendFromISR
                0x000000000800b7ac      0x136 ./Middlewares/Third_Party/FreeRTOS/Source/queue.o
                0x000000000800b7ac                xQueueGenericSendFromISR
 *fill*         0x000000000800b8e2        0x2 
 .text.xQueueReceive
                0x000000000800b8e4      0x1c0 ./Middlewares/Third_Party/FreeRTOS/Source/queue.o
                0x000000000800b8e4                xQueueReceive
 .text.prvCopyDataToQueue
                0x000000000800baa4       0xd4 ./Middlewares/Third_Party/FreeRTOS/Source/queue.o
 .text.prvCopyDataFromQueue
                0x000000000800bb78       0x4c ./Middlewares/Third_Party/FreeRTOS/Source/queue.o
 .text.prvUnlockQueue
                0x000000000800bbc4       0xa4 ./Middlewares/Third_Party/FreeRTOS/Source/queue.o
 .text.prvIsQueueEmpty
                0x000000000800bc68       0x2c ./Middlewares/Third_Party/FreeRTOS/Source/queue.o
 .text.prvIsQueueFull
                0x000000000800bc94       0x30 ./Middlewares/Third_Party/FreeRTOS/Source/queue.o
 .text.vQueueAddToRegistry
                0x000000000800bcc4       0x54 ./Middlewares/Third_Party/FreeRTOS/Source/queue.o
                0x000000000800bcc4                vQueueAddToRegistry
 .text.vQueueWaitForMessageRestricted
                0x000000000800bd18       0x68 ./Middlewares/Third_Party/FreeRTOS/Source/queue.o
                0x000000000800bd18                vQueueWaitForMessageRestricted
 .text.xTaskCreateStatic
                0x000000000800bd80       0xba ./Middlewares/Third_Party/FreeRTOS/Source/tasks.o
                0x000000000800bd80                xTaskCreateStatic
 .text.xTaskCreate
                0x000000000800be3a       0x8a ./Middlewares/Third_Party/FreeRTOS/Source/tasks.o
                0x000000000800be3a                xTaskCreate
 .text.prvInitialiseNewTask
                0x000000000800bec4      0x11e ./Middlewares/Third_Party/FreeRTOS/Source/tasks.o
 *fill*         0x000000000800bfe2        0x2 
 .text.prvAddNewTaskToReadyList
                0x000000000800bfe4       0xe0 ./Middlewares/Third_Party/FreeRTOS/Source/tasks.o
 .text.vTaskDelay
                0x000000000800c0c4       0x68 ./Middlewares/Third_Party/FreeRTOS/Source/tasks.o
                0x000000000800c0c4                vTaskDelay
 .text.vTaskStartScheduler
                0x000000000800c12c       0xcc ./Middlewares/Third_Party/FreeRTOS/Source/tasks.o
                0x000000000800c12c                vTaskStartScheduler
 .text.vTaskSuspendAll
                0x000000000800c1f8       0x1c ./Middlewares/Third_Party/FreeRTOS/Source/tasks.o
                0x000000000800c1f8                vTaskSuspendAll
 .text.xTaskResumeAll
                0x000000000800c214      0x13c ./Middlewares/Third_Party/FreeRTOS/Source/tasks.o
                0x000000000800c214                xTaskResumeAll
 .text.xTaskGetTickCount
                0x000000000800c350       0x20 ./Middlewares/Third_Party/FreeRTOS/Source/tasks.o
                0x000000000800c350                xTaskGetTickCount
 .text.xTaskIncrementTick
                0x000000000800c370      0x174 ./Middlewares/Third_Party/FreeRTOS/Source/tasks.o
                0x000000000800c370                xTaskIncrementTick
 .text.vTaskSwitchContext
                0x000000000800c4e4       0xbc ./Middlewares/Third_Party/FreeRTOS/Source/tasks.o
                0x000000000800c4e4                vTaskSwitchContext
 .text.vTaskPlaceOnEventList
                0x000000000800c5a0       0x48 ./Middlewares/Third_Party/FreeRTOS/Source/tasks.o
                0x000000000800c5a0                vTaskPlaceOnEventList
 .text.vTaskPlaceOnEventListRestricted
                0x000000000800c5e8       0x58 ./Middlewares/Third_Party/FreeRTOS/Source/tasks.o
                0x000000000800c5e8                vTaskPlaceOnEventListRestricted
 .text.xTaskRemoveFromEventList
                0x000000000800c640       0xc8 ./Middlewares/Third_Party/FreeRTOS/Source/tasks.o
                0x000000000800c640                xTaskRemoveFromEventList
 .text.vTaskInternalSetTimeOutState
                0x000000000800c708       0x2c ./Middlewares/Third_Party/FreeRTOS/Source/tasks.o
                0x000000000800c708                vTaskInternalSetTimeOutState
 .text.xTaskCheckForTimeOut
                0x000000000800c734       0xc4 ./Middlewares/Third_Party/FreeRTOS/Source/tasks.o
                0x000000000800c734                xTaskCheckForTimeOut
 .text.vTaskMissedYield
                0x000000000800c7f8       0x18 ./Middlewares/Third_Party/FreeRTOS/Source/tasks.o
                0x000000000800c7f8                vTaskMissedYield
 .text.prvIdleTask
                0x000000000800c810       0x30 ./Middlewares/Third_Party/FreeRTOS/Source/tasks.o
 .text.prvInitialiseTaskLists
                0x000000000800c840       0x80 ./Middlewares/Third_Party/FreeRTOS/Source/tasks.o
 .text.prvCheckTasksWaitingTermination
                0x000000000800c8c0       0x5c ./Middlewares/Third_Party/FreeRTOS/Source/tasks.o
 .text.prvDeleteTCB
                0x000000000800c91c       0x5e ./Middlewares/Third_Party/FreeRTOS/Source/tasks.o
 *fill*         0x000000000800c97a        0x2 
 .text.prvResetNextTaskUnblockTime
                0x000000000800c97c       0x40 ./Middlewares/Third_Party/FreeRTOS/Source/tasks.o
 .text.xTaskGetSchedulerState
                0x000000000800c9bc       0x3c ./Middlewares/Third_Party/FreeRTOS/Source/tasks.o
                0x000000000800c9bc                xTaskGetSchedulerState
 .text.xTaskPriorityDisinherit
                0x000000000800c9f8       0xdc ./Middlewares/Third_Party/FreeRTOS/Source/tasks.o
                0x000000000800c9f8                xTaskPriorityDisinherit
 .text.prvAddCurrentTaskToDelayedList
                0x000000000800cad4       0xa8 ./Middlewares/Third_Party/FreeRTOS/Source/tasks.o
 .text.xTimerCreateTimerTask
                0x000000000800cb7c       0x90 ./Middlewares/Third_Party/FreeRTOS/Source/timers.o
                0x000000000800cb7c                xTimerCreateTimerTask
 .text.xTimerGenericCommand
                0x000000000800cc0c       0x9c ./Middlewares/Third_Party/FreeRTOS/Source/timers.o
                0x000000000800cc0c                xTimerGenericCommand
 .text.prvProcessExpiredTimer
                0x000000000800cca8       0x98 ./Middlewares/Third_Party/FreeRTOS/Source/timers.o
 .text.prvTimerTask
                0x000000000800cd40       0x24 ./Middlewares/Third_Party/FreeRTOS/Source/timers.o
 .text.prvProcessTimerOrBlockTask
                0x000000000800cd64       0x9c ./Middlewares/Third_Party/FreeRTOS/Source/timers.o
 .text.prvGetNextExpireTime
                0x000000000800ce00       0x48 ./Middlewares/Third_Party/FreeRTOS/Source/timers.o
 .text.prvSampleTimeNow
                0x000000000800ce48       0x40 ./Middlewares/Third_Party/FreeRTOS/Source/timers.o
 .text.prvInsertTimerInActiveList
                0x000000000800ce88       0x84 ./Middlewares/Third_Party/FreeRTOS/Source/timers.o
 .text.prvProcessReceivedCommands
                0x000000000800cf0c      0x1c4 ./Middlewares/Third_Party/FreeRTOS/Source/timers.o
 .text.prvSwitchTimerLists
                0x000000000800d0d0       0xc8 ./Middlewares/Third_Party/FreeRTOS/Source/timers.o
 .text.prvCheckForValidListAndQueue
                0x000000000800d198       0x80 ./Middlewares/Third_Party/FreeRTOS/Source/timers.o
 .text.pxPortInitialiseStack
                0x000000000800d218       0x68 ./Middlewares/Third_Party/FreeRTOS/Source/portable/GCC/ARM_CM4F/port.o
                0x000000000800d218                pxPortInitialiseStack
 .text.prvTaskExitError
                0x000000000800d280       0x58 ./Middlewares/Third_Party/FreeRTOS/Source/portable/GCC/ARM_CM4F/port.o
 *fill*         0x000000000800d2d8        0x8 
 .text.SVC_Handler
                0x000000000800d2e0       0x28 ./Middlewares/Third_Party/FreeRTOS/Source/portable/GCC/ARM_CM4F/port.o
                0x000000000800d2e0                SVC_Handler
 .text.prvPortStartFirstTask
                0x000000000800d308       0x28 ./Middlewares/Third_Party/FreeRTOS/Source/portable/GCC/ARM_CM4F/port.o
 .text.xPortStartScheduler
                0x000000000800d330      0x144 ./Middlewares/Third_Party/FreeRTOS/Source/portable/GCC/ARM_CM4F/port.o
                0x000000000800d330                xPortStartScheduler
 .text.vPortEnterCritical
                0x000000000800d474       0x60 ./Middlewares/Third_Party/FreeRTOS/Source/portable/GCC/ARM_CM4F/port.o
                0x000000000800d474                vPortEnterCritical
 .text.vPortExitCritical
                0x000000000800d4d4       0x54 ./Middlewares/Third_Party/FreeRTOS/Source/portable/GCC/ARM_CM4F/port.o
                0x000000000800d4d4                vPortExitCritical
 *fill*         0x000000000800d528        0x8 
 .text.PendSV_Handler
                0x000000000800d530       0x68 ./Middlewares/Third_Party/FreeRTOS/Source/portable/GCC/ARM_CM4F/port.o
                0x000000000800d530                PendSV_Handler
 .text.xPortSysTickHandler
                0x000000000800d598       0x44 ./Middlewares/Third_Party/FreeRTOS/Source/portable/GCC/ARM_CM4F/port.o
                0x000000000800d598                xPortSysTickHandler
 .text.vPortSetupTimerInterrupt
                0x000000000800d5dc       0x48 ./Middlewares/Third_Party/FreeRTOS/Source/portable/GCC/ARM_CM4F/port.o
                0x000000000800d5dc                vPortSetupTimerInterrupt
 .text.vPortEnableVFP
                0x000000000800d624       0x14 ./Middlewares/Third_Party/FreeRTOS/Source/portable/GCC/ARM_CM4F/port.o
 .text.vPortValidateInterruptPriority
                0x000000000800d638       0x80 ./Middlewares/Third_Party/FreeRTOS/Source/portable/GCC/ARM_CM4F/port.o
                0x000000000800d638                vPortValidateInterruptPriority
 .text.pvPortMalloc
                0x000000000800d6b8      0x198 ./Middlewares/Third_Party/FreeRTOS/Source/portable/MemMang/heap_4.o
                0x000000000800d6b8                pvPortMalloc
 .text.vPortFree
                0x000000000800d850       0xc4 ./Middlewares/Third_Party/FreeRTOS/Source/portable/MemMang/heap_4.o
                0x000000000800d850                vPortFree
 .text.prvHeapInit
                0x000000000800d914       0xc4 ./Middlewares/Third_Party/FreeRTOS/Source/portable/MemMang/heap_4.o
 .text.prvInsertBlockIntoFreeList
                0x000000000800d9d8       0xb4 ./Middlewares/Third_Party/FreeRTOS/Source/portable/MemMang/heap_4.o
 .text._ICM20948_SelectUserBank
                0x000000000800da8c       0x58 ./PeripheralDriver/Src/ICM20948.o
                0x000000000800da8c                _ICM20948_SelectUserBank
 .text._ICM20948_WriteByte
                0x000000000800dae4       0x5a ./PeripheralDriver/Src/ICM20948.o
                0x000000000800dae4                _ICM20948_WriteByte
 .text.ICM20948_init
                0x000000000800db3e       0xbe ./PeripheralDriver/Src/ICM20948.o
                0x000000000800db3e                ICM20948_init
 .text.OLED_Refresh_Gram
                0x000000000800dbfc       0x70 ./PeripheralDriver/Src/oled.o
                0x000000000800dbfc                OLED_Refresh_Gram
 .text.OLED_WR_Byte
                0x000000000800dc6c       0x94 ./PeripheralDriver/Src/oled.o
                0x000000000800dc6c                OLED_WR_Byte
 .text.OLED_Clear
                0x000000000800dd00       0x4c ./PeripheralDriver/Src/oled.o
                0x000000000800dd00                OLED_Clear
 .text.OLED_Init
                0x000000000800dd4c      0x118 ./PeripheralDriver/Src/oled.o
                0x000000000800dd4c                OLED_Init
 .text.snprintf
                0x000000000800de64       0x68 D:/UsefulSoftware/STM32CubeIDE_1.13.1/STM32CubeIDE/plugins/com.st.stm32cube.ide.mcu.externaltools.gnu-tools-for-stm32.11.3.rel1.win32_1.1.0.202305231506/tools/bin/../lib/gcc/arm-none-eabi/11.3.1/../../../../arm-none-eabi/lib/thumb/v7e-m+fp/hard\libc_nano.a(libc_a-snprintf.o)
                0x000000000800de64                sniprintf
                0x000000000800de64                snprintf
 .text.memset   0x000000000800decc       0x10 D:/UsefulSoftware/STM32CubeIDE_1.13.1/STM32CubeIDE/plugins/com.st.stm32cube.ide.mcu.externaltools.gnu-tools-for-stm32.11.3.rel1.win32_1.1.0.202305231506/tools/bin/../lib/gcc/arm-none-eabi/11.3.1/../../../../arm-none-eabi/lib/thumb/v7e-m+fp/hard\libc_nano.a(libc_a-memset.o)
                0x000000000800decc                memset
 .text.__errno  0x000000000800dedc        0xc D:/UsefulSoftware/STM32CubeIDE_1.13.1/STM32CubeIDE/plugins/com.st.stm32cube.ide.mcu.externaltools.gnu-tools-for-stm32.11.3.rel1.win32_1.1.0.202305231506/tools/bin/../lib/gcc/arm-none-eabi/11.3.1/../../../../arm-none-eabi/lib/thumb/v7e-m+fp/hard\libc_nano.a(libc_a-errno.o)
                0x000000000800dedc                __errno
 .text.__libc_init_array
                0x000000000800dee8       0x48 D:/UsefulSoftware/STM32CubeIDE_1.13.1/STM32CubeIDE/plugins/com.st.stm32cube.ide.mcu.externaltools.gnu-tools-for-stm32.11.3.rel1.win32_1.1.0.202305231506/tools/bin/../lib/gcc/arm-none-eabi/11.3.1/../../../../arm-none-eabi/lib/thumb/v7e-m+fp/hard\libc_nano.a(libc_a-init.o)
                0x000000000800dee8                __libc_init_array
 .text.__retarget_lock_acquire_recursive
                0x000000000800df30        0x2 D:/UsefulSoftware/STM32CubeIDE_1.13.1/STM32CubeIDE/plugins/com.st.stm32cube.ide.mcu.externaltools.gnu-tools-for-stm32.11.3.rel1.win32_1.1.0.202305231506/tools/bin/../lib/gcc/arm-none-eabi/11.3.1/../../../../arm-none-eabi/lib/thumb/v7e-m+fp/hard\libc_nano.a(libc_a-lock.o)
                0x000000000800df30                __retarget_lock_acquire_recursive
 .text.__retarget_lock_release_recursive
                0x000000000800df32        0x2 D:/UsefulSoftware/STM32CubeIDE_1.13.1/STM32CubeIDE/plugins/com.st.stm32cube.ide.mcu.externaltools.gnu-tools-for-stm32.11.3.rel1.win32_1.1.0.202305231506/tools/bin/../lib/gcc/arm-none-eabi/11.3.1/../../../../arm-none-eabi/lib/thumb/v7e-m+fp/hard\libc_nano.a(libc_a-lock.o)
                0x000000000800df32                __retarget_lock_release_recursive
 .text.memcpy   0x000000000800df34       0x1c D:/UsefulSoftware/STM32CubeIDE_1.13.1/STM32CubeIDE/plugins/com.st.stm32cube.ide.mcu.externaltools.gnu-tools-for-stm32.11.3.rel1.win32_1.1.0.202305231506/tools/bin/../lib/gcc/arm-none-eabi/11.3.1/../../../../arm-none-eabi/lib/thumb/v7e-m+fp/hard\libc_nano.a(libc_a-memcpy-stub.o)
                0x000000000800df34                memcpy
 .text._free_r  0x000000000800df50       0x98 D:/UsefulSoftware/STM32CubeIDE_1.13.1/STM32CubeIDE/plugins/com.st.stm32cube.ide.mcu.externaltools.gnu-tools-for-stm32.11.3.rel1.win32_1.1.0.202305231506/tools/bin/../lib/gcc/arm-none-eabi/11.3.1/../../../../arm-none-eabi/lib/thumb/v7e-m+fp/hard\libc_nano.a(libc_a-freer.o)
                0x000000000800df50                _free_r
 .text.sbrk_aligned
                0x000000000800dfe8       0x40 D:/UsefulSoftware/STM32CubeIDE_1.13.1/STM32CubeIDE/plugins/com.st.stm32cube.ide.mcu.externaltools.gnu-tools-for-stm32.11.3.rel1.win32_1.1.0.202305231506/tools/bin/../lib/gcc/arm-none-eabi/11.3.1/../../../../arm-none-eabi/lib/thumb/v7e-m+fp/hard\libc_nano.a(libc_a-mallocr.o)
 .text._malloc_r
                0x000000000800e028      0x100 D:/UsefulSoftware/STM32CubeIDE_1.13.1/STM32CubeIDE/plugins/com.st.stm32cube.ide.mcu.externaltools.gnu-tools-for-stm32.11.3.rel1.win32_1.1.0.202305231506/tools/bin/../lib/gcc/arm-none-eabi/11.3.1/../../../../arm-none-eabi/lib/thumb/v7e-m+fp/hard\libc_nano.a(libc_a-mallocr.o)
                0x000000000800e028                _malloc_r
 .text.__malloc_lock
                0x000000000800e128        0xc D:/UsefulSoftware/STM32CubeIDE_1.13.1/STM32CubeIDE/plugins/com.st.stm32cube.ide.mcu.externaltools.gnu-tools-for-stm32.11.3.rel1.win32_1.1.0.202305231506/tools/bin/../lib/gcc/arm-none-eabi/11.3.1/../../../../arm-none-eabi/lib/thumb/v7e-m+fp/hard\libc_nano.a(libc_a-mlock.o)
                0x000000000800e128                __malloc_lock
 .text.__malloc_unlock
                0x000000000800e134        0xc D:/UsefulSoftware/STM32CubeIDE_1.13.1/STM32CubeIDE/plugins/com.st.stm32cube.ide.mcu.externaltools.gnu-tools-for-stm32.11.3.rel1.win32_1.1.0.202305231506/tools/bin/../lib/gcc/arm-none-eabi/11.3.1/../../../../arm-none-eabi/lib/thumb/v7e-m+fp/hard\libc_nano.a(libc_a-mlock.o)
                0x000000000800e134                __malloc_unlock
 .text.__ssputs_r
                0x000000000800e140       0xb4 D:/UsefulSoftware/STM32CubeIDE_1.13.1/STM32CubeIDE/plugins/com.st.stm32cube.ide.mcu.externaltools.gnu-tools-for-stm32.11.3.rel1.win32_1.1.0.202305231506/tools/bin/../lib/gcc/arm-none-eabi/11.3.1/../../../../arm-none-eabi/lib/thumb/v7e-m+fp/hard\libc_nano.a(libc_a-nano-svfprintf.o)
                0x000000000800e140                __ssputs_r
 .text._svfprintf_r
                0x000000000800e1f4      0x1fc D:/UsefulSoftware/STM32CubeIDE_1.13.1/STM32CubeIDE/plugins/com.st.stm32cube.ide.mcu.externaltools.gnu-tools-for-stm32.11.3.rel1.win32_1.1.0.202305231506/tools/bin/../lib/gcc/arm-none-eabi/11.3.1/../../../../arm-none-eabi/lib/thumb/v7e-m+fp/hard\libc_nano.a(libc_a-nano-svfprintf.o)
                0x000000000800e1f4                _svfiprintf_r
                0x000000000800e1f4                _svfprintf_r
 .text._printf_common
                0x000000000800e3f0       0xda D:/UsefulSoftware/STM32CubeIDE_1.13.1/STM32CubeIDE/plugins/com.st.stm32cube.ide.mcu.externaltools.gnu-tools-for-stm32.11.3.rel1.win32_1.1.0.202305231506/tools/bin/../lib/gcc/arm-none-eabi/11.3.1/../../../../arm-none-eabi/lib/thumb/v7e-m+fp/hard\libc_nano.a(libc_a-nano-vfprintf_i.o)
                0x000000000800e3f0                _printf_common
 *fill*         0x000000000800e4ca        0x2 
 .text._printf_i
                0x000000000800e4cc      0x244 D:/UsefulSoftware/STM32CubeIDE_1.13.1/STM32CubeIDE/plugins/com.st.stm32cube.ide.mcu.externaltools.gnu-tools-for-stm32.11.3.rel1.win32_1.1.0.202305231506/tools/bin/../lib/gcc/arm-none-eabi/11.3.1/../../../../arm-none-eabi/lib/thumb/v7e-m+fp/hard\libc_nano.a(libc_a-nano-vfprintf_i.o)
                0x000000000800e4cc                _printf_i
 .text.memmove  0x000000000800e710       0x34 D:/UsefulSoftware/STM32CubeIDE_1.13.1/STM32CubeIDE/plugins/com.st.stm32cube.ide.mcu.externaltools.gnu-tools-for-stm32.11.3.rel1.win32_1.1.0.202305231506/tools/bin/../lib/gcc/arm-none-eabi/11.3.1/../../../../arm-none-eabi/lib/thumb/v7e-m+fp/hard\libc_nano.a(libc_a-memmove.o)
                0x000000000800e710                memmove
 .text._sbrk_r  0x000000000800e744       0x20 D:/UsefulSoftware/STM32CubeIDE_1.13.1/STM32CubeIDE/plugins/com.st.stm32cube.ide.mcu.externaltools.gnu-tools-for-stm32.11.3.rel1.win32_1.1.0.202305231506/tools/bin/../lib/gcc/arm-none-eabi/11.3.1/../../../../arm-none-eabi/lib/thumb/v7e-m+fp/hard\libc_nano.a(libc_a-sbrkr.o)
                0x000000000800e744                _sbrk_r
 .text._realloc_r
                0x000000000800e764       0x5e D:/UsefulSoftware/STM32CubeIDE_1.13.1/STM32CubeIDE/plugins/com.st.stm32cube.ide.mcu.externaltools.gnu-tools-for-stm32.11.3.rel1.win32_1.1.0.202305231506/tools/bin/../lib/gcc/arm-none-eabi/11.3.1/../../../../arm-none-eabi/lib/thumb/v7e-m+fp/hard\libc_nano.a(libc_a-reallocr.o)
                0x000000000800e764                _realloc_r
 .text._malloc_usable_size_r
                0x000000000800e7c2       0x10 D:/UsefulSoftware/STM32CubeIDE_1.13.1/STM32CubeIDE/plugins/com.st.stm32cube.ide.mcu.externaltools.gnu-tools-for-stm32.11.3.rel1.win32_1.1.0.202305231506/tools/bin/../lib/gcc/arm-none-eabi/11.3.1/../../../../arm-none-eabi/lib/thumb/v7e-m+fp/hard\libc_nano.a(libc_a-msizer.o)
                0x000000000800e7c2                _malloc_usable_size_r
 *(.glue_7)
 .glue_7        0x000000000800e7d2        0x0 linker stubs
 *(.glue_7t)
 .glue_7t       0x000000000800e7d2        0x0 linker stubs
 *(.eh_frame)
 *fill*         0x000000000800e7d2        0x2 
 .eh_frame      0x000000000800e7d4        0x0 D:/UsefulSoftware/STM32CubeIDE_1.13.1/STM32CubeIDE/plugins/com.st.stm32cube.ide.mcu.externaltools.gnu-tools-for-stm32.11.3.rel1.win32_1.1.0.202305231506/tools/bin/../lib/gcc/arm-none-eabi/11.3.1/thumb/v7e-m+fp/hard/crtbegin.o
 *(.init)
 .init          0x000000000800e7d4        0x4 D:/UsefulSoftware/STM32CubeIDE_1.13.1/STM32CubeIDE/plugins/com.st.stm32cube.ide.mcu.externaltools.gnu-tools-for-stm32.11.3.rel1.win32_1.1.0.202305231506/tools/bin/../lib/gcc/arm-none-eabi/11.3.1/thumb/v7e-m+fp/hard/crti.o
                0x000000000800e7d4                _init
 .init          0x000000000800e7d8        0x8 D:/UsefulSoftware/STM32CubeIDE_1.13.1/STM32CubeIDE/plugins/com.st.stm32cube.ide.mcu.externaltools.gnu-tools-for-stm32.11.3.rel1.win32_1.1.0.202305231506/tools/bin/../lib/gcc/arm-none-eabi/11.3.1/thumb/v7e-m+fp/hard/crtn.o
 *(.fini)
 .fini          0x000000000800e7e0        0x4 D:/UsefulSoftware/STM32CubeIDE_1.13.1/STM32CubeIDE/plugins/com.st.stm32cube.ide.mcu.externaltools.gnu-tools-for-stm32.11.3.rel1.win32_1.1.0.202305231506/tools/bin/../lib/gcc/arm-none-eabi/11.3.1/thumb/v7e-m+fp/hard/crti.o
                0x000000000800e7e0                _fini
 .fini          0x000000000800e7e4        0x8 D:/UsefulSoftware/STM32CubeIDE_1.13.1/STM32CubeIDE/plugins/com.st.stm32cube.ide.mcu.externaltools.gnu-tools-for-stm32.11.3.rel1.win32_1.1.0.202305231506/tools/bin/../lib/gcc/arm-none-eabi/11.3.1/thumb/v7e-m+fp/hard/crtn.o
                0x000000000800e7ec                . = ALIGN (0x4)
                0x000000000800e7ec                _etext = .

.vfp11_veneer   0x000000000800e7ec        0x0
 .vfp11_veneer  0x000000000800e7ec        0x0 linker stubs

.v4_bx          0x000000000800e7ec        0x0
 .v4_bx         0x000000000800e7ec        0x0 linker stubs

.iplt           0x000000000800e7ec        0x0
 .iplt          0x000000000800e7ec        0x0 D:/UsefulSoftware/STM32CubeIDE_1.13.1/STM32CubeIDE/plugins/com.st.stm32cube.ide.mcu.externaltools.gnu-tools-for-stm32.11.3.rel1.win32_1.1.0.202305231506/tools/bin/../lib/gcc/arm-none-eabi/11.3.1/thumb/v7e-m+fp/hard/crtbegin.o

.rodata         0x000000000800e7ec      0x200
                0x000000000800e7ec                . = ALIGN (0x4)
 *(.rodata)
 .rodata        0x000000000800e7ec      0x14c ./Core/Src/main.o
 .rodata        0x000000000800e938        0x5 ./Middlewares/Third_Party/FreeRTOS/Source/tasks.o
 *fill*         0x000000000800e93d        0x3 
 .rodata        0x000000000800e940        0xd ./Middlewares/Third_Party/FreeRTOS/Source/timers.o
 *(.rodata*)
 *fill*         0x000000000800e94d        0x3 
 .rodata.ultrasonicTask_attributes
                0x000000000800e950       0x24 ./Core/Src/main.o
                0x000000000800e950                ultrasonicTask_attributes
 .rodata.FastestTask_attributes
                0x000000000800e974       0x24 ./Core/Src/main.o
                0x000000000800e974                FastestTask_attributes
 .rodata.AHBPrescTable
                0x000000000800e998       0x10 ./Core/Src/system_stm32f4xx.o
                0x000000000800e998                AHBPrescTable
 .rodata.APBPrescTable
                0x000000000800e9a8        0x8 ./Core/Src/system_stm32f4xx.o
                0x000000000800e9a8                APBPrescTable
 .rodata.flagBitshiftOffset.0
                0x000000000800e9b0        0x8 ./Drivers/STM32F4xx_HAL_Driver/Src/stm32f4xx_hal_dma.o
 .rodata._svfprintf_r.str1.1
                0x000000000800e9b8       0x11 D:/UsefulSoftware/STM32CubeIDE_1.13.1/STM32CubeIDE/plugins/com.st.stm32cube.ide.mcu.externaltools.gnu-tools-for-stm32.11.3.rel1.win32_1.1.0.202305231506/tools/bin/../lib/gcc/arm-none-eabi/11.3.1/../../../../arm-none-eabi/lib/thumb/v7e-m+fp/hard\libc_nano.a(libc_a-nano-svfprintf.o)
 .rodata._printf_i.str1.1
                0x000000000800e9c9       0x22 D:/UsefulSoftware/STM32CubeIDE_1.13.1/STM32CubeIDE/plugins/com.st.stm32cube.ide.mcu.externaltools.gnu-tools-for-stm32.11.3.rel1.win32_1.1.0.202305231506/tools/bin/../lib/gcc/arm-none-eabi/11.3.1/../../../../arm-none-eabi/lib/thumb/v7e-m+fp/hard\libc_nano.a(libc_a-nano-vfprintf_i.o)
                0x000000000800e9ec                . = ALIGN (0x4)
 *fill*         0x000000000800e9eb        0x1 

.ARM.extab      0x000000000800e9ec        0x0
                0x000000000800e9ec                . = ALIGN (0x4)
 *(.ARM.extab* .gnu.linkonce.armextab.*)
                0x000000000800e9ec                . = ALIGN (0x4)

.ARM            0x000000000800e9ec        0x8
                0x000000000800e9ec                . = ALIGN (0x4)
                0x000000000800e9ec                __exidx_start = .
 *(.ARM.exidx*)
 .ARM.exidx     0x000000000800e9ec        0x8 D:/UsefulSoftware/STM32CubeIDE_1.13.1/STM32CubeIDE/plugins/com.st.stm32cube.ide.mcu.externaltools.gnu-tools-for-stm32.11.3.rel1.win32_1.1.0.202305231506/tools/bin/../lib/gcc/arm-none-eabi/11.3.1/thumb/v7e-m+fp/hard\libgcc.a(_udivmoddi4.o)
                0x000000000800e9f4                __exidx_end = .
                0x000000000800e9f4                . = ALIGN (0x4)

.rel.dyn        0x000000000800e9f4        0x0
 .rel.iplt      0x000000000800e9f4        0x0 D:/UsefulSoftware/STM32CubeIDE_1.13.1/STM32CubeIDE/plugins/com.st.stm32cube.ide.mcu.externaltools.gnu-tools-for-stm32.11.3.rel1.win32_1.1.0.202305231506/tools/bin/../lib/gcc/arm-none-eabi/11.3.1/thumb/v7e-m+fp/hard/crtbegin.o

.preinit_array  0x000000000800e9f4        0x0
                0x000000000800e9f4                . = ALIGN (0x4)
                0x000000000800e9f4                PROVIDE (__preinit_array_start = .)
 *(.preinit_array*)
                0x000000000800e9f4                PROVIDE (__preinit_array_end = .)
                0x000000000800e9f4                . = ALIGN (0x4)

.init_array     0x000000000800e9f4        0x4
                0x000000000800e9f4                . = ALIGN (0x4)
                0x000000000800e9f4                PROVIDE (__init_array_start = .)
 *(SORT_BY_NAME(.init_array.*))
 *(.init_array*)
 .init_array    0x000000000800e9f4        0x4 D:/UsefulSoftware/STM32CubeIDE_1.13.1/STM32CubeIDE/plugins/com.st.stm32cube.ide.mcu.externaltools.gnu-tools-for-stm32.11.3.rel1.win32_1.1.0.202305231506/tools/bin/../lib/gcc/arm-none-eabi/11.3.1/thumb/v7e-m+fp/hard/crtbegin.o
                0x000000000800e9f8                PROVIDE (__init_array_end = .)
                0x000000000800e9f8                . = ALIGN (0x4)

.fini_array     0x000000000800e9f8        0x4
                0x000000000800e9f8                . = ALIGN (0x4)
                [!provide]                        PROVIDE (__fini_array_start = .)
 *(SORT_BY_NAME(.fini_array.*))
 *(.fini_array*)
 .fini_array    0x000000000800e9f8        0x4 D:/UsefulSoftware/STM32CubeIDE_1.13.1/STM32CubeIDE/plugins/com.st.stm32cube.ide.mcu.externaltools.gnu-tools-for-stm32.11.3.rel1.win32_1.1.0.202305231506/tools/bin/../lib/gcc/arm-none-eabi/11.3.1/thumb/v7e-m+fp/hard/crtbegin.o
                [!provide]                        PROVIDE (__fini_array_end = .)
                0x000000000800e9fc                . = ALIGN (0x4)
                0x000000000800e9fc                _sidata = LOADADDR (.data)

.data           0x0000000020000000       0x6c load address 0x000000000800e9fc
                0x0000000020000000                . = ALIGN (0x4)
                0x0000000020000000                _sdata = .
 *(.data)
 *(.data*)
 .data.speedScale
                0x0000000020000000        0x4 ./Core/Src/main.o
                0x0000000020000000                speedScale
 .data.RX_BUFFER_SIZE
                0x0000000020000004        0x1 ./Core/Src/main.o
                0x0000000020000004                RX_BUFFER_SIZE
 .data.CMD_BUFFER_SIZE
                0x0000000020000005        0x1 ./Core/Src/main.o
                0x0000000020000005                CMD_BUFFER_SIZE
 .data.Distance
                0x0000000020000006        0x1 ./Core/Src/main.o
                0x0000000020000006                Distance
 .data.UD       0x0000000020000007        0x1 ./Core/Src/main.o
                0x0000000020000007                UD
 .data.curTask  0x0000000020000008        0x1 ./Core/Src/main.o
                0x0000000020000008                curTask
 .data.prevTask
                0x0000000020000009        0x1 ./Core/Src/main.o
                0x0000000020000009                prevTask
 .data.moveMode
                0x000000002000000a        0x1 ./Core/Src/main.o
                0x000000002000000a                moveMode
 .data.dir      0x000000002000000b        0x1 ./Core/Src/main.o
                0x000000002000000b                dir
 .data.SystemCoreClock
                0x000000002000000c        0x4 ./Core/Src/system_stm32f4xx.o
                0x000000002000000c                SystemCoreClock
 .data.uwTickPrio
                0x0000000020000010        0x4 ./Drivers/STM32F4xx_HAL_Driver/Src/stm32f4xx_hal.o
                0x0000000020000010                uwTickPrio
 .data.uwTickFreq
                0x0000000020000014        0x1 ./Drivers/STM32F4xx_HAL_Driver/Src/stm32f4xx_hal.o
                0x0000000020000014                uwTickFreq
 *fill*         0x0000000020000015        0x3 
 .data.uxCriticalNesting
                0x0000000020000018        0x4 ./Middlewares/Third_Party/FreeRTOS/Source/portable/GCC/ARM_CM4F/port.o
 .data._impure_data
                0x000000002000001c       0x4c D:/UsefulSoftware/STM32CubeIDE_1.13.1/STM32CubeIDE/plugins/com.st.stm32cube.ide.mcu.externaltools.gnu-tools-for-stm32.11.3.rel1.win32_1.1.0.202305231506/tools/bin/../lib/gcc/arm-none-eabi/11.3.1/../../../../arm-none-eabi/lib/thumb/v7e-m+fp/hard\libc_nano.a(libc_a-impure.o)
                0x000000002000001c                _impure_data
 .data._impure_ptr
                0x0000000020000068        0x4 D:/UsefulSoftware/STM32CubeIDE_1.13.1/STM32CubeIDE/plugins/com.st.stm32cube.ide.mcu.externaltools.gnu-tools-for-stm32.11.3.rel1.win32_1.1.0.202305231506/tools/bin/../lib/gcc/arm-none-eabi/11.3.1/../../../../arm-none-eabi/lib/thumb/v7e-m+fp/hard\libc_nano.a(libc_a-impure.o)
                0x0000000020000068                _impure_ptr
 *(.RamFunc)
 *(.RamFunc*)
                0x000000002000006c                . = ALIGN (0x4)
                0x000000002000006c                _edata = .
                0x000000000800ea68                _siccmram = LOADADDR (.ccmram)

.igot.plt       0x000000002000006c        0x0 load address 0x000000000800ea68
 .igot.plt      0x000000002000006c        0x0 D:/UsefulSoftware/STM32CubeIDE_1.13.1/STM32CubeIDE/plugins/com.st.stm32cube.ide.mcu.externaltools.gnu-tools-for-stm32.11.3.rel1.win32_1.1.0.202305231506/tools/bin/../lib/gcc/arm-none-eabi/11.3.1/thumb/v7e-m+fp/hard/crtbegin.o

.ccmram         0x0000000010000000        0x0 load address 0x000000000800ea68
                0x0000000010000000                . = ALIGN (0x4)
                0x0000000010000000                _sccmram = .
 *(.ccmram)
 *(.ccmram*)
                0x0000000010000000                . = ALIGN (0x4)
                0x0000000010000000                _eccmram = .
                0x0000000010000000                . = ALIGN (0x4)

.bss            0x000000002000006c     0x53dc
                0x000000002000006c                _sbss = .
                0x000000002000006c                __bss_start__ = _sbss
 *(.bss)
 .bss           0x000000002000006c       0x1c D:/UsefulSoftware/STM32CubeIDE_1.13.1/STM32CubeIDE/plugins/com.st.stm32cube.ide.mcu.externaltools.gnu-tools-for-stm32.11.3.rel1.win32_1.1.0.202305231506/tools/bin/../lib/gcc/arm-none-eabi/11.3.1/thumb/v7e-m+fp/hard/crtbegin.o
 *(.bss*)
 .bss.hadc1     0x0000000020000088       0x48 ./Core/Src/main.o
                0x0000000020000088                hadc1
 .bss.hadc2     0x00000000200000d0       0x48 ./Core/Src/main.o
                0x00000000200000d0                hadc2
 .bss.hdma_adc1
                0x0000000020000118       0x60 ./Core/Src/main.o
                0x0000000020000118                hdma_adc1
 .bss.hdma_adc2
                0x0000000020000178       0x60 ./Core/Src/main.o
                0x0000000020000178                hdma_adc2
 .bss.hi2c1     0x00000000200001d8       0x54 ./Core/Src/main.o
                0x00000000200001d8                hi2c1
 .bss.htim1     0x000000002000022c       0x48 ./Core/Src/main.o
                0x000000002000022c                htim1
 .bss.htim2     0x0000000020000274       0x48 ./Core/Src/main.o
                0x0000000020000274                htim2
 .bss.htim3     0x00000000200002bc       0x48 ./Core/Src/main.o
                0x00000000200002bc                htim3
 .bss.htim4     0x0000000020000304       0x48 ./Core/Src/main.o
                0x0000000020000304                htim4
 .bss.htim5     0x000000002000034c       0x48 ./Core/Src/main.o
                0x000000002000034c                htim5
 .bss.htim7     0x0000000020000394       0x48 ./Core/Src/main.o
                0x0000000020000394                htim7
 .bss.htim8     0x00000000200003dc       0x48 ./Core/Src/main.o
                0x00000000200003dc                htim8
 .bss.huart3    0x0000000020000424       0x44 ./Core/Src/main.o
                0x0000000020000424                huart3
 .bss.ultrasonicTaskHandle
                0x0000000020000468        0x4 ./Core/Src/main.o
                0x0000000020000468                ultrasonicTaskHandle
 .bss.FastestTaskHandle
                0x000000002000046c        0x4 ./Core/Src/main.o
                0x000000002000046c                FastestTaskHandle
 .bss.targetAngle
                0x0000000020000470        0x4 ./Core/Src/main.o
                0x0000000020000470                targetAngle
 .bss.angleNow  0x0000000020000474        0x4 ./Core/Src/main.o
                0x0000000020000474                angleNow
 .bss.readGyroZData
                0x0000000020000478        0x2 ./Core/Src/main.o
                0x0000000020000478                readGyroZData
 .bss.gyroZ     0x000000002000047a        0x2 ./Core/Src/main.o
                0x000000002000047a                gyroZ
 .bss.newDutyL  0x000000002000047c        0x2 ./Core/Src/main.o
                0x000000002000047c                newDutyL
 .bss.newDutyR  0x000000002000047e        0x2 ./Core/Src/main.o
                0x000000002000047e                newDutyR
 .bss.last_curTask_tick
                0x0000000020000480        0x4 ./Core/Src/main.o
                0x0000000020000480                last_curTask_tick
 .bss.targetDist1
                0x0000000020000484        0x4 ./Core/Src/main.o
                0x0000000020000484                targetDist1
 .bss.targetDist2
                0x0000000020000488        0x4 ./Core/Src/main.o
                0x0000000020000488                targetDist2
 .bss.targetDist3
                0x000000002000048c        0x4 ./Core/Src/main.o
                0x000000002000048c                targetDist3
 .bss.targetDist4
                0x0000000020000490        0x4 ./Core/Src/main.o
                0x0000000020000490                targetDist4
 .bss.curDistTick
                0x0000000020000494        0x2 ./Core/Src/main.o
                0x0000000020000494                curDistTick
 .bss.targetDistTick
                0x0000000020000496        0x2 ./Core/Src/main.o
                0x0000000020000496                targetDistTick
 .bss.dist_dL   0x0000000020000498        0x2 ./Core/Src/main.o
                0x0000000020000498                dist_dL
 .bss.lastDistTick_L
                0x000000002000049a        0x2 ./Core/Src/main.o
                0x000000002000049a                lastDistTick_L
 .bss.aRxBuffer
                0x000000002000049c        0x4 ./Core/Src/main.o
                0x000000002000049c                aRxBuffer
 .bss.cQueue    0x00000000200004a0       0x34 ./Core/Src/main.o
                0x00000000200004a0                cQueue
 .bss.curCmd    0x00000000200004d4        0x4 ./Core/Src/main.o
                0x00000000200004d4                curCmd
 .bss.rxMsg     0x00000000200004d8       0x10 ./Core/Src/main.o
                0x00000000200004d8                rxMsg
 .bss.manualMode
                0x00000000200004e8        0x1 ./Core/Src/main.o
                0x00000000200004e8                manualMode
 *fill*         0x00000000200004e9        0x3 
 .bss.pidSlow   0x00000000200004ec       0x14 ./Core/Src/main.o
                0x00000000200004ec                pidSlow
 .bss.pidTSlow  0x0000000020000500       0x14 ./Core/Src/main.o
                0x0000000020000500                pidTSlow
 .bss.pidFast   0x0000000020000514       0x14 ./Core/Src/main.o
                0x0000000020000514                pidFast
 .bss.pidFast_b
                0x0000000020000528       0x14 ./Core/Src/main.o
                0x0000000020000528                pidFast_b
 .bss.Echo_Val1
                0x000000002000053c        0x4 ./Core/Src/main.o
                0x000000002000053c                Echo_Val1
 .bss.Echo_Val2
                0x0000000020000540        0x4 ./Core/Src/main.o
                0x0000000020000540                Echo_Val2
 .bss.Difference
                0x0000000020000544        0x4 ./Core/Src/main.o
                0x0000000020000544                Difference
 .bss.Is_First_Captured
                0x0000000020000548        0x1 ./Core/Src/main.o
                0x0000000020000548                Is_First_Captured
 *fill*         0x0000000020000549        0x1 
 .bss.obsTick_IR
                0x000000002000054a        0x2 ./Core/Src/main.o
                0x000000002000054a                obsTick_IR
 .bss.obsDist_IR
                0x000000002000054c        0x4 ./Core/Src/main.o
                0x000000002000054c                obsDist_IR
 .bss.dataPoint
                0x0000000020000550        0x2 ./Core/Src/main.o
                0x0000000020000550                dataPoint
 *fill*         0x0000000020000552        0x2 
 .bss.IR_data_raw_acc
                0x0000000020000554        0x4 ./Core/Src/main.o
                0x0000000020000554                IR_data_raw_acc
 .bss.totalDistance
                0x0000000020000558        0x4 ./Core/Src/main.o
                0x0000000020000558                totalDistance
 .bss.correction
                0x000000002000055c        0x4 ./Core/Src/main.o
                0x000000002000055c                correction
 .bss.htim6     0x0000000020000560       0x48 ./Core/Src/stm32f4xx_hal_timebase_tim.o
                0x0000000020000560                htim6
 .bss.__sbrk_heap_end
                0x00000000200005a8        0x4 ./Core/Src/sysmem.o
 .bss.uwTick    0x00000000200005ac        0x4 ./Drivers/STM32F4xx_HAL_Driver/Src/stm32f4xx_hal.o
                0x00000000200005ac                uwTick
 .bss.KernelState
                0x00000000200005b0        0x4 ./Middlewares/Third_Party/FreeRTOS/Source/CMSIS_RTOS_V2/cmsis_os2.o
 .bss.Idle_TCB.3
                0x00000000200005b4       0x5c ./Middlewares/Third_Party/FreeRTOS/Source/CMSIS_RTOS_V2/cmsis_os2.o
 .bss.Idle_Stack.2
                0x0000000020000610      0x200 ./Middlewares/Third_Party/FreeRTOS/Source/CMSIS_RTOS_V2/cmsis_os2.o
 .bss.Timer_TCB.1
                0x0000000020000810       0x5c ./Middlewares/Third_Party/FreeRTOS/Source/CMSIS_RTOS_V2/cmsis_os2.o
 .bss.Timer_Stack.0
                0x000000002000086c      0x400 ./Middlewares/Third_Party/FreeRTOS/Source/CMSIS_RTOS_V2/cmsis_os2.o
 .bss.xQueueRegistry
                0x0000000020000c6c       0x40 ./Middlewares/Third_Party/FreeRTOS/Source/queue.o
                0x0000000020000c6c                xQueueRegistry
 .bss.pxCurrentTCB
                0x0000000020000cac        0x4 ./Middlewares/Third_Party/FreeRTOS/Source/tasks.o
                0x0000000020000cac                pxCurrentTCB
 .bss.pxReadyTasksLists
                0x0000000020000cb0      0x460 ./Middlewares/Third_Party/FreeRTOS/Source/tasks.o
 .bss.xDelayedTaskList1
                0x0000000020001110       0x14 ./Middlewares/Third_Party/FreeRTOS/Source/tasks.o
 .bss.xDelayedTaskList2
                0x0000000020001124       0x14 ./Middlewares/Third_Party/FreeRTOS/Source/tasks.o
 .bss.pxDelayedTaskList
                0x0000000020001138        0x4 ./Middlewares/Third_Party/FreeRTOS/Source/tasks.o
 .bss.pxOverflowDelayedTaskList
                0x000000002000113c        0x4 ./Middlewares/Third_Party/FreeRTOS/Source/tasks.o
 .bss.xPendingReadyList
                0x0000000020001140       0x14 ./Middlewares/Third_Party/FreeRTOS/Source/tasks.o
 .bss.xTasksWaitingTermination
                0x0000000020001154       0x14 ./Middlewares/Third_Party/FreeRTOS/Source/tasks.o
 .bss.uxDeletedTasksWaitingCleanUp
                0x0000000020001168        0x4 ./Middlewares/Third_Party/FreeRTOS/Source/tasks.o
 .bss.xSuspendedTaskList
                0x000000002000116c       0x14 ./Middlewares/Third_Party/FreeRTOS/Source/tasks.o
 .bss.uxCurrentNumberOfTasks
                0x0000000020001180        0x4 ./Middlewares/Third_Party/FreeRTOS/Source/tasks.o
 .bss.xTickCount
                0x0000000020001184        0x4 ./Middlewares/Third_Party/FreeRTOS/Source/tasks.o
 .bss.uxTopReadyPriority
                0x0000000020001188        0x4 ./Middlewares/Third_Party/FreeRTOS/Source/tasks.o
 .bss.xSchedulerRunning
                0x000000002000118c        0x4 ./Middlewares/Third_Party/FreeRTOS/Source/tasks.o
 .bss.xPendedTicks
                0x0000000020001190        0x4 ./Middlewares/Third_Party/FreeRTOS/Source/tasks.o
 .bss.xYieldPending
                0x0000000020001194        0x4 ./Middlewares/Third_Party/FreeRTOS/Source/tasks.o
 .bss.xNumOfOverflows
                0x0000000020001198        0x4 ./Middlewares/Third_Party/FreeRTOS/Source/tasks.o
 .bss.uxTaskNumber
                0x000000002000119c        0x4 ./Middlewares/Third_Party/FreeRTOS/Source/tasks.o
 .bss.xNextTaskUnblockTime
                0x00000000200011a0        0x4 ./Middlewares/Third_Party/FreeRTOS/Source/tasks.o
 .bss.xIdleTaskHandle
                0x00000000200011a4        0x4 ./Middlewares/Third_Party/FreeRTOS/Source/tasks.o
 .bss.uxSchedulerSuspended
                0x00000000200011a8        0x4 ./Middlewares/Third_Party/FreeRTOS/Source/tasks.o
 .bss.xActiveTimerList1
                0x00000000200011ac       0x14 ./Middlewares/Third_Party/FreeRTOS/Source/timers.o
 .bss.xActiveTimerList2
                0x00000000200011c0       0x14 ./Middlewares/Third_Party/FreeRTOS/Source/timers.o
 .bss.pxCurrentTimerList
                0x00000000200011d4        0x4 ./Middlewares/Third_Party/FreeRTOS/Source/timers.o
 .bss.pxOverflowTimerList
                0x00000000200011d8        0x4 ./Middlewares/Third_Party/FreeRTOS/Source/timers.o
 .bss.xTimerQueue
                0x00000000200011dc        0x4 ./Middlewares/Third_Party/FreeRTOS/Source/timers.o
 .bss.xTimerTaskHandle
                0x00000000200011e0        0x4 ./Middlewares/Third_Party/FreeRTOS/Source/timers.o
 .bss.xLastTime.2
                0x00000000200011e4        0x4 ./Middlewares/Third_Party/FreeRTOS/Source/timers.o
 .bss.ucStaticTimerQueueStorage.1
                0x00000000200011e8       0xa0 ./Middlewares/Third_Party/FreeRTOS/Source/timers.o
 .bss.xStaticTimerQueue.0
                0x0000000020001288       0x50 ./Middlewares/Third_Party/FreeRTOS/Source/timers.o
 .bss.ucMaxSysCallPriority
                0x00000000200012d8        0x1 ./Middlewares/Third_Party/FreeRTOS/Source/portable/GCC/ARM_CM4F/port.o
 *fill*         0x00000000200012d9        0x3 
 .bss.ulMaxPRIGROUPValue
                0x00000000200012dc        0x4 ./Middlewares/Third_Party/FreeRTOS/Source/portable/GCC/ARM_CM4F/port.o
 .bss.ucHeap    0x00000000200012e0     0x3c00 ./Middlewares/Third_Party/FreeRTOS/Source/portable/MemMang/heap_4.o
 .bss.xStart    0x0000000020004ee0        0x8 ./Middlewares/Third_Party/FreeRTOS/Source/portable/MemMang/heap_4.o
 .bss.pxEnd     0x0000000020004ee8        0x4 ./Middlewares/Third_Party/FreeRTOS/Source/portable/MemMang/heap_4.o
 .bss.xFreeBytesRemaining
                0x0000000020004eec        0x4 ./Middlewares/Third_Party/FreeRTOS/Source/portable/MemMang/heap_4.o
 .bss.xMinimumEverFreeBytesRemaining
                0x0000000020004ef0        0x4 ./Middlewares/Third_Party/FreeRTOS/Source/portable/MemMang/heap_4.o
 .bss.xNumberOfSuccessfulAllocations
                0x0000000020004ef4        0x4 ./Middlewares/Third_Party/FreeRTOS/Source/portable/MemMang/heap_4.o
 .bss.xNumberOfSuccessfulFrees
                0x0000000020004ef8        0x4 ./Middlewares/Third_Party/FreeRTOS/Source/portable/MemMang/heap_4.o
 .bss.xBlockAllocatedBit
                0x0000000020004efc        0x4 ./Middlewares/Third_Party/FreeRTOS/Source/portable/MemMang/heap_4.o
 .bss.OLED_GRAM
                0x0000000020004f00      0x400 ./PeripheralDriver/Src/oled.o
                0x0000000020004f00                OLED_GRAM
 .bss.__sf      0x0000000020005300      0x138 D:/UsefulSoftware/STM32CubeIDE_1.13.1/STM32CubeIDE/plugins/com.st.stm32cube.ide.mcu.externaltools.gnu-tools-for-stm32.11.3.rel1.win32_1.1.0.202305231506/tools/bin/../lib/gcc/arm-none-eabi/11.3.1/../../../../arm-none-eabi/lib/thumb/v7e-m+fp/hard\libc_nano.a(libc_a-findfp.o)
                0x0000000020005300                __sf
 .bss.errno     0x0000000020005438        0x4 D:/UsefulSoftware/STM32CubeIDE_1.13.1/STM32CubeIDE/plugins/com.st.stm32cube.ide.mcu.externaltools.gnu-tools-for-stm32.11.3.rel1.win32_1.1.0.202305231506/tools/bin/../lib/gcc/arm-none-eabi/11.3.1/../../../../arm-none-eabi/lib/thumb/v7e-m+fp/hard\libc_nano.a(libc_a-reent.o)
                0x0000000020005438                errno
 .bss.__lock___malloc_recursive_mutex