../Core/Src/stm32f4xx_it.c:75:6:NMI_Handler	4	static
../Core/Src/stm32f4xx_it.c:90:6:HardFault_Handler	4	static
../Core/Src/stm32f4xx_it.c:105:6:MemManage_Handler	4	static
../Core/Src/stm32f4xx_it.c:120:6:BusFault_Handler	4	static
../Core/Src/stm32f4xx_it.c:135:6:UsageFault_Handler	4	static
../Core/Src/stm32f4xx_it.c:150:6:DebugMon_Handler	4	static
../Core/Src/stm32f4xx_it.c:170:6:TIM1_UP_TIM10_IRQHandler	8	static
../Core/Src/stm32f4xx_it.c:184:6:TIM3_IRQHandler	8	static
../Core/Src/stm32f4xx_it.c:198:6:USART3_IRQHandler	8	static
../Core/Src/stm32f4xx_it.c:212:6:TIM6_DAC_IRQHandler	8	static
../Core/Src/stm32f4xx_it.c:226:6:DMA2_Stream0_IRQHandler	8	static
../Core/Src/stm32f4xx_it.c:240:6:DMA2_Stream2_IRQHandler	8	static
